../Core/Src/BaseSystem.c:66:16:CRC16	24	static
../Core/Src/BaseSystem.c:81:6:modbus_1t5_Timeout	4	static
../Core/Src/BaseSystem.c:87:6:modbus_3t5_Timeout	16	static
../Core/Src/BaseSystem.c:93:6:modbus_ErrorTimeout	16	static
../Core/Src/BaseSystem.c:99:6:Modbus_init	24	static
../Core/Src/BaseSystem.c:128:6:ModbusErrorReply	16	static
../Core/Src/BaseSystem.c:134:6:modbusRead1Register	16	static
../Core/Src/BaseSystem.c:158:6:Decode_Incoming_Commands	16	static
../Core/Src/BaseSystem.c:194:6:BaseSystem_CheckHeartbeat	4	static
../Core/Src/BaseSystem.c:201:6:modbusWritelRegister	16	static
../Core/Src/BaseSystem.c:275:6:Modbus_frame_response	8	static
../Core/Src/BaseSystem.c:289:6:Modbus_Emission	16	static
../Core/Src/BaseSystem.c:313:6:Modbus_Protocal_Worker	16	static
../Core/Src/BaseSystem.c:434:6:BaseSystem_SendMotionStatus	24	static
../Core/Src/BaseSystem.c:440:6:BaseSystem_SendRobotTask	16	static
../Core/Src/BaseSystem.c:446:6:BaseSystem_SendSensorStatus	24	static
../Core/Src/BaseSystem.c:460:6:HAL_UART_ErrorCallback	16	static
../Core/Src/BaseSystem.c:469:6:HAL_TIM_PeriodElapsedCallback	16	static
