../Core/Src/robot_process.c:34:13:TRAJ_Plan	32	static
../Core/Src/robot_process.c:58:18:Seq_SlotToTarget	32	static
../Core/Src/robot_process.c:79:13:Robot_State_Homing	8	static
../Core/Src/robot_process.c:107:13:Robot_State_Waiting	32	static
../Core/Src/robot_process.c:213:13:Robot_Running_Sequence	40	static
../Core/Src/robot_process.c:350:13:Robot_Running_BaseSystem	80	static
../Core/Src/robot_process.c:553:16:Robot_HandleEmergency	16	static
../Core/Src/robot_process.c:599:16:Robot_HandleSoftStop	16	static
../Core/Src/robot_process.c:617:13:Robot_UpdateTrustMode	16	static
../Core/Src/robot_process.c:627:16:Robot_HandleHomeIntercept	16	static
../Core/Src/robot_process.c:650:13:Robot_HandleGripper	8	static
../Core/Src/robot_process.c:707:13:Robot_HandleColorHold	16	static
../Core/Src/robot_process.c:736:13:Robot_HandleBlackReset	4	static
../Core/Src/robot_process.c:750:6:Robot_State_Process	8	static
