../Core/Src/LAB_Manager.c:165:6:LAB_Init	16	static
../Core/Src/LAB_Manager.c:195:13:LAB_HandleReset	8	static
../Core/Src/LAB_Manager.c:232:13:LAB_HandleTrigger	24	static
../Core/Src/LAB_Manager.c:279:6:LAB_MainLoop	16	static
../Core/Src/LAB_Manager.c:299:13:LAB_BuildTxPacket	96	static
../Core/Src/LAB_Manager.c:381:13:LAB1_Run	8	static
../Core/Src/LAB_Manager.c:393:13:LAB2_Run	8	static
../Core/Src/LAB_Manager.c:427:13:LAB3_HoldPosition	16	static
../Core/Src/LAB_Manager.c:499:13:LAB3_Run	40	static
../Core/Src/LAB_Manager.c:603:13:LAB5_Process	8	static,ignoring_inline_asm
../Core/Src/LAB_Manager.c:707:13:LAB4_Run	8	static
../Core/Src/LAB_Manager.c:736:6:Robot_Period_Control_Loop	16	static
../Core/Src/LAB_Manager.c:768:6:HAL_GPIO_EXTI_Callback	16	static
