../Core/Src/main.c:70:5:main	8	static
../Core/Src/main.c:120:6:SystemClock_Config	88	static
../Core/Src/main.c:167:13:MX_TIM1_Init	56	static
../Core/Src/main.c:227:13:MX_TIM2_Init	40	static
../Core/Src/main.c:272:13:MX_TIM3_Init	40	static
../Core/Src/main.c:317:13:MX_GPIO_Init	48	static
../Core/Src/main.c:364:6:delay	4	static
../Core/Src/main.c:372:6:HAL_TIM_PeriodElapsedCallback	16	static
../Core/Src/main.c:381:7:HAL_TIM_IC_CaptureCallback	16	static
../Core/Src/main.c:404:6:Error_Handler	4	static,ignoring_inline_asm
