../Core/Src/BaseSystem.c:66:16:CRC16	16	static
../Core/Src/BaseSystem.c:81:6:modbus_1t5_Timeout	0	static
../Core/Src/BaseSystem.c:87:6:modbus_3t5_Timeout	0	static
../Core/Src/BaseSystem.c:93:6:modbus_ErrorTimeout	8	static
../Core/Src/BaseSystem.c:99:6:Modbus_init	16	static
../Core/Src/BaseSystem.c:128:6:ModbusErrorReply	0	static
../Core/Src/BaseSystem.c:134:6:modbusRead1Register	8	static
../Core/Src/BaseSystem.c:158:6:Decode_Incoming_Commands	12	static
../Core/Src/BaseSystem.c:190:6:BaseSystem_CheckHeartbeat	0	static
../Core/Src/BaseSystem.c:197:6:modbusWritelRegister	16	static
../Core/Src/BaseSystem.c:218:6:Modbus_frame_response	0	static
../Core/Src/BaseSystem.c:232:6:Modbus_Emission	24	static
../Core/Src/BaseSystem.c:256:6:Modbus_Protocal_Worker	16	static
../Core/Src/BaseSystem.c:354:6:BaseSystem_SendMotionStatus	0	static
../Core/Src/BaseSystem.c:360:6:BaseSystem_SendRobotTask	0	static
../Core/Src/BaseSystem.c:366:6:BaseSystem_SendSensorStatus	0	static
../Core/Src/BaseSystem.c:380:6:HAL_UART_ErrorCallback	8	static
../Core/Src/BaseSystem.c:389:6:HAL_TIM_PeriodElapsedCallback	0	static
