../Core/Src/main.c:90:5:main	8	static
../Core/Src/main.c:158:6:SystemClock_Config	88	static
../Core/Src/main.c:205:13:MX_LPUART1_UART_Init	8	static
../Core/Src/main.c:252:13:MX_TIM1_Init	56	static
../Core/Src/main.c:312:13:MX_TIM2_Init	40	static
../Core/Src/main.c:357:13:MX_TIM3_Init	40	static
../Core/Src/main.c:402:13:MX_TIM4_Init	40	static
../Core/Src/main.c:445:13:MX_DMA_Init	16	static
../Core/Src/main.c:467:13:MX_GPIO_Init	48	static
../Core/Src/main.c:506:6:delay	4	static
../Core/Src/main.c:514:6:HAL_TIM_PeriodElapsedCallback	136	static
../Core/Src/main.c:569:6:HAL_TIM_IC_CaptureCallback	16	static
../Core/Src/main.c:592:6:HAL_UART_RxCpltCallback	16	static
../Core/Src/main.c:615:6:Error_Handler	4	static,ignoring_inline_asm
