Archive member included to satisfy reference by file (symbol)

../Middlewares/Third_Party/ARM_CMSIS/CMSIS/DSP/Lib/GCC\libarm_cortexM4lf_math.a(arm_mat_trans_f32.o)
                              ./Core/Src/kalman.o (arm_mat_trans_f32)
../Middlewares/Third_Party/ARM_CMSIS/CMSIS/DSP/Lib/GCC\libarm_cortexM4lf_math.a(arm_mat_sub_f32.o)
                              ./Core/Src/kalman.o (arm_mat_sub_f32)
../Middlewares/Third_Party/ARM_CMSIS/CMSIS/DSP/Lib/GCC\libarm_cortexM4lf_math.a(arm_mat_scale_f32.o)
                              ./Core/Src/kalman.o (arm_mat_scale_f32)
../Middlewares/Third_Party/ARM_CMSIS/CMSIS/DSP/Lib/GCC\libarm_cortexM4lf_math.a(arm_mat_mult_f32.o)
                              ./Core/Src/kalman.o (arm_mat_mult_f32)
../Middlewares/Third_Party/ARM_CMSIS/CMSIS/DSP/Lib/GCC\libarm_cortexM4lf_math.a(arm_mat_init_f32.o)
                              ./Core/Src/kalman.o (arm_mat_init_f32)
../Middlewares/Third_Party/ARM_CMSIS/CMSIS/DSP/Lib/GCC\libarm_cortexM4lf_math.a(arm_mat_add_f32.o)
                              ./Core/Src/kalman.o (arm_mat_add_f32)
C:/ST/STM32CubeIDE_1.19.0/STM32CubeIDE/plugins/com.st.stm32cube.ide.mcu.externaltools.gnu-tools-for-stm32.13.3.rel1.win32_1.0.0.202411081344/tools/bin/../lib/gcc/arm-none-eabi/13.3.1/../../../../arm-none-eabi/lib/thumb/v7e-m+fp/hard\libc_nano.a(libc_a-exit.o)
                              C:/ST/STM32CubeIDE_1.19.0/STM32CubeIDE/plugins/com.st.stm32cube.ide.mcu.externaltools.gnu-tools-for-stm32.13.3.rel1.win32_1.0.0.202411081344/tools/bin/../lib/gcc/arm-none-eabi/13.3.1/../../../../arm-none-eabi/lib/thumb/v7e-m+fp/hard/crt0.o (exit)
C:/ST/STM32CubeIDE_1.19.0/STM32CubeIDE/plugins/com.st.stm32cube.ide.mcu.externaltools.gnu-tools-for-stm32.13.3.rel1.win32_1.0.0.202411081344/tools/bin/../lib/gcc/arm-none-eabi/13.3.1/../../../../arm-none-eabi/lib/thumb/v7e-m+fp/hard\libc_nano.a(libc_a-findfp.o)
                              C:/ST/STM32CubeIDE_1.19.0/STM32CubeIDE/plugins/com.st.stm32cube.ide.mcu.externaltools.gnu-tools-for-stm32.13.3.rel1.win32_1.0.0.202411081344/tools/bin/../lib/gcc/arm-none-eabi/13.3.1/../../../../arm-none-eabi/lib/thumb/v7e-m+fp/hard\libc_nano.a(libc_a-exit.o) (__stdio_exit_handler)
C:/ST/STM32CubeIDE_1.19.0/STM32CubeIDE/plugins/com.st.stm32cube.ide.mcu.externaltools.gnu-tools-for-stm32.13.3.rel1.win32_1.0.0.202411081344/tools/bin/../lib/gcc/arm-none-eabi/13.3.1/../../../../arm-none-eabi/lib/thumb/v7e-m+fp/hard\libc_nano.a(libc_a-fwalk.o)
                              C:/ST/STM32CubeIDE_1.19.0/STM32CubeIDE/plugins/com.st.stm32cube.ide.mcu.externaltools.gnu-tools-for-stm32.13.3.rel1.win32_1.0.0.202411081344/tools/bin/../lib/gcc/arm-none-eabi/13.3.1/../../../../arm-none-eabi/lib/thumb/v7e-m+fp/hard\libc_nano.a(libc_a-findfp.o) (_fwalk_sglue)
C:/ST/STM32CubeIDE_1.19.0/STM32CubeIDE/plugins/com.st.stm32cube.ide.mcu.externaltools.gnu-tools-for-stm32.13.3.rel1.win32_1.0.0.202411081344/tools/bin/../lib/gcc/arm-none-eabi/13.3.1/../../../../arm-none-eabi/lib/thumb/v7e-m+fp/hard\libc_nano.a(libc_a-stdio.o)
                              C:/ST/STM32CubeIDE_1.19.0/STM32CubeIDE/plugins/com.st.stm32cube.ide.mcu.externaltools.gnu-tools-for-stm32.13.3.rel1.win32_1.0.0.202411081344/tools/bin/../lib/gcc/arm-none-eabi/13.3.1/../../../../arm-none-eabi/lib/thumb/v7e-m+fp/hard\libc_nano.a(libc_a-findfp.o) (__sread)
C:/ST/STM32CubeIDE_1.19.0/STM32CubeIDE/plugins/com.st.stm32cube.ide.mcu.externaltools.gnu-tools-for-stm32.13.3.rel1.win32_1.0.0.202411081344/tools/bin/../lib/gcc/arm-none-eabi/13.3.1/../../../../arm-none-eabi/lib/thumb/v7e-m+fp/hard\libc_nano.a(libc_a-memset.o)
                              C:/ST/STM32CubeIDE_1.19.0/STM32CubeIDE/plugins/com.st.stm32cube.ide.mcu.externaltools.gnu-tools-for-stm32.13.3.rel1.win32_1.0.0.202411081344/tools/bin/../lib/gcc/arm-none-eabi/13.3.1/../../../../arm-none-eabi/lib/thumb/v7e-m+fp/hard/crt0.o (memset)
C:/ST/STM32CubeIDE_1.19.0/STM32CubeIDE/plugins/com.st.stm32cube.ide.mcu.externaltools.gnu-tools-for-stm32.13.3.rel1.win32_1.0.0.202411081344/tools/bin/../lib/gcc/arm-none-eabi/13.3.1/../../../../arm-none-eabi/lib/thumb/v7e-m+fp/hard\libc_nano.a(libc_a-closer.o)
                              C:/ST/STM32CubeIDE_1.19.0/STM32CubeIDE/plugins/com.st.stm32cube.ide.mcu.externaltools.gnu-tools-for-stm32.13.3.rel1.win32_1.0.0.202411081344/tools/bin/../lib/gcc/arm-none-eabi/13.3.1/../../../../arm-none-eabi/lib/thumb/v7e-m+fp/hard\libc_nano.a(libc_a-stdio.o) (_close_r)
C:/ST/STM32CubeIDE_1.19.0/STM32CubeIDE/plugins/com.st.stm32cube.ide.mcu.externaltools.gnu-tools-for-stm32.13.3.rel1.win32_1.0.0.202411081344/tools/bin/../lib/gcc/arm-none-eabi/13.3.1/../../../../arm-none-eabi/lib/thumb/v7e-m+fp/hard\libc_nano.a(libc_a-reent.o)
                              C:/ST/STM32CubeIDE_1.19.0/STM32CubeIDE/plugins/com.st.stm32cube.ide.mcu.externaltools.gnu-tools-for-stm32.13.3.rel1.win32_1.0.0.202411081344/tools/bin/../lib/gcc/arm-none-eabi/13.3.1/../../../../arm-none-eabi/lib/thumb/v7e-m+fp/hard\libc_nano.a(libc_a-closer.o) (errno)
[...]
Memory Configuration

Name             Origin             Length             Attributes
RAM              0x20000000         0x00020000         xrw
FLASH            0x08000000         0x00080000         xr
*default*        0x00000000         0xffffffff

Linker script and memory map

LOAD C:/ST/STM32CubeIDE_1.19.0/STM32CubeIDE/plugins/com.st.stm32cube.ide.mcu.externaltools.gnu-tools-for-stm32.13.3.rel1.win32_1.0.0.202411081344/tools/bin/../lib/gcc/arm-none-eabi/13.3.1/thumb/v7e-m+fp/hard/crti.o
LOAD C:/ST/STM32CubeIDE_1.19.0/STM32CubeIDE/plugins/com.st.stm32cube.ide.mcu.externaltools.gnu-tools-for-stm32.13.3.rel1.win32_1.0.0.202411081344/tools/bin/../lib/gcc/arm-none-eabi/13.3.1/thumb/v7e-m+fp/hard/crtbegin.o
LOAD C:/ST/STM32CubeIDE_1.19.0/STM32CubeIDE/plugins/com.st.stm32cube.ide.mcu.externaltools.gnu-tools-for-stm32.13.3.rel1.win32_1.0.0.202411081344/tools/bin/../lib/gcc/arm-none-eabi/13.3.1/../../../../arm-none-eabi/lib/thumb/v7e-m+fp/hard/crt0.o
LOAD ./Core/Src/BaseSystem.o
LOAD ./Core/Src/cascade.o
LOAD ./Core/Src/dma.o
LOAD ./Core/Src/elec_cabient.o
LOAD ./Core/Src/fdcan.o
LOAD ./Core/Src/gpio.o
LOAD ./Core/Src/kalman.o
LOAD ./Core/Src/main.o
LOAD ./Core/Src/stm32g4xx_hal_msp.o
LOAD ./Core/Src/stm32g4xx_it.o
LOAD ./Core/Src/syscalls.o
LOAD ./Core/Src/sysmem.o
LOAD ./Core/Src/system_state.o
LOAD ./Core/Src/system_stm32g4xx.o
LOAD ./Core/Src/tim.o
LOAD ./Core/Src/trajectory.o
LOAD ./Core/Src/usart.o
LOAD ./Core/Startup/startup_stm32g474retx.o
LOAD ./Drivers/STM32G4xx_HAL_Driver/Src/stm32g4xx_hal.o
LOAD ./Drivers/STM32G4xx_HAL_Driver/Src/stm32g4xx_hal_cortex.o
LOAD ./Drivers/STM32G4xx_HAL_Driver/Src/stm32g4xx_hal_dma.o
LOAD ./Drivers/STM32G4xx_HAL_Driver/Src/stm32g4xx_hal_dma_ex.o
LOAD ./Drivers/STM32G4xx_HAL_Driver/Src/stm32g4xx_hal_exti.o
LOAD ./Drivers/STM32G4xx_HAL_Driver/Src/stm32g4xx_hal_fdcan.o
LOAD ./Drivers/STM32G4xx_HAL_Driver/Src/stm32g4xx_hal_flash.o
LOAD ./Drivers/STM32G4xx_HAL_Driver/Src/stm32g4xx_hal_flash_ex.o
LOAD ./Drivers/STM32G4xx_HAL_Driver/Src/stm32g4xx_hal_flash_ramfunc.o
LOAD ./Drivers/STM32G4xx_HAL_Driver/Src/stm32g4xx_hal_gpio.o
LOAD ./Drivers/STM32G4xx_HAL_Driver/Src/stm32g4xx_hal_pwr.o
LOAD ./Drivers/STM32G4xx_HAL_Driver/Src/stm32g4xx_hal_pwr_ex.o
LOAD ./Drivers/STM32G4xx_HAL_Driver/Src/stm32g4xx_hal_rcc.o
LOAD ./Drivers/STM32G4xx_HAL_Driver/Src/stm32g4xx_hal_rcc_ex.o
LOAD ./Drivers/STM32G4xx_HAL_Driver/Src/stm32g4xx_hal_tim.o
LOAD ./Drivers/STM32G4xx_HAL_Driver/Src/stm32g4xx_hal_tim_ex.o
LOAD ./Drivers/STM32G4xx_HAL_Driver/Src/stm32g4xx_hal_uart.o
LOAD ./Drivers/STM32G4xx_HAL_Driver/Src/stm32g4xx_hal_uart_ex.o
LOAD ../Middlewares/Third_Party/ARM_CMSIS/CMSIS/DSP/Lib/GCC\libarm_cortexM4lf_math.a
START GROUP
LOAD C:/ST/STM32CubeIDE_1.19.0/STM32CubeIDE/plugins/com.st.stm32cube.ide.mcu.externaltools.gnu-tools-for-stm32.13.3.rel1.win32_1.0.0.202411081344/tools/bin/../lib/gcc/arm-none-eabi/13.3.1/../../../../arm-none-eabi/lib/thumb/v7e-m+fp/hard\libc_nano.a
LOAD C:/ST/STM32CubeIDE_1.19.0/STM32CubeIDE/plugins/com.st.stm32cube.ide.mcu.externaltools.gnu-tools-for-stm32.13.3.rel1.win32_1.0.0.202411081344/tools/bin/../lib/gcc/arm-none-eabi/13.3.1/../../../../arm-none-eabi/lib/thumb/v7e-m+fp/hard\libm.a
END GROUP
START GROUP
LOAD C:/ST/STM32CubeIDE_1.19.0/STM32CubeIDE/plugins/com.st.stm32cube.ide.mcu.externaltools.gnu-tools-for-stm32.13.3.rel1.win32_1.0.0.202411081344/tools/bin/../lib/gcc/arm-none-eabi/13.3.1/thumb/v7e-m+fp/hard\libgcc.a
LOAD C:/ST/STM32CubeIDE_1.19.0/STM32CubeIDE/plugins/com.st.stm32cube.ide.mcu.externaltools.gnu-tools-for-stm32.13.3.rel1.win32_1.0.0.202411081344/tools/bin/../lib/gcc/arm-none-eabi/13.3.1/../../../../arm-none-eabi/lib/thumb/v7e-m+fp/hard\libc_nano.a
END GROUP
START GROUP
LOAD C:/ST/STM32CubeIDE_1.19.0/STM32CubeIDE/plugins/com.st.stm32cube.ide.mcu.externaltools.gnu-tools-for-stm32.13.3.rel1.win32_1.0.0.202411081344/tools/bin/../lib/gcc/arm-none-eabi/13.3.1/thumb/v7e-m+fp/hard\libgcc.a
LOAD C:/ST/STM32CubeIDE_1.19.0/STM32CubeIDE/plugins/com.st.stm32cube.ide.mcu.externaltools.gnu-tools-for-stm32.13.3.rel1.win32_1.0.0.202411081344/tools/bin/../lib/gcc/arm-none-eabi/13.3.1/../../../../arm-none-eabi/lib/thumb/v7e-m+fp/hard\libc_nano.a
LOAD C:/ST/STM32CubeIDE_1.19.0/STM32CubeIDE/plugins/com.st.stm32cube.ide.mcu.externaltools.gnu-tools-for-stm32.13.3.rel1.win32_1.0.0.202411081344/tools/bin/../lib/gcc/arm-none-eabi/13.3.1/../../../../arm-none-eabi/lib/thumb/v7e-m+fp/hard\libnosys.a
END GROUP
START GROUP
LOAD C:/ST/STM32CubeIDE_1.19.0/STM32CubeIDE/plugins/com.st.stm32cube.ide.mcu.externaltools.gnu-tools-for-stm32.13.3.rel1.win32_1.0.0.202411081344/tools/bin/../lib/gcc/arm-none-eabi/13.3.1/thumb/v7e-m+fp/hard\libgcc.a
LOAD C:/ST/STM32CubeIDE_1.19.0/STM32CubeIDE/plugins/com.st.stm32cube.ide.mcu.externaltools.gnu-tools-for-stm32.13.3.rel1.win32_1.0.0.202411081344/tools/bin/../lib/gcc/arm-none-eabi/13.3.1/../../../../arm-none-eabi/lib/thumb/v7e-m+fp/hard\libc_nano.a
LOAD C:/ST/STM32CubeIDE_1.19.0/STM32CubeIDE/plugins/com.st.stm32cube.ide.mcu.externaltools.gnu-tools-for-stm32.13.3.rel1.win32_1.0.0.202411081344/tools/bin/../lib/gcc/arm-none-eabi/13.3.1/../../../../arm-none-eabi/lib/thumb/v7e-m+fp/hard\libnosys.a
END GROUP
LOAD C:/ST/STM32CubeIDE_1.19.0/STM32CubeIDE/plugins/com.st.stm32cube.ide.mcu.externaltools.gnu-tools-for-stm32.13.3.rel1.win32_1.0.0.202411081344/tools/bin/../lib/gcc/arm-none-eabi/13.3.1/thumb/v7e-m+fp/hard/crtend.o
LOAD C:/ST/STM32CubeIDE_1.19.0/STM32CubeIDE/plugins/com.st.stm32cube.ide.mcu.externaltools.gnu-tools-for-stm32.13.3.rel1.win32_1.0.0.202411081344/tools/bin/../lib/gcc/arm-none-eabi/13.3.1/thumb/v7e-m+fp/hard/crtn.o
                0x20020000                        _estack = (ORIGIN (RAM) + LENGTH (RAM))
                0x00000200                        _Min_Heap_Size = 0x200
                0x00000400                        _Min_Stack_Size = 0x400

.isr_vector     0x08000000      0x1d8
                0x08000000                        . = ALIGN (0x4)
 *(.isr_vector)
 .isr_vector    0x08000000      0x1d8 ./Core/Startup/startup_stm32g474retx.o
                0x08000000                g_pfnVectors
                0x080001d8                        . = ALIGN (0x4)

.text           0x080001d8     0xdd6c
                0x080001d8                        . = ALIGN (0x4)
 *(.text)
 .text          0x080001d8       0x40 C:/ST/STM32CubeIDE_1.19.0/STM32CubeIDE/plugins/com.st.stm32cube.ide.mcu.externaltools.gnu-tools-for-stm32.13.3.rel1.win32_1.0.0.202411081344/tools/bin/../lib/gcc/arm-none-eabi/13.3.1/thumb/v7e-m+fp/hard/crtbegin.o
 .text          0x08000218      0x254 C:/ST/STM32CubeIDE_1.19.0/STM32CubeIDE/plugins/com.st.stm32cube.ide.mcu.externaltools.gnu-tools-for-stm32.13.3.rel1.win32_1.0.0.202411081344/tools/bin/../lib/gcc/arm-none-eabi/13.3.1/thumb/v7e-m+fp/hard\libgcc.a(_arm_muldf3.o)
                0x08000218                __muldf3
                0x08000218                __aeabi_dmul
 .text          0x0800046c      0x378 C:/ST/STM32CubeIDE_1.19.0/STM32CubeIDE/plugins/com.st.stm32cube.ide.mcu.externaltools.gnu-tools-for-stm32.13.3.rel1.win32_1.0.0.202411081344/tools/bin/../lib/gcc/arm-none-eabi/13.3.1/thumb/v7e-m+fp/hard\libgcc.a(_arm_addsubdf3.o)
                0x0800046c                __aeabi_drsub
                0x08000474                __aeabi_dsub
                0x08000474                __subdf3
                0x08000478                __aeabi_dadd
                0x08000478                __adddf3
                0x080006f0                __floatunsidf
                0x080006f0                __aeabi_ui2d
                0x08000710                __floatsidf
                0x08000710                __aeabi_i2d
                0x08000734                __aeabi_f2d
                0x08000734                __extendsfdf2
                0x08000778                __floatundidf
                0x08000778                __aeabi_ul2d
                0x08000788                __floatdidf
                0x08000788                __aeabi_l2d
 .text          0x080007e4      0x110 C:/ST/STM32CubeIDE_1.19.0/STM32CubeIDE/plugins/com.st.stm32cube.ide.mcu.externaltools.gnu-tools-for-stm32.13.3.rel1.win32_1.0.0.202411081344/tools/bin/../lib/gcc/arm-none-eabi/13.3.1/thumb/v7e-m+fp/hard\libgcc.a(_arm_cmpdf2.o)
                0x080007e4                __gtdf2
                0x080007e4                __gedf2
                0x080007ec                __ltdf2
                0x080007ec                __ledf2
                0x080007f4                __nedf2
                0x080007f4                __eqdf2
                0x080007f4                __cmpdf2
                0x08000870                __aeabi_cdrcmple
                0x08000880                __aeabi_cdcmpeq
                0x08000880                __aeabi_cdcmple
                0x08000890                __aeabi_dcmpeq
                0x080008a4                __aeabi_dcmplt
                0x080008b8                __aeabi_dcmple
                0x080008cc                __aeabi_dcmpge
                0x080008e0                __aeabi_dcmpgt
 .text          0x080008f4       0xa0 C:/ST/STM32CubeIDE_1.19.0/STM32CubeIDE/plugins/com.st.stm32cube.ide.mcu.externaltools.gnu-tools-for-stm32.13.3.rel1.win32_1.0.0.202411081344/tools/bin/../lib/gcc/arm-none-eabi/13.3.1/thumb/v7e-m+fp/hard\libgcc.a(_arm_truncdfsf2.o)
                0x080008f4                __truncdfsf2
                0x080008f4                __aeabi_d2f
 .text          0x08000994       0x30 C:/ST/STM32CubeIDE_1.19.0/STM32CubeIDE/plugins/com.st.stm32cube.ide.mcu.externaltools.gnu-tools-for-stm32.13.3.rel1.win32_1.0.0.202411081344/tools/bin/../lib/gcc/arm-none-eabi/13.3.1/thumb/v7e-m+fp/hard\libgcc.a(_aeabi_uldivmod.o)
                0x08000994                __aeabi_uldivmod
 .text          0x080009c4      0x2f8 C:/ST/STM32CubeIDE_1.19.0/STM32CubeIDE/plugins/com.st.stm32cube.ide.mcu.externaltools.gnu-tools-for-stm32.13.3.rel1.win32_1.0.0.202411081344/tools/bin/../lib/gcc/arm-none-eabi/13.3.1/thumb/v7e-m+fp/hard\libgcc.a(_udivmoddi4.o)
                0x080009c4                __udivmoddi4
 .text          0x08000cbc        0x4 C:/ST/STM32CubeIDE_1.19.0/STM32CubeIDE/plugins/com.st.stm32cube.ide.mcu.externaltools.gnu-tools-for-stm32.13.3.rel1.win32_1.0.0.202411081344/tools/bin/../lib/gcc/arm-none-eabi/13.3.1/thumb/v7e-m+fp/hard\libgcc.a(_dvmd_tls.o)
                0x08000cbc                __aeabi_idiv0
                0x08000cbc                __aeabi_ldiv0
 *(.text*)
 .text.CRC16    0x08000cc0       0x70 ./Core/Src/BaseSystem.o
                0x08000cc0                CRC16
 .text.modbus_1t5_Timeout
                0x08000d30       0x38 ./Core/Src/BaseSystem.o
                0x08000d30                modbus_1t5_Timeout
 .text.modbus_3t5_Timeout
                0x08000d68       0x2c ./Core/Src/BaseSystem.o
                0x08000d68                modbus_3t5_Timeout
 .text.Modbus_init
                0x08000d94       0xb6 ./Core/Src/BaseSystem.o
                0x08000d94                Modbus_init
 *fill*         0x08000e4a        0x2 
 .text.ModbusErrorReply
                0x08000e4c       0x3c ./Core/Src/BaseSystem.o
                0x08000e4c                ModbusErrorReply
 .text.modbusRead1Register
                0x08000e88       0xec ./Core/Src/BaseSystem.o
                0x08000e88                modbusRead1Register
 .text.Decode_Incoming_Commands
                0x08000f74      0x154 ./Core/Src/BaseSystem.o
                0x08000f74                Decode_Incoming_Commands
 .text.BaseSystem_CheckHeartbeat
                0x080010c8       0x30 ./Core/Src/BaseSystem.o
                0x080010c8                BaseSystem_CheckHeartbeat
 .text.modbusWritelRegister
                0x080010f8      0x1a4 ./Core/Src/BaseSystem.o
                0x080010f8                modbusWritelRegister
 .text.Modbus_frame_response
                0x0800129c       0x2c ./Core/Src/BaseSystem.o
                0x0800129c                Modbus_frame_response
 .text.Modbus_Emission
                0x080012c8       0xc0 ./Core/Src/BaseSystem.o
                0x080012c8                Modbus_Emission
 .text.Modbus_Protocal_Worker
                0x08001388      0x24c ./Core/Src/BaseSystem.o
                0x08001388                Modbus_Protocal_Worker
 .text.BaseSystem_SendMotionStatus
                0x080015d4       0x7c ./Core/Src/BaseSystem.o
                0x080015d4                BaseSystem_SendMotionStatus
 .text.BaseSystem_SendRobotTask
                0x08001650       0x40 ./Core/Src/BaseSystem.o
                0x08001650                BaseSystem_SendRobotTask
 .text.BaseSystem_SendSensorStatus
                0x08001690       0x58 ./Core/Src/BaseSystem.o
                0x08001690                BaseSystem_SendSensorStatus
 .text.HAL_UART_ErrorCallback
                0x080016e8       0x34 ./Core/Src/BaseSystem.o
                0x080016e8                HAL_UART_ErrorCallback
 .text.HAL_TIM_PeriodElapsedCallback
                0x0800171c       0x28 ./Core/Src/BaseSystem.o
                0x0800171c                HAL_TIM_PeriodElapsedCallback
 .text.clampf   0x08001744       0x52 ./Core/Src/cascade.o
 *fill*         0x08001796        0x2 
 .text.CASCADE_Feedforward_Init
                0x08001798      0x22c ./Core/Src/cascade.o
                0x08001798                CASCADE_Feedforward_Init
 .text.CASCADE_Ref_Compute
                0x080019c4       0xa4 ./Core/Src/cascade.o
                0x080019c4                CASCADE_Ref_Compute
 .text.CASCADE_Disturbance_Compute
                0x08001a68       0x6c ./Core/Src/cascade.o
                0x08001a68                CASCADE_Disturbance_Compute
 *fill*         0x08001ad4        0x4 
 .text.CASCADE_Controller_Compute_Position
                0x08001ad8      0x18c ./Core/Src/cascade.o
                0x08001ad8                CASCADE_Controller_Compute_Position
 .text.CASCADE_Controller_Compute_Velocity
                0x08001c64       0xf4 ./Core/Src/cascade.o
                0x08001c64                CASCADE_Controller_Compute_Velocity
 .text.CASCADE_Controller_Init
                0x08001d58       0x68 ./Core/Src/cascade.o
                0x08001d58                CASCADE_Controller_Init
 .text.CASCADE_Cascade_Start
                0x08001dc0       0x84 ./Core/Src/cascade.o
                0x08001dc0                CASCADE_Cascade_Start
 *fill*         0x08001e44        0x4 
 .text.CASCADE_Compute
                0x08001e48      0x174 ./Core/Src/cascade.o
                0x08001e48                CASCADE_Compute
 .text.MX_DMA_Init
                0x08001fbc       0x64 ./Core/Src/dma.o
                0x08001fbc                MX_DMA_Init
 .text.SYSTEM_STATE_Joystick_Update
                0x08002020      0x150 ./Core/Src/elec_cabient.o
                0x08002020                SYSTEM_STATE_Joystick_Update
 .text.PilotRamp_SetPower
                0x08002170       0x2c ./Core/Src/elec_cabient.o
                0x08002170                PilotRamp_SetPower
 .text.PilotRamp_SetAuto
                0x0800219c       0x2c ./Core/Src/elec_cabient.o
                0x0800219c                PilotRamp_SetAuto
 .text.Gripper_SetOpen
                0x080021c8       0x34 ./Core/Src/elec_cabient.o
                0x080021c8                Gripper_SetOpen
 .text.Gripper_SetUp
                0x080021fc       0x34 ./Core/Src/elec_cabient.o
                0x080021fc                Gripper_SetUp
 .text.PilotLamp_SetWhite
                0x08002230       0x2a ./Core/Src/elec_cabient.o
                0x08002230                PilotLamp_SetWhite
 *fill*         0x0800225a        0x2 
 .text.Gripper_Pick
                0x0800225c       0xe0 ./Core/Src/elec_cabient.o
                0x0800225c                Gripper_Pick
 .text.Gripper_Place
                0x0800233c       0xe0 ./Core/Src/elec_cabient.o
                0x0800233c                Gripper_Place
 .text.MX_FDCAN1_Init
                0x0800241c       0x8c ./Core/Src/fdcan.o
                0x0800241c                MX_FDCAN1_Init
 .text.HAL_FDCAN_MspInit
                0x080024a8       0xb4 ./Core/Src/fdcan.o
                0x080024a8                HAL_FDCAN_MspInit
 .text.MX_GPIO_Init
                0x0800255c      0x1ac ./Core/Src/gpio.o
                0x0800255c                MX_GPIO_Init
 .text.KALMAN_Multi_Model_Init
                0x08002708      0xa40 ./Core/Src/kalman.o
                0x08002708                KALMAN_Multi_Model_Init
 .text.KALMAN_Calc_Acceleration
                0x08003148       0x9c ./Core/Src/kalman.o
                0x08003148                KALMAN_Calc_Acceleration
 .text.KALMAN_Multi_Model_Compute
                0x080031e4      0x308 ./Core/Src/kalman.o
                0x080031e4                KALMAN_Multi_Model_Compute
 .text.main     0x080034ec      0x2f4 ./Core/Src/main.o
                0x080034ec                main
 .text.SystemClock_Config
                0x080037e0       0x96 ./Core/Src/main.o
                0x080037e0                SystemClock_Config
 *fill*         0x08003876        0x2 
 .text.TRAJ_Plan
                0x08003878       0x58 ./Core/Src/main.o
 .text.Robot_State_Process
                0x080038d0     0x124c ./Core/Src/main.o
                0x080038d0                Robot_State_Process
 .text.HAL_GPIO_EXTI_Callback
                0x08004b1c       0x58 ./Core/Src/main.o
                0x08004b1c                HAL_GPIO_EXTI_Callback
 *fill*         0x08004b74        0x4 
 .text.Robot_Period_Control_Loop
                0x08004b78      0x240 ./Core/Src/main.o
                0x08004b78                Robot_Period_Control_Loop
 .text.Error_Handler
                0x08004db8        0xc ./Core/Src/main.o
                0x08004db8                Error_Handler
 .text.HAL_MspInit
                0x08004dc4       0x48 ./Core/Src/stm32g4xx_hal_msp.o
                0x08004dc4                HAL_MspInit
 .text.NMI_Handler
                0x08004e0c        0x8 ./Core/Src/stm32g4xx_it.o
                0x08004e0c                NMI_Handler
 .text.HardFault_Handler
                0x08004e14        0x8 ./Core/Src/stm32g4xx_it.o
                0x08004e14                HardFault_Handler
 .text.MemManage_Handler
                0x08004e1c        0x8 ./Core/Src/stm32g4xx_it.o
                0x08004e1c                MemManage_Handler
 .text.BusFault_Handler
                0x08004e24        0x8 ./Core/Src/stm32g4xx_it.o
                0x08004e24                BusFault_Handler
 .text.UsageFault_Handler
                0x08004e2c        0x8 ./Core/Src/stm32g4xx_it.o
                0x08004e2c                UsageFault_Handler
 .text.SVC_Handler
                0x08004e34        0xe ./Core/Src/stm32g4xx_it.o
                0x08004e34                SVC_Handler
 .text.DebugMon_Handler
                0x08004e42        0xe ./Core/Src/stm32g4xx_it.o
                0x08004e42                DebugMon_Handler
 .text.PendSV_Handler
                0x08004e50        0xe ./Core/Src/stm32g4xx_it.o
                0x08004e50                PendSV_Handler
 .text.SysTick_Handler
                0x08004e5e        0xc ./Core/Src/stm32g4xx_it.o
                0x08004e5e                SysTick_Handler
 *fill*         0x08004e6a        0x2 
 .text.DMA1_Channel1_IRQHandler
                0x08004e6c       0x14 ./Core/Src/stm32g4xx_it.o
                0x08004e6c                DMA1_Channel1_IRQHandler
 .text.DMA1_Channel2_IRQHandler
                0x08004e80       0x14 ./Core/Src/stm32g4xx_it.o
                0x08004e80                DMA1_Channel2_IRQHandler
 .text.TIM1_UP_TIM16_IRQHandler
                0x08004e94       0x1c ./Core/Src/stm32g4xx_it.o
                0x08004e94                TIM1_UP_TIM16_IRQHandler
 .text.USART2_IRQHandler
                0x08004eb0       0x14 ./Core/Src/stm32g4xx_it.o
                0x08004eb0                USART2_IRQHandler
 .text.EXTI15_10_IRQHandler
                0x08004ec4       0x18 ./Core/Src/stm32g4xx_it.o
                0x08004ec4                EXTI15_10_IRQHandler
 .text.TIM20_UP_IRQHandler
                0x08004edc       0x14 ./Core/Src/stm32g4xx_it.o
                0x08004edc                TIM20_UP_IRQHandler
 .text.SYSTEM_STATE_Encoder_Init
                0x08004ef0       0x24 ./Core/Src/system_state.o
                0x08004ef0                SYSTEM_STATE_Encoder_Init
 .text.SYSTEM_STATE_Encoder_Compute
                0x08004f14      0x1dc ./Core/Src/system_state.o
                0x08004f14                SYSTEM_STATE_Encoder_Compute
 .text.PWM      0x080050f0      0x100 ./Core/Src/system_state.o
                0x080050f0                PWM
 .text.SYSTEM_STATE_Homing
                0x080051f0      0x150 ./Core/Src/system_state.o
                0x080051f0                SYSTEM_STATE_Homing
 .text.SYSTEM_STATE_convert_rad2degree
                0x08005340       0x28 ./Core/Src/system_state.o
                0x08005340                SYSTEM_STATE_convert_rad2degree
 .text.SystemInit
                0x08005368       0x24 ./Core/Src/system_stm32g4xx.o
                0x08005368                SystemInit
 .text.MX_TIM1_Init
                0x0800538c      0x160 ./Core/Src/tim.o
                0x0800538c                MX_TIM1_Init
 .text.MX_TIM2_Init
                0x080054ec       0x9c ./Core/Src/tim.o
                0x080054ec                MX_TIM2_Init
 .text.MX_TIM3_Init
                0x08005588       0xac ./Core/Src/tim.o
                0x08005588                MX_TIM3_Init
 .text.MX_TIM16_Init
                0x08005634      0x100 ./Core/Src/tim.o
                0x08005634                MX_TIM16_Init
 .text.MX_TIM20_Init
                0x08005734       0xa8 ./Core/Src/tim.o
                0x08005734                MX_TIM20_Init
 .text.HAL_TIM_Base_MspInit
                0x080057dc       0xe0 ./Core/Src/tim.o
                0x080057dc                HAL_TIM_Base_MspInit
 .text.HAL_TIM_Encoder_MspInit
                0x080058bc       0x84 ./Core/Src/tim.o
                0x080058bc                HAL_TIM_Encoder_MspInit
 .text.HAL_TIM_MspPostInit
                0x08005940       0x70 ./Core/Src/tim.o
                0x08005940                HAL_TIM_MspPostInit
 .text.safe_time
                0x080059b0       0x3c ./Core/Src/trajectory.o
 *fill*         0x080059ec        0x4 
 .text.deg2rad  0x080059f0       0x40 ./Core/Src/trajectory.o
 .text.rad2deg  0x08005a30       0x40 ./Core/Src/trajectory.o
 .text.clampf_t
                0x08005a70       0x52 ./Core/Src/trajectory.o
 .text.TRAJ_State_Init
                0x08005ac2       0x1c ./Core/Src/trajectory.o
                0x08005ac2                TRAJ_State_Init
 *fill*         0x08005ade        0x2 
 .text.TRAJ_Trapezoidal_Plan
                0x08005ae0       0xe8 ./Core/Src/trajectory.o
                0x08005ae0                TRAJ_Trapezoidal_Plan
 .text.TRAJ_Trapezoidal_Compute
                0x08005bc8      0x278 ./Core/Src/trajectory.o
                0x08005bc8                TRAJ_Trapezoidal_Compute
 .text.TRAJ_SCurveLimits_Plan
                0x08005e40      0x2cc ./Core/Src/trajectory.o
                0x08005e40                TRAJ_SCurveLimits_Plan
 .text.TRAJ_SCurveLimits_Compute
                0x0800610c      0x7a0 ./Core/Src/trajectory.o
                0x0800610c                TRAJ_SCurveLimits_Compute
 .text.TRAJ_MinJerk_Plan
                0x080068ac       0x4c ./Core/Src/trajectory.o
                0x080068ac                TRAJ_MinJerk_Plan
 .text.TRAJ_MinJerk_Compute
                0x080068f8      0x1ec ./Core/Src/trajectory.o
                0x080068f8                TRAJ_MinJerk_Compute
 .text.TRAJ_MinJerk_Vlim_Plan
                0x08006ae4       0xa0 ./Core/Src/trajectory.o
                0x08006ae4                TRAJ_MinJerk_Vlim_Plan
 .text.TRAJ_MinJerk_Vlim_Compute
                0x08006b84      0x1ec ./Core/Src/trajectory.o
                0x08006b84                TRAJ_MinJerk_Vlim_Compute
 .text.TrajManager_Init
                0x08006d70       0xb4 ./Core/Src/trajectory.o
                0x08006d70                TrajManager_Init
 .text.TrajManager_DynTime
                0x08006e24       0x5c ./Core/Src/trajectory.o
                0x08006e24                TrajManager_DynTime
 .text.TrajManager_Plan
                0x08006e80      0x130 ./Core/Src/trajectory.o
                0x08006e80                TrajManager_Plan
 .text.TrajManager_Step
                0x08006fb0      0x124 ./Core/Src/trajectory.o
                0x08006fb0                TrajManager_Step
 .text.MX_USART2_UART_Init
                0x080070d4       0x9c ./Core/Src/usart.o
                0x080070d4                MX_USART2_UART_Init
 .text.HAL_UART_MspInit
                0x08007170      0x178 ./Core/Src/usart.o
                0x08007170                HAL_UART_MspInit
 .text.Reset_Handler
                0x080072e8       0x50 ./Core/Startup/startup_stm32g474retx.o
                0x080072e8                Reset_Handler
 .text.Default_Handler
                0x08007338        0x2 ./Core/Startup/startup_stm32g474retx.o
                0x08007338                RTC_Alarm_IRQHandler
                0x08007338                EXTI2_IRQHandler
                0x08007338                TIM8_TRG_COM_IRQHandler
                0x08007338                TIM8_CC_IRQHandler
                0x08007338                HRTIM1_Master_IRQHandler
                0x08007338                SPI4_IRQHandler
                0x08007338                FDCAN3_IT0_IRQHandler
                0x08007338                TIM1_CC_IRQHandler
                0x08007338                HRTIM1_FLT_IRQHandler
                0x08007338                HRTIM1_TIMF_IRQHandler
                0x08007338                USB_HP_IRQHandler
                0x08007338                CORDIC_IRQHandler
                0x08007338                HRTIM1_TIMD_IRQHandler
                0x08007338                DMA2_Channel8_IRQHandler
                0x08007338                EXTI3_IRQHandler
                0x08007338                I2C3_ER_IRQHandler
                0x08007338                EXTI0_IRQHandler
                0x08007338                I2C2_EV_IRQHandler
                0x08007338                FPU_IRQHandler
                0x08007338                FDCAN1_IT1_IRQHandler
                0x08007338                ADC1_2_IRQHandler
                0x08007338                HRTIM1_TIME_IRQHandler
                0x08007338                SPI1_IRQHandler
                0x08007338                TIM6_DAC_IRQHandler
                0x08007338                HRTIM1_TIMC_IRQHandler
                0x08007338                TIM8_UP_IRQHandler
                0x08007338                DMA2_Channel2_IRQHandler
                0x08007338                DMA1_Channel4_IRQHandler
                0x08007338                TIM20_TRG_COM_IRQHandler
                0x08007338                USART3_IRQHandler
                0x08007338                DMA1_Channel7_IRQHandler
                0x08007338                UART5_IRQHandler
                0x08007338                ADC3_IRQHandler
                0x08007338                TIM4_IRQHandler
                0x08007338                DMA2_Channel1_IRQHandler
                0x08007338                QUADSPI_IRQHandler
                0x08007338                I2C1_EV_IRQHandler
                0x08007338                DMA1_Channel6_IRQHandler
                0x08007338                UART4_IRQHandler
                0x08007338                DMA2_Channel4_IRQHandler
                0x08007338                TIM3_IRQHandler
                0x08007338                RCC_IRQHandler
                0x08007338                Default_Handler
                0x08007338                DMA2_Channel7_IRQHandler
                0x08007338                RTC_TAMP_LSECSS_IRQHandler
                0x08007338                FMAC_IRQHandler
                0x08007338                DMA1_Channel8_IRQHandler
                0x08007338                HRTIM1_TIMA_IRQHandler
                0x08007338                TIM7_DAC_IRQHandler
                0x08007338                FDCAN3_IT1_IRQHandler
                0x08007338                TIM5_IRQHandler
                0x08007338                UCPD1_IRQHandler
                0x08007338                I2C3_EV_IRQHandler
                0x08007338                EXTI9_5_IRQHandler
                0x08007338                RTC_WKUP_IRQHandler
                0x08007338                PVD_PVM_IRQHandler
                0x08007338                SPI2_IRQHandler
                0x08007338                ADC5_IRQHandler
                0x08007338                DMA2_Channel5_IRQHandler
                0x08007338                CRS_IRQHandler
                0x08007338                DMA1_Channel5_IRQHandler
                0x08007338                USB_LP_IRQHandler
                0x08007338                EXTI4_IRQHandler
                0x08007338                RNG_IRQHandler
                0x08007338                HRTIM1_TIMB_IRQHandler
                0x08007338                TIM1_TRG_COM_TIM17_IRQHandler
                0x08007338                FDCAN2_IT1_IRQHandler
                0x08007338                DMA1_Channel3_IRQHandler
                0x08007338                ADC4_IRQHandler
                0x08007338                WWDG_IRQHandler
                0x08007338                I2C4_EV_IRQHandler
                0x08007338                FDCAN2_IT0_IRQHandler
                0x08007338                LPUART1_IRQHandler
                0x08007338                DMA2_Channel6_IRQHandler
                0x08007338                FDCAN1_IT0_IRQHandler
                0x08007338                TIM2_IRQHandler
                0x08007338                COMP7_IRQHandler
                0x08007338                COMP1_2_3_IRQHandler
                0x08007338                EXTI1_IRQHandler
                0x08007338                COMP4_5_6_IRQHandler
                0x08007338                TIM20_BRK_IRQHandler
                0x08007338                I2C2_ER_IRQHandler
                0x08007338                TIM8_BRK_IRQHandler
                0x08007338                FLASH_IRQHandler
                0x08007338                TIM20_CC_IRQHandler
                0x08007338                USART1_IRQHandler
                0x08007338                SPI3_IRQHandler
                0x08007338                I2C1_ER_IRQHandler
                0x08007338                FMC_IRQHandler
                0x08007338                LPTIM1_IRQHandler
                0x08007338                DMAMUX_OVR_IRQHandler
                0x08007338                I2C4_ER_IRQHandler
                0x08007338                USBWakeUp_IRQHandler
                0x08007338                SAI1_IRQHandler
                0x08007338                DMA2_Channel3_IRQHandler
                0x08007338                TIM1_BRK_TIM15_IRQHandler
 .text.HAL_Init
                0x0800733a       0x30 ./Drivers/STM32G4xx_HAL_Driver/Src/stm32g4xx_hal.o
                0x0800733a                HAL_Init
 *fill*         0x0800736a        0x2 
 .text.HAL_InitTick
                0x0800736c       0x74 ./Drivers/STM32G4xx_HAL_Driver/Src/stm32g4xx_hal.o
                0x0800736c                HAL_InitTick
 .text.HAL_IncTick
                0x080073e0       0x24 ./Drivers/STM32G4xx_HAL_Driver/Src/stm32g4xx_hal.o
                0x080073e0                HAL_IncTick
 .text.HAL_GetTick
                0x08007404       0x18 ./Drivers/STM32G4xx_HAL_Driver/Src/stm32g4xx_hal.o
                0x08007404                HAL_GetTick
 .text.__NVIC_SetPriorityGrouping
                0x0800741c       0x48 ./Drivers/STM32G4xx_HAL_Driver/Src/stm32g4xx_hal_cortex.o
 .text.__NVIC_GetPriorityGrouping
                0x08007464       0x1c ./Drivers/STM32G4xx_HAL_Driver/Src/stm32g4xx_hal_cortex.o
 .text.__NVIC_EnableIRQ
                0x08007480       0x3c ./Drivers/STM32G4xx_HAL_Driver/Src/stm32g4xx_hal_cortex.o
 .text.__NVIC_SetPriority
                0x080074bc       0x54 ./Drivers/STM32G4xx_HAL_Driver/Src/stm32g4xx_hal_cortex.o
 .text.NVIC_EncodePriority
                0x08007510       0x66 ./Drivers/STM32G4xx_HAL_Driver/Src/stm32g4xx_hal_cortex.o
 *fill*         0x08007576        0x2 
 .text.SysTick_Config
                0x08007578       0x44 ./Drivers/STM32G4xx_HAL_Driver/Src/stm32g4xx_hal_cortex.o
 .text.HAL_NVIC_SetPriorityGrouping
                0x080075bc       0x16 ./Drivers/STM32G4xx_HAL_Driver/Src/stm32g4xx_hal_cortex.o
                0x080075bc                HAL_NVIC_SetPriorityGrouping
 .text.HAL_NVIC_SetPriority
                0x080075d2       0x34 ./Drivers/STM32G4xx_HAL_Driver/Src/stm32g4xx_hal_cortex.o
                0x080075d2                HAL_NVIC_SetPriority
 .text.HAL_NVIC_EnableIRQ
                0x08007606       0x1c ./Drivers/STM32G4xx_HAL_Driver/Src/stm32g4xx_hal_cortex.o
                0x08007606                HAL_NVIC_EnableIRQ
 .text.HAL_SYSTICK_Config
                0x08007622       0x18 ./Drivers/STM32G4xx_HAL_Driver/Src/stm32g4xx_hal_cortex.o
                0x08007622                HAL_SYSTICK_Config
 *fill*         0x0800763a        0x2 
 .text.HAL_DMA_Init
                0x0800763c      0x150 ./Drivers/STM32G4xx_HAL_Driver/Src/stm32g4xx_hal_dma.o
                0x0800763c                HAL_DMA_Init
 .text.HAL_DMA_Start_IT
                0x0800778c       0xf6 ./Drivers/STM32G4xx_HAL_Driver/Src/stm32g4xx_hal_dma.o
                0x0800778c                HAL_DMA_Start_IT
 .text.HAL_DMA_Abort
                0x08007882       0xbc ./Drivers/STM32G4xx_HAL_Driver/Src/stm32g4xx_hal_dma.o
                0x08007882                HAL_DMA_Abort
 .text.HAL_DMA_Abort_IT
                0x0800793e       0xce ./Drivers/STM32G4xx_HAL_Driver/Src/stm32g4xx_hal_dma.o
                0x0800793e                HAL_DMA_Abort_IT
 .text.HAL_DMA_IRQHandler
                0x08007a0c      0x15e ./Drivers/STM32G4xx_HAL_Driver/Src/stm32g4xx_hal_dma.o
                0x08007a0c                HAL_DMA_IRQHandler
 .text.HAL_DMA_GetError
                0x08007b6a       0x18 ./Drivers/STM32G4xx_HAL_Driver/Src/stm32g4xx_hal_dma.o
                0x08007b6a                HAL_DMA_GetError
 .text.DMA_SetConfig
                0x08007b82       0x7c ./Drivers/STM32G4xx_HAL_Driver/Src/stm32g4xx_hal_dma.o
 *fill*         0x08007bfe        0x2 
 .text.DMA_CalcDMAMUXChannelBaseAndMask
                0x08007c00       0x90 ./Drivers/STM32G4xx_HAL_Driver/Src/stm32g4xx_hal_dma.o
 .text.DMA_CalcDMAMUXRequestGenBaseAndMask
                0x08007c90       0x4c ./Drivers/STM32G4xx_HAL_Driver/Src/stm32g4xx_hal_dma.o
 .text.HAL_FDCAN_Init
                0x08007cdc      0x2b4 ./Drivers/STM32G4xx_HAL_Driver/Src/stm32g4xx_hal_fdcan.o
                0x08007cdc                HAL_FDCAN_Init
 .text.FDCAN_CalcultateRamBlockAddresses
                0x08007f90       0xd8 ./Drivers/STM32G4xx_HAL_Driver/Src/stm32g4xx_hal_fdcan.o
 .text.HAL_GPIO_Init
                0x08008068      0x318 ./Drivers/STM32G4xx_HAL_Driver/Src/stm32g4xx_hal_gpio.o
                0x08008068                HAL_GPIO_Init
 .text.HAL_GPIO_ReadPin
                0x08008380       0x30 ./Drivers/STM32G4xx_HAL_Driver/Src/stm32g4xx_hal_gpio.o
                0x08008380                HAL_GPIO_ReadPin
 .text.HAL_GPIO_WritePin
                0x080083b0       0x30 ./Drivers/STM32G4xx_HAL_Driver/Src/stm32g4xx_hal_gpio.o
                0x080083b0                HAL_GPIO_WritePin
 .text.HAL_GPIO_TogglePin
                0x080083e0       0x34 ./Drivers/STM32G4xx_HAL_Driver/Src/stm32g4xx_hal_gpio.o
                0x080083e0                HAL_GPIO_TogglePin
 .text.HAL_GPIO_EXTI_IRQHandler
                0x08008414       0x30 ./Drivers/STM32G4xx_HAL_Driver/Src/stm32g4xx_hal_gpio.o
                0x08008414                HAL_GPIO_EXTI_IRQHandler
 .text.HAL_PWREx_ControlVoltageScaling
                0x08008444      0x148 ./Drivers/STM32G4xx_HAL_Driver/Src/stm32g4xx_hal_pwr_ex.o
                0x08008444                HAL_PWREx_ControlVoltageScaling
 .text.HAL_PWREx_DisableUCPDDeadBattery
                0x0800858c       0x20 ./Drivers/STM32G4xx_HAL_Driver/Src/stm32g4xx_hal_pwr_ex.o
                0x0800858c                HAL_PWREx_DisableUCPDDeadBattery
 .text.HAL_RCC_OscConfig
                0x080085ac      0x624 ./Drivers/STM32G4xx_HAL_Driver/Src/stm32g4xx_hal_rcc.o
                0x080085ac                HAL_RCC_OscConfig
 .text.HAL_RCC_ClockConfig
                0x08008bd0      0x278 ./Drivers/STM32G4xx_HAL_Driver/Src/stm32g4xx_hal_rcc.o
                0x08008bd0                HAL_RCC_ClockConfig
 .text.HAL_RCC_GetSysClockFreq
                0x08008e48       0xc4 ./Drivers/STM32G4xx_HAL_Driver/Src/stm32g4xx_hal_rcc.o
                0x08008e48                HAL_RCC_GetSysClockFreq
 .text.HAL_RCC_GetHCLKFreq
                0x08008f0c       0x18 ./Drivers/STM32G4xx_HAL_Driver/Src/stm32g4xx_hal_rcc.o
                0x08008f0c                HAL_RCC_GetHCLKFreq
 .text.HAL_RCC_GetPCLK1Freq
                0x08008f24       0x2c ./Drivers/STM32G4xx_HAL_Driver/Src/stm32g4xx_hal_rcc.o
                0x08008f24                HAL_RCC_GetPCLK1Freq
 .text.HAL_RCC_GetPCLK2Freq
                0x08008f50       0x2c ./Drivers/STM32G4xx_HAL_Driver/Src/stm32g4xx_hal_rcc.o
                0x08008f50                HAL_RCC_GetPCLK2Freq
 .text.RCC_GetSysClockFreqFromPLLSource
                0x08008f7c       0x8c ./Drivers/STM32G4xx_HAL_Driver/Src/stm32g4xx_hal_rcc.o
 .text.HAL_RCCEx_PeriphCLKConfig
                0x08009008      0x49c ./Drivers/STM32G4xx_HAL_Driver/Src/stm32g4xx_hal_rcc_ex.o
                0x08009008                HAL_RCCEx_PeriphCLKConfig
 .text.HAL_TIM_Base_Init
                0x080094a4       0xc8 ./Drivers/STM32G4xx_HAL_Driver/Src/stm32g4xx_hal_tim.o
                0x080094a4                HAL_TIM_Base_Init
 .text.HAL_TIM_Base_Start
                0x0800956c       0xe0 ./Drivers/STM32G4xx_HAL_Driver/Src/stm32g4xx_hal_tim.o
                0x0800956c                HAL_TIM_Base_Start
 .text.HAL_TIM_Base_Start_IT
                0x0800964c       0xf0 ./Drivers/STM32G4xx_HAL_Driver/Src/stm32g4xx_hal_tim.o
                0x0800964c                HAL_TIM_Base_Start_IT
 .text.HAL_TIM_Base_Stop_IT
                0x0800973c       0x60 ./Drivers/STM32G4xx_HAL_Driver/Src/stm32g4xx_hal_tim.o
                0x0800973c                HAL_TIM_Base_Stop_IT
 .text.HAL_TIM_OC_Init
                0x0800979c       0xc8 ./Drivers/STM32G4xx_HAL_Driver/Src/stm32g4xx_hal_tim.o
                0x0800979c                HAL_TIM_OC_Init
 .text.HAL_TIM_OC_MspInit
                0x08009864       0x14 ./Drivers/STM32G4xx_HAL_Driver/Src/stm32g4xx_hal_tim.o
                0x08009864                HAL_TIM_OC_MspInit
 .text.HAL_TIM_PWM_Init
                0x08009878       0xc8 ./Drivers/STM32G4xx_HAL_Driver/Src/stm32g4xx_hal_tim.o
                0x08009878                HAL_TIM_PWM_Init
 .text.HAL_TIM_PWM_MspInit
                0x08009940       0x14 ./Drivers/STM32G4xx_HAL_Driver/Src/stm32g4xx_hal_tim.o
                0x08009940                HAL_TIM_PWM_MspInit
 .text.HAL_TIM_PWM_Start
                0x08009954      0x224 ./Drivers/STM32G4xx_HAL_Driver/Src/stm32g4xx_hal_tim.o
                0x08009954                HAL_TIM_PWM_Start
 .text.HAL_TIM_OnePulse_Init
                0x08009b78       0xbc ./Drivers/STM32G4xx_HAL_Driver/Src/stm32g4xx_hal_tim.o
                0x08009b78                HAL_TIM_OnePulse_Init
 .text.HAL_TIM_OnePulse_MspInit
                0x08009c34       0x14 ./Drivers/STM32G4xx_HAL_Driver/Src/stm32g4xx_hal_tim.o
                0x08009c34                HAL_TIM_OnePulse_MspInit
 .text.HAL_TIM_OnePulse_Start_IT
                0x08009c48      0x11c ./Drivers/STM32G4xx_HAL_Driver/Src/stm32g4xx_hal_tim.o
                0x08009c48                HAL_TIM_OnePulse_Start_IT
 .text.HAL_TIM_Encoder_Init
                0x08009d64      0x168 ./Drivers/STM32G4xx_HAL_Driver/Src/stm32g4xx_hal_tim.o
                0x08009d64                HAL_TIM_Encoder_Init
 .text.HAL_TIM_Encoder_Start
                0x08009ecc      0x11c ./Drivers/STM32G4xx_HAL_Driver/Src/stm32g4xx_hal_tim.o
                0x08009ecc                HAL_TIM_Encoder_Start
 .text.HAL_TIM_IRQHandler
                0x08009fe8      0x2f2 ./Drivers/STM32G4xx_HAL_Driver/Src/stm32g4xx_hal_tim.o
                0x08009fe8                HAL_TIM_IRQHandler
 *fill*         0x0800a2da        0x2 
 .text.HAL_TIM_OC_ConfigChannel
                0x0800a2dc       0xf4 ./Drivers/STM32G4xx_HAL_Driver/Src/stm32g4xx_hal_tim.o
                0x0800a2dc                HAL_TIM_OC_ConfigChannel
 .text.HAL_TIM_PWM_ConfigChannel
                0x0800a3d0      0x228 ./Drivers/STM32G4xx_HAL_Driver/Src/stm32g4xx_hal_tim.o
                0x0800a3d0                HAL_TIM_PWM_ConfigChannel
 .text.HAL_TIM_ConfigClockSource
                0x0800a5f8      0x22c ./Drivers/STM32G4xx_HAL_Driver/Src/stm32g4xx_hal_tim.o
                0x0800a5f8                HAL_TIM_ConfigClockSource
 .text.HAL_TIM_PeriodElapsedHalfCpltCallback
                0x0800a824       0x14 ./Drivers/STM32G4xx_HAL_Driver/Src/stm32g4xx_hal_tim.o
                0x0800a824                HAL_TIM_PeriodElapsedHalfCpltCallback
 .text.HAL_TIM_OC_DelayElapsedCallback
                0x0800a838       0x14 ./Drivers/STM32G4xx_HAL_Driver/Src/stm32g4xx_hal_tim.o
                0x0800a838                HAL_TIM_OC_DelayElapsedCallback
 .text.HAL_TIM_IC_CaptureCallback
                0x0800a84c       0x14 ./Drivers/STM32G4xx_HAL_Driver/Src/stm32g4xx_hal_tim.o
                0x0800a84c                HAL_TIM_IC_CaptureCallback
 .text.HAL_TIM_IC_CaptureHalfCpltCallback
                0x0800a860       0x14 ./Drivers/STM32G4xx_HAL_Driver/Src/stm32g4xx_hal_tim.o
                0x0800a860                HAL_TIM_IC_CaptureHalfCpltCallback
 .text.HAL_TIM_PWM_PulseFinishedCallback
                0x0800a874       0x14 ./Drivers/STM32G4xx_HAL_Driver/Src/stm32g4xx_hal_tim.o
                0x0800a874                HAL_TIM_PWM_PulseFinishedCallback
 .text.HAL_TIM_PWM_PulseFinishedHalfCpltCallback
                0x0800a888       0x14 ./Drivers/STM32G4xx_HAL_Driver/Src/stm32g4xx_hal_tim.o
                0x0800a888                HAL_TIM_PWM_PulseFinishedHalfCpltCallback
 .text.HAL_TIM_TriggerCallback
                0x0800a89c       0x14 ./Drivers/STM32G4xx_HAL_Driver/Src/stm32g4xx_hal_tim.o
                0x0800a89c                HAL_TIM_TriggerCallback
 .text.HAL_TIM_TriggerHalfCpltCallback
                0x0800a8b0       0x14 ./Drivers/STM32G4xx_HAL_Driver/Src/stm32g4xx_hal_tim.o
                0x0800a8b0                HAL_TIM_TriggerHalfCpltCallback
 .text.HAL_TIM_ErrorCallback
                0x0800a8c4       0x14 ./Drivers/STM32G4xx_HAL_Driver/Src/stm32g4xx_hal_tim.o
                0x0800a8c4                HAL_TIM_ErrorCallback
 .text.HAL_TIM_RegisterCallback
                0x0800a8d8      0x2c0 ./Drivers/STM32G4xx_HAL_Driver/Src/stm32g4xx_hal_tim.o
                0x0800a8d8                HAL_TIM_RegisterCallback
 .text.TIM_Base_SetConfig
                0x0800ab98      0x15c ./Drivers/STM32G4xx_HAL_Driver/Src/stm32g4xx_hal_tim.o
                0x0800ab98                TIM_Base_SetConfig
 .text.TIM_OC1_SetConfig
                0x0800acf4      0x138 ./Drivers/STM32G4xx_HAL_Driver/Src/stm32g4xx_hal_tim.o
 .text.TIM_OC2_SetConfig
                0x0800ae2c      0x12c ./Drivers/STM32G4xx_HAL_Driver/Src/stm32g4xx_hal_tim.o
                0x0800ae2c                TIM_OC2_SetConfig
 .text.TIM_OC3_SetConfig
                0x0800af58      0x128 ./Drivers/STM32G4xx_HAL_Driver/Src/stm32g4xx_hal_tim.o
 .text.TIM_OC4_SetConfig
                0x0800b080      0x12c ./Drivers/STM32G4xx_HAL_Driver/Src/stm32g4xx_hal_tim.o
 .text.TIM_OC5_SetConfig
                0x0800b1ac       0xd4 ./Drivers/STM32G4xx_HAL_Driver/Src/stm32g4xx_hal_tim.o
 .text.TIM_OC6_SetConfig
                0x0800b280       0xd8 ./Drivers/STM32G4xx_HAL_Driver/Src/stm32g4xx_hal_tim.o
 .text.TIM_TI1_ConfigInputStage
                0x0800b358       0xb4 ./Drivers/STM32G4xx_HAL_Driver/Src/stm32g4xx_hal_tim.o
 .text.TIM_TI2_ConfigInputStage
                0x0800b40c       0x90 ./Drivers/STM32G4xx_HAL_Driver/Src/stm32g4xx_hal_tim.o
 .text.TIM_ITRx_SetConfig
                0x0800b49c       0x3a ./Drivers/STM32G4xx_HAL_Driver/Src/stm32g4xx_hal_tim.o
 .text.TIM_ETR_SetConfig
                0x0800b4d6       0x40 ./Drivers/STM32G4xx_HAL_Driver/Src/stm32g4xx_hal_tim.o
                0x0800b4d6                TIM_ETR_SetConfig
 .text.TIM_CCxChannelCmd
                0x0800b516       0x4a ./Drivers/STM32G4xx_HAL_Driver/Src/stm32g4xx_hal_tim.o
                0x0800b516                TIM_CCxChannelCmd
 .text.TIM_ResetCallback
                0x0800b560       0xec ./Drivers/STM32G4xx_HAL_Driver/Src/stm32g4xx_hal_tim.o
                0x0800b560                TIM_ResetCallback
 .text.HAL_TIMEx_MasterConfigSynchronization
                0x0800b64c      0x12c ./Drivers/STM32G4xx_HAL_Driver/Src/stm32g4xx_hal_tim_ex.o
                0x0800b64c                HAL_TIMEx_MasterConfigSynchronization
 .text.HAL_TIMEx_ConfigBreakDeadTime
                0x0800b778      0x128 ./Drivers/STM32G4xx_HAL_Driver/Src/stm32g4xx_hal_tim_ex.o
                0x0800b778                HAL_TIMEx_ConfigBreakDeadTime
 .text.HAL_TIMEx_CommutCallback
                0x0800b8a0       0x14 ./Drivers/STM32G4xx_HAL_Driver/Src/stm32g4xx_hal_tim_ex.o
                0x0800b8a0                HAL_TIMEx_CommutCallback
 .text.HAL_TIMEx_CommutHalfCpltCallback
                0x0800b8b4       0x14 ./Drivers/STM32G4xx_HAL_Driver/Src/stm32g4xx_hal_tim_ex.o
                0x0800b8b4                HAL_TIMEx_CommutHalfCpltCallback
 .text.HAL_TIMEx_BreakCallback
                0x0800b8c8       0x14 ./Drivers/STM32G4xx_HAL_Driver/Src/stm32g4xx_hal_tim_ex.o
                0x0800b8c8                HAL_TIMEx_BreakCallback
 .text.HAL_TIMEx_Break2Callback
                0x0800b8dc       0x14 ./Drivers/STM32G4xx_HAL_Driver/Src/stm32g4xx_hal_tim_ex.o
                0x0800b8dc                HAL_TIMEx_Break2Callback
 .text.HAL_TIMEx_EncoderIndexCallback
                0x0800b8f0       0x14 ./Drivers/STM32G4xx_HAL_Driver/Src/stm32g4xx_hal_tim_ex.o
                0x0800b8f0                HAL_TIMEx_EncoderIndexCallback
 .text.HAL_TIMEx_DirectionChangeCallback
                0x0800b904       0x14 ./Drivers/STM32G4xx_HAL_Driver/Src/stm32g4xx_hal_tim_ex.o
                0x0800b904                HAL_TIMEx_DirectionChangeCallback
 .text.HAL_TIMEx_IndexErrorCallback
                0x0800b918       0x14 ./Drivers/STM32G4xx_HAL_Driver/Src/stm32g4xx_hal_tim_ex.o
                0x0800b918                HAL_TIMEx_IndexErrorCallback
 .text.HAL_TIMEx_TransitionErrorCallback
                0x0800b92c       0x14 ./Drivers/STM32G4xx_HAL_Driver/Src/stm32g4xx_hal_tim_ex.o
                0x0800b92c                HAL_TIMEx_TransitionErrorCallback
 .text.HAL_UART_Init
                0x0800b940       0xc0 ./Drivers/STM32G4xx_HAL_Driver/Src/stm32g4xx_hal_uart.o
                0x0800b940                HAL_UART_Init
 .text.HAL_UART_Transmit_DMA
                0x0800ba00      0x100 ./Drivers/STM32G4xx_HAL_Driver/Src/stm32g4xx_hal_uart.o
                0x0800ba00                HAL_UART_Transmit_DMA
 .text.HAL_UART_Receive_DMA
                0x0800bb00       0x98 ./Drivers/STM32G4xx_HAL_Driver/Src/stm32g4xx_hal_uart.o
                0x0800bb00                HAL_UART_Receive_DMA
 .text.HAL_UART_AbortReceive
                0x0800bb98      0x162 ./Drivers/STM32G4xx_HAL_Driver/Src/stm32g4xx_hal_uart.o
                0x0800bb98                HAL_UART_AbortReceive
 *fill*         0x0800bcfa        0x2 
 .text.HAL_UART_IRQHandler
                0x0800bcfc      0x6a8 ./Drivers/STM32G4xx_HAL_Driver/Src/stm32g4xx_hal_uart.o
                0x0800bcfc                HAL_UART_IRQHandler
 .text.HAL_UART_TxCpltCallback
                0x0800c3a4       0x14 ./Drivers/STM32G4xx_HAL_Driver/Src/stm32g4xx_hal_uart.o
                0x0800c3a4                HAL_UART_TxCpltCallback
 .text.HAL_UART_TxHalfCpltCallback
                0x0800c3b8       0x14 ./Drivers/STM32G4xx_HAL_Driver/Src/stm32g4xx_hal_uart.o
                0x0800c3b8                HAL_UART_TxHalfCpltCallback
 .text.HAL_UART_RxCpltCallback
                0x0800c3cc       0x14 ./Drivers/STM32G4xx_HAL_Driver/Src/stm32g4xx_hal_uart.o
                0x0800c3cc                HAL_UART_RxCpltCallback
 .text.HAL_UART_RxHalfCpltCallback
                0x0800c3e0       0x14 ./Drivers/STM32G4xx_HAL_Driver/Src/stm32g4xx_hal_uart.o
                0x0800c3e0                HAL_UART_RxHalfCpltCallback
 .text.HAL_UART_AbortCpltCallback
                0x0800c3f4       0x14 ./Drivers/STM32G4xx_HAL_Driver/Src/stm32g4xx_hal_uart.o
                0x0800c3f4                HAL_UART_AbortCpltCallback
 .text.HAL_UART_AbortTransmitCpltCallback
                0x0800c408       0x14 ./Drivers/STM32G4xx_HAL_Driver/Src/stm32g4xx_hal_uart.o
                0x0800c408                HAL_UART_AbortTransmitCpltCallback
 .text.HAL_UART_AbortReceiveCpltCallback
                0x0800c41c       0x14 ./Drivers/STM32G4xx_HAL_Driver/Src/stm32g4xx_hal_uart.o
                0x0800c41c                HAL_UART_AbortReceiveCpltCallback
 .text.HAL_UARTEx_RxEventCallback
                0x0800c430       0x18 ./Drivers/STM32G4xx_HAL_Driver/Src/stm32g4xx_hal_uart.o
                0x0800c430                HAL_UARTEx_RxEventCallback
 .text.HAL_UART_ReceiverTimeout_Config
                0x0800c448       0x38 ./Drivers/STM32G4xx_HAL_Driver/Src/stm32g4xx_hal_uart.o
                0x0800c448                HAL_UART_ReceiverTimeout_Config
 .text.HAL_UART_EnableReceiverTimeout
                0x0800c480       0x74 ./Drivers/STM32G4xx_HAL_Driver/Src/stm32g4xx_hal_uart.o
                0x0800c480                HAL_UART_EnableReceiverTimeout
 .text.HAL_UART_GetError
                0x0800c4f4       0x1a ./Drivers/STM32G4xx_HAL_Driver/Src/stm32g4xx_hal_uart.o
                0x0800c4f4                HAL_UART_GetError
 *fill*         0x0800c50e        0x2 
 .text.UART_InitCallbacksToDefault
                0x0800c510       0xa4 ./Drivers/STM32G4xx_HAL_Driver/Src/stm32g4xx_hal_uart.o
                0x0800c510                UART_InitCallbacksToDefault
 .text.UART_SetConfig
                0x0800c5b4      0x5f8 ./Drivers/STM32G4xx_HAL_Driver/Src/stm32g4xx_hal_uart.o
                0x0800c5b4                UART_SetConfig
 .text.UART_AdvFeatureConfig
                0x0800cbac      0x144 ./Drivers/STM32G4xx_HAL_Driver/Src/stm32g4xx_hal_uart.o
                0x0800cbac                UART_AdvFeatureConfig
 .text.UART_CheckIdleState
                0x0800ccf0      0x154 ./Drivers/STM32G4xx_HAL_Driver/Src/stm32g4xx_hal_uart.o
                0x0800ccf0                UART_CheckIdleState
 .text.UART_WaitOnFlagUntilTimeout
                0x0800ce44       0xda ./Drivers/STM32G4xx_HAL_Driver/Src/stm32g4xx_hal_uart.o
                0x0800ce44                UART_WaitOnFlagUntilTimeout
 *fill*         0x0800cf1e        0x2 
 .text.UART_Start_Receive_DMA
                0x0800cf20      0x14c ./Drivers/STM32G4xx_HAL_Driver/Src/stm32g4xx_hal_uart.o
                0x0800cf20                UART_Start_Receive_DMA
 .text.UART_EndTxTransfer
                0x0800d06c       0x82 ./Drivers/STM32G4xx_HAL_Driver/Src/stm32g4xx_hal_uart.o
 .text.UART_EndRxTransfer
                0x0800d0ee       0xcc ./Drivers/STM32G4xx_HAL_Driver/Src/stm32g4xx_hal_uart.o
 .text.UART_DMATransmitCplt
                0x0800d1ba       0x9e ./Drivers/STM32G4xx_HAL_Driver/Src/stm32g4xx_hal_uart.o
 .text.UART_DMATxHalfCplt
                0x0800d258       0x20 ./Drivers/STM32G4xx_HAL_Driver/Src/stm32g4xx_hal_uart.o
 .text.UART_DMAReceiveCplt
                0x0800d278      0x16a ./Drivers/STM32G4xx_HAL_Driver/Src/stm32g4xx_hal_uart.o
 .text.UART_DMARxHalfCplt
                0x0800d3e2       0x7a ./Drivers/STM32G4xx_HAL_Driver/Src/stm32g4xx_hal_uart.o
 .text.UART_DMAError
                0x0800d45c       0x74 ./Drivers/STM32G4xx_HAL_Driver/Src/stm32g4xx_hal_uart.o
 .text.UART_DMAAbortOnError
                0x0800d4d0       0x20 ./Drivers/STM32G4xx_HAL_Driver/Src/stm32g4xx_hal_uart.o
 .text.UART_EndTransmit_IT
                0x0800d4f0       0x5a ./Drivers/STM32G4xx_HAL_Driver/Src/stm32g4xx_hal_uart.o
 .text.HAL_UARTEx_WakeupCallback
                0x0800d54a       0x14 ./Drivers/STM32G4xx_HAL_Driver/Src/stm32g4xx_hal_uart_ex.o
                0x0800d54a                HAL_UARTEx_WakeupCallback
 .text.HAL_UARTEx_RxFifoFullCallback
                0x0800d55e       0x14 ./Drivers/STM32G4xx_HAL_Driver/Src/stm32g4xx_hal_uart_ex.o
                0x0800d55e                HAL_UARTEx_RxFifoFullCallback
 .text.HAL_UARTEx_TxFifoEmptyCallback
                0x0800d572       0x14 ./Drivers/STM32G4xx_HAL_Driver/Src/stm32g4xx_hal_uart_ex.o
                0x0800d572                HAL_UARTEx_TxFifoEmptyCallback
 .text.HAL_UARTEx_DisableFifoMode
                0x0800d586       0x72 ./Drivers/STM32G4xx_HAL_Driver/Src/stm32g4xx_hal_uart_ex.o
                0x0800d586                HAL_UARTEx_DisableFifoMode
 .text.HAL_UARTEx_SetTxFifoThreshold
                0x0800d5f8       0x7c ./Drivers/STM32G4xx_HAL_Driver/Src/stm32g4xx_hal_uart_ex.o
                0x0800d5f8                HAL_UARTEx_SetTxFifoThreshold
 .text.HAL_UARTEx_SetRxFifoThreshold
                0x0800d674       0x7c ./Drivers/STM32G4xx_HAL_Driver/Src/stm32g4xx_hal_uart_ex.o
                0x0800d674                HAL_UARTEx_SetRxFifoThreshold
 .text.UARTEx_SetNbDataToProcess
                0x0800d6f0       0x9c ./Drivers/STM32G4xx_HAL_Driver/Src/stm32g4xx_hal_uart_ex.o
 .text.arm_mat_trans_f32
                0x0800d78c      0x154 ../Middlewares/Third_Party/ARM_CMSIS/CMSIS/DSP/Lib/GCC\libarm_cortexM4lf_math.a(arm_mat_trans_f32.o)
                0x0800d78c                arm_mat_trans_f32
 .text.arm_mat_sub_f32
                0x0800d8e0       0xd8 ../Middlewares/Third_Party/ARM_CMSIS/CMSIS/DSP/Lib/GCC\libarm_cortexM4lf_math.a(arm_mat_sub_f32.o)
                0x0800d8e0                arm_mat_sub_f32
 .text.arm_mat_scale_f32
                0x0800d9b8       0xa8 ../Middlewares/Third_Party/ARM_CMSIS/CMSIS/DSP/Lib/GCC\libarm_cortexM4lf_math.a(arm_mat_scale_f32.o)
                0x0800d9b8                arm_mat_scale_f32
 .text.arm_mat_mult_f32
                0x0800da60      0x220 ../Middlewares/Third_Party/ARM_CMSIS/CMSIS/DSP/Lib/GCC\libarm_cortexM4lf_math.a(arm_mat_mult_f32.o)
                0x0800da60                arm_mat_mult_f32
 .text.arm_mat_init_f32
                0x0800dc80        0x8 ../Middlewares/Third_Party/ARM_CMSIS/CMSIS/DSP/Lib/GCC\libarm_cortexM4lf_math.a(arm_mat_init_f32.o)
                0x0800dc80                arm_mat_init_f32
 .text.arm_mat_add_f32
                0x0800dc88       0xd8 ../Middlewares/Third_Party/ARM_CMSIS/CMSIS/DSP/Lib/GCC\libarm_cortexM4lf_math.a(arm_mat_add_f32.o)
                0x0800dc88                arm_mat_add_f32
 .text.memset   0x0800dd60       0x10 C:/ST/STM32CubeIDE_1.19.0/STM32CubeIDE/plugins/com.st.stm32cube.ide.mcu.externaltools.gnu-tools-for-stm32.13.3.rel1.win32_1.0.0.202411081344/tools/bin/../lib/gcc/arm-none-eabi/13.3.1/../../../../arm-none-eabi/lib/thumb/v7e-m+fp/hard\libc_nano.a(libc_a-memset.o)
                0x0800dd60                memset
 .text.__errno  0x0800dd70        0xc C:/ST/STM32CubeIDE_1.19.0/STM32CubeIDE/plugins/com.st.stm32cube.ide.mcu.externaltools.gnu-tools-for-stm32.13.3.rel1.win32_1.0.0.202411081344/tools/bin/../lib/gcc/arm-none-eabi/13.3.1/../../../../arm-none-eabi/lib/thumb/v7e-m+fp/hard\libc_nano.a(libc_a-errno.o)
                0x0800dd70                __errno
 .text.__libc_init_array
                0x0800dd7c       0x48 C:/ST/STM32CubeIDE_1.19.0/STM32CubeIDE/plugins/com.st.stm32cube.ide.mcu.externaltools.gnu-tools-for-stm32.13.3.rel1.win32_1.0.0.202411081344/tools/bin/../lib/gcc/arm-none-eabi/13.3.1/../../../../arm-none-eabi/lib/thumb/v7e-m+fp/hard\libc_nano.a(libc_a-init.o)
                0x0800dd7c                __libc_init_array
 .text.memcpy   0x0800ddc4       0x1c C:/ST/STM32CubeIDE_1.19.0/STM32CubeIDE/plugins/com.st.stm32cube.ide.mcu.externaltools.gnu-tools-for-stm32.13.3.rel1.win32_1.0.0.202411081344/tools/bin/../lib/gcc/arm-none-eabi/13.3.1/../../../../arm-none-eabi/lib/thumb/v7e-m+fp/hard\libc_nano.a(libc_a-memcpy-stub.o)
                0x0800ddc4                memcpy
 .text.sqrtf    0x0800dde0       0x3c C:/ST/STM32CubeIDE_1.19.0/STM32CubeIDE/plugins/com.st.stm32cube.ide.mcu.externaltools.gnu-tools-for-stm32.13.3.rel1.win32_1.0.0.202411081344/tools/bin/../lib/gcc/arm-none-eabi/13.3.1/../../../../arm-none-eabi/lib/thumb/v7e-m+fp/hard\libm.a(libm_a-wf_sqrt.o)
                0x0800dde0                sqrtf
 .text.cbrtf    0x0800de1c       0xc0 C:/ST/STM32CubeIDE_1.19.0/STM32CubeIDE/plugins/com.st.stm32cube.ide.mcu.externaltools.gnu-tools-for-stm32.13.3.rel1.win32_1.0.0.202411081344/tools/bin/../lib/gcc/arm-none-eabi/13.3.1/../../../../arm-none-eabi/lib/thumb/v7e-m+fp/hard\libm.a(libm_a-sf_cbrt.o)
                0x0800de1c                cbrtf
 .text.__ieee754_sqrtf
                0x0800dedc        0x6 C:/ST/STM32CubeIDE_1.19.0/STM32CubeIDE/plugins/com.st.stm32cube.ide.mcu.externaltools.gnu-tools-for-stm32.13.3.rel1.win32_1.0.0.202411081344/tools/bin/../lib/gcc/arm-none-eabi/13.3.1/../../../../arm-none-eabi/lib/thumb/v7e-m+fp/hard\libm.a(libm_a-ef_sqrt.o)
                0x0800dedc                __ieee754_sqrtf
 *fill*         0x0800dee2        0x2 
 .text.roundf   0x0800dee4       0x48 C:/ST/STM32CubeIDE_1.19.0/STM32CubeIDE/plugins/com.st.stm32cube.ide.mcu.externaltools.gnu-tools-for-stm32.13.3.rel1.win32_1.0.0.202411081344/tools/bin/../lib/gcc/arm-none-eabi/13.3.1/../../../../arm-none-eabi/lib/thumb/v7e-m+fp/hard\libm.a(libm_a-sf_round.o)
                0x0800dee4                roundf
 *(.glue_7)
 .glue_7        0x0800df2c        0x0 linker stubs
 *(.glue_7t)
 .glue_7t       0x0800df2c        0x0 linker stubs
 *(.eh_frame)
 .eh_frame      0x0800df2c        0x0 C:/ST/STM32CubeIDE_1.19.0/STM32CubeIDE/plugins/com.st.stm32cube.ide.mcu.externaltools.gnu-tools-for-stm32.13.3.rel1.win32_1.0.0.202411081344/tools/bin/../lib/gcc/arm-none-eabi/13.3.1/thumb/v7e-m+fp/hard/crtbegin.o
 *(.init)
 .init          0x0800df2c        0x4 C:/ST/STM32CubeIDE_1.19.0/STM32CubeIDE/plugins/com.st.stm32cube.ide.mcu.externaltools.gnu-tools-for-stm32.13.3.rel1.win32_1.0.0.202411081344/tools/bin/../lib/gcc/arm-none-eabi/13.3.1/thumb/v7e-m+fp/hard/crti.o
                0x0800df2c                _init
 .init          0x0800df30        0x8 C:/ST/STM32CubeIDE_1.19.0/STM32CubeIDE/plugins/com.st.stm32cube.ide.mcu.externaltools.gnu-tools-for-stm32.13.3.rel1.win32_1.0.0.202411081344/tools/bin/../lib/gcc/arm-none-eabi/13.3.1/thumb/v7e-m+fp/hard/crtn.o
 *(.fini)
 .fini          0x0800df38        0x4 C:/ST/STM32CubeIDE_1.19.0/STM32CubeIDE/plugins/com.st.stm32cube.ide.mcu.externaltools.gnu-tools-for-stm32.13.3.rel1.win32_1.0.0.202411081344/tools/bin/../lib/gcc/arm-none-eabi/13.3.1/thumb/v7e-m+fp/hard/crti.o
                0x0800df38                _fini
 .fini          0x0800df3c        0x8 C:/ST/STM32CubeIDE_1.19.0/STM32CubeIDE/plugins/com.st.stm32cube.ide.mcu.externaltools.gnu-tools-for-stm32.13.3.rel1.win32_1.0.0.202411081344/tools/bin/../lib/gcc/arm-none-eabi/13.3.1/thumb/v7e-m+fp/hard/crtn.o
                0x0800df44                        . = ALIGN (0x4)
                0x0800df44                        _etext = .

.vfp11_veneer   0x0800df44        0x0
 .vfp11_veneer  0x0800df44        0x0 linker stubs

.v4_bx          0x0800df44        0x0
 .v4_bx         0x0800df44        0x0 linker stubs

.iplt           0x0800df44        0x0
 .iplt          0x0800df44        0x0 C:/ST/STM32CubeIDE_1.19.0/STM32CubeIDE/plugins/com.st.stm32cube.ide.mcu.externaltools.gnu-tools-for-stm32.13.3.rel1.win32_1.0.0.202411081344/tools/bin/../lib/gcc/arm-none-eabi/13.3.1/thumb/v7e-m+fp/hard/crtbegin.o

.rodata         0x0800df44       0x80
                0x0800df44                        . = ALIGN (0x4)
 *(.rodata)
 .rodata        0x0800df44       0x40 ./Core/Src/kalman.o
 *(.rodata*)
 .rodata.AHBPrescTable
                0x0800df84       0x10 ./Core/Src/system_stm32g4xx.o
                0x0800df84                AHBPrescTable
 .rodata.APBPrescTable
                0x0800df94        0x8 ./Core/Src/system_stm32g4xx.o
                0x0800df94                APBPrescTable
 .rodata.UARTPrescTable
                0x0800df9c       0x18 ./Drivers/STM32G4xx_HAL_Driver/Src/stm32g4xx_hal_uart.o
                0x0800df9c                UARTPrescTable
 .rodata.numerator.1
                0x0800dfb4        0x8 ./Drivers/STM32G4xx_HAL_Driver/Src/stm32g4xx_hal_uart_ex.o
 .rodata.denominator.0
                0x0800dfbc        0x8 ./Drivers/STM32G4xx_HAL_Driver/Src/stm32g4xx_hal_uart_ex.o
                0x0800dfc4                        . = ALIGN (0x4)

.ARM.extab      0x0800dfc4        0x0
                0x0800dfc4                        . = ALIGN (0x4)
 *(.ARM.extab* .gnu.linkonce.armextab.*)
                0x0800dfc4                        . = ALIGN (0x4)

.ARM            0x0800dfc4        0x8
                0x0800dfc4                        . = ALIGN (0x4)
                0x0800dfc4                        __exidx_start = .
 *(.ARM.exidx*)
 .ARM.exidx     0x0800dfc4        0x8 C:/ST/STM32CubeIDE_1.19.0/STM32CubeIDE/plugins/com.st.stm32cube.ide.mcu.externaltools.gnu-tools-for-stm32.13.3.rel1.win32_1.0.0.202411081344/tools/bin/../lib/gcc/arm-none-eabi/13.3.1/thumb/v7e-m+fp/hard\libgcc.a(_udivmoddi4.o)
                0x0800dfcc                        __exidx_end = .
                0x0800dfcc                        . = ALIGN (0x4)

.preinit_array  0x0800dfcc        0x0
                0x0800dfcc                        . = ALIGN (0x4)
                0x0800dfcc                        PROVIDE (__preinit_array_start = .)
 *(.preinit_array*)
                0x0800dfcc                        PROVIDE (__preinit_array_end = .)
                0x0800dfcc                        . = ALIGN (0x4)

.init_array     0x0800dfcc        0x4
                0x0800dfcc                        . = ALIGN (0x4)
                0x0800dfcc                        PROVIDE (__init_array_start = .)
 *(SORT_BY_NAME(.init_array.*))
 *(.init_array*)
 .init_array    0x0800dfcc        0x4 C:/ST/STM32CubeIDE_1.19.0/STM32CubeIDE/plugins/com.st.stm32cube.ide.mcu.externaltools.gnu-tools-for-stm32.13.3.rel1.win32_1.0.0.202411081344/tools/bin/../lib/gcc/arm-none-eabi/13.3.1/thumb/v7e-m+fp/hard/crtbegin.o
                0x0800dfd0                        PROVIDE (__init_array_end = .)
                0x0800dfd0                        . = ALIGN (0x4)

.fini_array     0x0800dfd0        0x4
                0x0800dfd0                        . = ALIGN (0x4)
                [!provide]                        PROVIDE (__fini_array_start = .)
 *(SORT_BY_NAME(.fini_array.*))
 *(.fini_array*)
 .fini_array    0x0800dfd0        0x4 C:/ST/STM32CubeIDE_1.19.0/STM32CubeIDE/plugins/com.st.stm32cube.ide.mcu.externaltools.gnu-tools-for-stm32.13.3.rel1.win32_1.0.0.202411081344/tools/bin/../lib/gcc/arm-none-eabi/13.3.1/thumb/v7e-m+fp/hard/crtbegin.o
                [!provide]                        PROVIDE (__fini_array_end = .)
                0x0800dfd4                        . = ALIGN (0x4)
                0x0800dfd4                        _sidata = LOADADDR (.data)

.rel.dyn        0x0800dfd4        0x0
 .rel.iplt      0x0800dfd4        0x0 C:/ST/STM32CubeIDE_1.19.0/STM32CubeIDE/plugins/com.st.stm32cube.ide.mcu.externaltools.gnu-tools-for-stm32.13.3.rel1.win32_1.0.0.202411081344/tools/bin/../lib/gcc/arm-none-eabi/13.3.1/thumb/v7e-m+fp/hard/crtbegin.o

.data           0x20000000      0x278 load address 0x0800dfd4
                0x20000000                        . = ALIGN (0x4)
                0x20000000                        _sdata = .
 *(.data)
 *(.data*)
 .data.auchCRCLo
                0x20000000      0x100 ./Core/Src/BaseSystem.o
 .data.auchCRCHi
                0x20000100      0x100 ./Core/Src/BaseSystem.o
 .data.my_motor
                0x20000200       0x1c ./Core/Src/main.o
                0x20000200                my_motor
 .data.SystemCoreClock
                0x2000021c        0x4 ./Core/Src/system_stm32g4xx.o
                0x2000021c                SystemCoreClock
 .data.uwTickPrio
                0x20000220        0x4 ./Drivers/STM32G4xx_HAL_Driver/Src/stm32g4xx_hal.o
                0x20000220                uwTickPrio
 .data.uwTickFreq
                0x20000224        0x4 ./Drivers/STM32G4xx_HAL_Driver/Src/stm32g4xx_hal.o
                0x20000224                uwTickFreq
 .data._impure_ptr
                0x20000228        0x4 C:/ST/STM32CubeIDE_1.19.0/STM32CubeIDE/plugins/com.st.stm32cube.ide.mcu.externaltools.gnu-tools-for-stm32.13.3.rel1.win32_1.0.0.202411081344/tools/bin/../lib/gcc/arm-none-eabi/13.3.1/../../../../arm-none-eabi/lib/thumb/v7e-m+fp/hard\libc_nano.a(libc_a-impure.o)
                0x20000228                _impure_ptr
 .data._impure_data
                0x2000022c       0x4c C:/ST/STM32CubeIDE_1.19.0/STM32CubeIDE/plugins/com.st.stm32cube.ide.mcu.externaltools.gnu-tools-for-stm32.13.3.rel1.win32_1.0.0.202411081344/tools/bin/../lib/gcc/arm-none-eabi/13.3.1/../../../../arm-none-eabi/lib/thumb/v7e-m+fp/hard\libc_nano.a(libc_a-impure.o)
                0x2000022c                _impure_data
 *(.RamFunc)
 *(.RamFunc*)
                0x20000278                        . = ALIGN (0x4)
                0x20000278                        _edata = .

.igot.plt       0x20000278        0x0 load address 0x0800e24c
 .igot.plt      0x20000278        0x0 C:/ST/STM32CubeIDE_1.19.0/STM32CubeIDE/plugins/com.st.stm32cube.ide.mcu.externaltools.gnu-tools-for-stm32.13.3.rel1.win32_1.0.0.202411081344/tools/bin/../lib/gcc/arm-none-eabi/13.3.1/thumb/v7e-m+fp/hard/crtbegin.o
                0x20000278                        . = ALIGN (0x4)

.bss            0x20000278     0x1654 load address 0x0800e24c
                0x20000278                        _sbss = .
                0x20000278                        __bss_start__ = _sbss
 *(.bss)
 .bss           0x20000278       0x1c C:/ST/STM32CubeIDE_1.19.0/STM32CubeIDE/plugins/com.st.stm32cube.ide.mcu.externaltools.gnu-tools-for-stm32.13.3.rel1.win32_1.0.0.202411081344/tools/bin/../lib/gcc/arm-none-eabi/13.3.1/thumb/v7e-m+fp/hard/crtbegin.o
 *(.bss*)
 .bss.hmodbus   0x20000294      0x614 ./Core/Src/BaseSystem.o
                0x20000294                hmodbus
 .bss.registerFrame
                0x200008a8       0x64 ./Core/Src/BaseSystem.o
                0x200008a8                registerFrame
 .bss.BaseCmd   0x2000090c       0x44 ./Core/Src/BaseSystem.o
                0x2000090c                BaseCmd
 .bss.BaseSystem_IsConnected
                0x20000950        0x1 ./Core/Src/BaseSystem.o
                0x20000950                BaseSystem_IsConnected
 *fill*         0x20000951        0x3 
 .bss.hfdcan1   0x20000954       0x64 ./Core/Src/fdcan.o
                0x20000954                hfdcan1
 .bss.sys_state
                0x200009b8       0x18 ./Core/Src/main.o
                0x200009b8                sys_state
 .bss.Controller
                0x200009d0       0x38 ./Core/Src/main.o
                0x200009d0                Controller
 .bss.Inner     0x20000a08       0x30 ./Core/Src/main.o
                0x20000a08                Inner
 .bss.Outer     0x20000a38       0x30 ./Core/Src/main.o
                0x20000a38                Outer
 .bss.Kalman    0x20000a68      0x61c ./Core/Src/main.o
                0x20000a68                Kalman
 .bss.ff        0x20001084       0x40 ./Core/Src/main.o
                0x20001084                ff
 .bss.encoder   0x200010c4       0x2c ./Core/Src/main.o
                0x200010c4                encoder
 .bss.ref_pos   0x200010f0       0x14 ./Core/Src/main.o
                0x200010f0                ref_pos
 .bss.robot_joy
                0x20001104       0x10 ./Core/Src/main.o
                0x20001104                robot_joy
 .bss.robot_ramp
                0x20001114        0x2 ./Core/Src/main.o
                0x20001114                robot_ramp
 *fill*         0x20001116        0x2 
 .bss.traj_mgr  0x20001118       0x90 ./Core/Src/main.o
                0x20001118                traj_mgr
 .bss.emergency_latch
                0x200011a8        0x1 ./Core/Src/main.o
                0x200011a8                emergency_latch
 *fill*         0x200011a9        0x3 
 .bss.seq       0x200011ac        0xc ./Core/Src/main.o
                0x200011ac                seq
 .bss.test      0x200011b8       0x10 ./Core/Src/main.o
                0x200011b8                test
 .bss.joy_prev  0x200011c8        0x6 ./Core/Src/main.o
                0x200011c8                joy_prev
 .bss.joy_picking
                0x200011ce        0x1 ./Core/Src/main.o
                0x200011ce                joy_picking
 .bss.joy_placing
                0x200011cf        0x1 ./Core/Src/main.o
                0x200011cf                joy_placing
 .bss.p2p_grip_pending
                0x200011d0        0x1 ./Core/Src/main.o
                0x200011d0                p2p_grip_pending
 *fill*         0x200011d1        0x3 
 .bss.color_hold_start
                0x200011d4        0x4 ./Core/Src/main.o
                0x200011d4                color_hold_start
 .bss.robot_gripper
                0x200011d8       0x14 ./Core/Src/main.o
                0x200011d8                robot_gripper
 .bss.vout      0x200011ec        0x4 ./Core/Src/main.o
                0x200011ec                vout
 .bss.moving    0x200011f0        0x4 ./Core/Src/main.o
                0x200011f0                moving
 .bss.actual_vin
                0x200011f4        0x4 ./Core/Src/main.o
                0x200011f4                actual_vin
 .bss.friction_feedforward
                0x200011f8        0x4 ./Core/Src/main.o
                0x200011f8                friction_feedforward
 .bss.dbg_prev_running.2
                0x200011fc        0x1 ./Core/Src/main.o
 .bss.dbg_off.1
                0x200011fd        0x1 ./Core/Src/main.o
 *fill*         0x200011fe        0x2 
 .bss.dbg_off_start.0
                0x20001200        0x4 ./Core/Src/main.o
 .bss.backoff_start_time.0
                0x20001204        0x4 ./Core/Src/system_state.o
 .bss.htim1     0x20001208       0xcc ./Core/Src/tim.o
                0x20001208                htim1
 .bss.htim2     0x200012d4       0xcc ./Core/Src/tim.o
                0x200012d4                htim2
 .bss.htim3     0x200013a0       0xcc ./Core/Src/tim.o
                0x200013a0                htim3
 .bss.htim16    0x2000146c       0xcc ./Core/Src/tim.o
                0x2000146c                htim16
 .bss.htim20    0x20001538       0xcc ./Core/Src/tim.o
                0x20001538                htim20
 .bss.huart2    0x20001604       0xcc ./Core/Src/usart.o
                0x20001604                huart2
 .bss.hdma_usart2_tx
                0x200016d0       0x60 ./Core/Src/usart.o
                0x200016d0                hdma_usart2_tx
 .bss.hdma_usart2_rx
                0x20001730       0x60 ./Core/Src/usart.o
                0x20001730                hdma_usart2_rx
 .bss.uwTick    0x20001790        0x4 ./Drivers/STM32G4xx_HAL_Driver/Src/stm32g4xx_hal.o
                0x20001790                uwTick
 .bss.__sf      0x20001794      0x138 C:/ST/STM32CubeIDE_1.19.0/STM32CubeIDE/plugins/com.st.stm32cube.ide.mcu.externaltools.gnu-tools-for-stm32.13.3.rel1.win32_1.0.0.202411081344/tools/bin/../lib/gcc/arm-none-eabi/13.3.1/../../../../arm-none-eabi/lib/thumb/v7e-m+fp/hard\libc_nano.a(libc_a-findfp.o)
                0x20001794                __sf
 *(COMMON)
                0x200018cc                        . = ALIGN (0x4)
                0x200018cc                        _ebss = .
                0x200018cc                        __bss_end__ = _ebss

._user_heap_stack
                0x200018cc      0x604 load address 0x0800e24c
                0x200018d0                        . = ALIGN (0x8)
 *fill*         0x200018cc        0x4 
                [!provide]                        PROVIDE (end = .)
                0x200018d0                        PROVIDE (_end = .)
                0x20001ad0                        . = (. + _Min_Heap_Size)
 *fill*         0x200018d0      0x200 
                0x20001ed0                        . = (. + _Min_Stack_Size)
 *fill*         0x20001ad0      0x400 
                0x20001ed0                        . = ALIGN (0x8)

/DISCARD/
 libc.a(*)
 libm.a(*)
 libgcc.a(*)

.ARM.attributes
                0x00000000       0x30
 *(.ARM.attributes)
 .ARM.attributes
                0x00000000       0x22 C:/ST/STM32CubeIDE_1.19.0/STM32CubeIDE/plugins/com.st.stm32cube.ide.mcu.externaltools.gnu-tools-for-stm32.13.3.rel1.win32_1.0.0.202411081344/tools/bin/../lib/gcc/arm-none-eabi/13.3.1/thumb/v7e-m+fp/hard/crti.o
 .ARM.attributes
                0x00000022       0x34 C:/ST/STM32CubeIDE_1.19.0/STM32CubeIDE/plugins/com.st.stm32cube.ide.mcu.externaltools.gnu-tools-for-stm32.13.3.rel1.win32_1.0.0.202411081344/tools/bin/../lib/gcc/arm-none-eabi/13.3.1/thumb/v7e-m+fp/hard/crtbegin.o
 .ARM.attributes
                0x00000056       0x34 ./Core/Src/BaseSystem.o
 .ARM.attributes
                0x0000008a       0x34 ./Core/Src/cascade.o
 .ARM.attributes
                0x000000be       0x34 ./Core/Src/dma.o
 .ARM.attributes
                0x000000f2       0x34 ./Core/Src/elec_cabient.o
 .ARM.attributes
                0x00000126       0x34 ./Core/Src/fdcan.o
 .ARM.attributes
                0x0000015a       0x34 ./Core/Src/gpio.o
 .ARM.attributes
                0x0000018e       0x34 ./Core/Src/kalman.o
 .ARM.attributes
                0x000001c2       0x34 ./Core/Src/main.o
 .ARM.attributes
                0x000001f6       0x34 ./Core/Src/stm32g4xx_hal_msp.o
 .ARM.attributes
                0x0000022a       0x34 ./Core/Src/stm32g4xx_it.o
 .ARM.attributes
                0x0000025e       0x34 ./Core/Src/system_state.o
 .ARM.attributes
                0x00000292       0x34 ./Core/Src/system_stm32g4xx.o
 .ARM.attributes
                0x000002c6       0x34 ./Core/Src/tim.o
 .ARM.attributes
                0x000002fa       0x34 ./Core/Src/trajectory.o
 .ARM.attributes
                0x0000032e       0x34 ./Core/Src/usart.o
 .ARM.attributes
                0x00000362       0x21 ./Core/Startup/startup_stm32g474retx.o
 .ARM.attributes
                0x00000383       0x34 ./Drivers/STM32G4xx_HAL_Driver/Src/stm32g4xx_hal.o
 .ARM.attributes
                0x000003b7       0x34 ./Drivers/STM32G4xx_HAL_Driver/Src/stm32g4xx_hal_cortex.o
 .ARM.attributes
                0x000003eb       0x34 ./Drivers/STM32G4xx_HAL_Driver/Src/stm32g4xx_hal_dma.o
 .ARM.attributes
                0x0000041f       0x34 ./Drivers/STM32G4xx_HAL_Driver/Src/stm32g4xx_hal_fdcan.o
 .ARM.attributes
                0x00000453       0x34 ./Drivers/STM32G4xx_HAL_Driver/Src/stm32g4xx_hal_gpio.o
 .ARM.attributes
                0x00000487       0x34 ./Drivers/STM32G4xx_HAL_Driver/Src/stm32g4xx_hal_pwr_ex.o
 .ARM.attributes
                0x000004bb       0x34 ./Drivers/STM32G4xx_HAL_Driver/Src/stm32g4xx_hal_rcc.o
 .ARM.attributes
                0x000004ef       0x34 ./Drivers/STM32G4xx_HAL_Driver/Src/stm32g4xx_hal_rcc_ex.o
 .ARM.attributes
                0x00000523       0x34 ./Drivers/STM32G4xx_HAL_Driver/Src/stm32g4xx_hal_tim.o
 .ARM.attributes
                0x00000557       0x34 ./Drivers/STM32G4xx_HAL_Driver/Src/stm32g4xx_hal_tim_ex.o
 .ARM.attributes
                0x0000058b       0x34 ./Drivers/STM32G4xx_HAL_Driver/Src/stm32g4xx_hal_uart.o
 .ARM.attributes
                0x000005bf       0x34 ./Drivers/STM32G4xx_HAL_Driver/Src/stm32g4xx_hal_uart_ex.o
 .ARM.attributes
                0x000005f3       0x34 ../Middlewares/Third_Party/ARM_CMSIS/CMSIS/DSP/Lib/GCC\libarm_cortexM4lf_math.a(arm_mat_trans_f32.o)
 .ARM.attributes
                0x00000627       0x34 ../Middlewares/Third_Party/ARM_CMSIS/CMSIS/DSP/Lib/GCC\libarm_cortexM4lf_math.a(arm_mat_sub_f32.o)
 .ARM.attributes
                0x0000065b       0x34 ../Middlewares/Third_Party/ARM_CMSIS/CMSIS/DSP/Lib/GCC\libarm_cortexM4lf_math.a(arm_mat_scale_f32.o)
 .ARM.attributes
                0x0000068f       0x34 ../Middlewares/Third_Party/ARM_CMSIS/CMSIS/DSP/Lib/GCC\libarm_cortexM4lf_math.a(arm_mat_mult_f32.o)
 .ARM.attributes
                0x000006c3       0x34 ../Middlewares/Third_Party/ARM_CMSIS/CMSIS/DSP/Lib/GCC\libarm_cortexM4lf_math.a(arm_mat_init_f32.o)
 .ARM.attributes
                0x000006f7       0x34 ../Middlewares/Third_Party/ARM_CMSIS/CMSIS/DSP/Lib/GCC\libarm_cortexM4lf_math.a(arm_mat_add_f32.o)
 .ARM.attributes
                0x0000072b       0x34 C:/ST/STM32CubeIDE_1.19.0/STM32CubeIDE/plugins/com.st.stm32cube.ide.mcu.externaltools.gnu-tools-for-stm32.13.3.rel1.win32_1.0.0.202411081344/tools/bin/../lib/gcc/arm-none-eabi/13.3.1/../../../../arm-none-eabi/lib/thumb/v7e-m+fp/hard\libc_nano.a(libc_a-findfp.o)
 .ARM.attributes
                0x0000075f       0x34 C:/ST/STM32CubeIDE_1.19.0/STM32CubeIDE/plugins/com.st.stm32cube.ide.mcu.externaltools.gnu-tools-for-stm32.13.3.rel1.win32_1.0.0.202411081344/tools/bin/../lib/gcc/arm-none-eabi/13.3.1/../../../../arm-none-eabi/lib/thumb/v7e-m+fp/hard\libc_nano.a(libc_a-memset.o)
 .ARM.attributes
                0x00000793       0x34 C:/ST/STM32CubeIDE_1.19.0/STM32CubeIDE/plugins/com.st.stm32cube.ide.mcu.externaltools.gnu-tools-for-stm32.13.3.rel1.win32_1.0.0.202411081344/tools/bin/../lib/gcc/arm-none-eabi/13.3.1/../../../../arm-none-eabi/lib/thumb/v7e-m+fp/hard\libc_nano.a(libc_a-impure.o)
 .ARM.attributes
                0x000007c7       0x34 C:/ST/STM32CubeIDE_1.19.0/STM32CubeIDE/plugins/com.st.stm32cube.ide.mcu.externaltools.gnu-tools-for-stm32.13.3.rel1.win32_1.0.0.202411081344/tools/bin/../lib/gcc/arm-none-eabi/13.3.1/../../../../arm-none-eabi/lib/thumb/v7e-m+fp/hard\libc_nano.a(libc_a-errno.o)
 .ARM.attributes
                0x000007fb       0x34 C:/ST/STM32CubeIDE_1.19.0/STM32CubeIDE/plugins/com.st.stm32cube.ide.mcu.externaltools.gnu-tools-for-stm32.13.3.rel1.win32_1.0.0.202411081344/tools/bin/../lib/gcc/arm-none-eabi/13.3.1/../../../../arm-none-eabi/lib/thumb/v7e-m+fp/hard\libc_nano.a(libc_a-init.o)
 .ARM.attributes
                0x0000082f       0x34 C:/ST/STM32CubeIDE_1.19.0/STM32CubeIDE/plugins/com.st.stm32cube.ide.mcu.externaltools.gnu-tools-for-stm32.13.3.rel1.win32_1.0.0.202411081344/tools/bin/../lib/gcc/arm-none-eabi/13.3.1/../../../../arm-none-eabi/lib/thumb/v7e-m+fp/hard\libc_nano.a(libc_a-memcpy-stub.o)
 .ARM.attributes
                0x00000863       0x34 C:/ST/STM32CubeIDE_1.19.0/STM32CubeIDE/plugins/com.st.stm32cube.ide.mcu.externaltools.gnu-tools-for-stm32.13.3.rel1.win32_1.0.0.202411081344/tools/bin/../lib/gcc/arm-none-eabi/13.3.1/../../../../arm-none-eabi/lib/thumb/v7e-m+fp/hard\libm.a(libm_a-wf_sqrt.o)
 .ARM.attributes
                0x00000897       0x34 C:/ST/STM32CubeIDE_1.19.0/STM32CubeIDE/plugins/com.st.stm32cube.ide.mcu.externaltools.gnu-tools-for-stm32.13.3.rel1.win32_1.0.0.202411081344/tools/bin/../lib/gcc/arm-none-eabi/13.3.1/../../../../arm-none-eabi/lib/thumb/v7e-m+fp/hard\libm.a(libm_a-sf_cbrt.o)
 .ARM.attributes
                0x000008cb       0x34 C:/ST/STM32CubeIDE_1.19.0/STM32CubeIDE/plugins/com.st.stm32cube.ide.mcu.externaltools.gnu-tools-for-stm32.13.3.rel1.win32_1.0.0.202411081344/tools/bin/../lib/gcc/arm-none-eabi/13.3.1/../../../../arm-none-eabi/lib/thumb/v7e-m+fp/hard\libm.a(libm_a-ef_sqrt.o)
 .ARM.attributes
                0x000008ff       0x34 C:/ST/STM32CubeIDE_1.19.0/STM32CubeIDE/plugins/com.st.stm32cube.ide.mcu.externaltools.gnu-tools-for-stm32.13.3.rel1.win32_1.0.0.202411081344/tools/bin/../lib/gcc/arm-none-eabi/13.3.1/../../../../arm-none-eabi/lib/thumb/v7e-m+fp/hard\libm.a(libm_a-sf_round.o)
 .ARM.attributes
                0x00000933       0x22 C:/ST/STM32CubeIDE_1.19.0/STM32CubeIDE/plugins/com.st.stm32cube.ide.mcu.externaltools.gnu-tools-for-stm32.13.3.rel1.win32_1.0.0.202411081344/tools/bin/../lib/gcc/arm-none-eabi/13.3.1/thumb/v7e-m+fp/hard\libgcc.a(_arm_muldf3.o)
 .ARM.attributes
                0x00000955       0x22 C:/ST/STM32CubeIDE_1.19.0/STM32CubeIDE/plugins/com.st.stm32cube.ide.mcu.externaltools.gnu-tools-for-stm32.13.3.rel1.win32_1.0.0.202411081344/tools/bin/../lib/gcc/arm-none-eabi/13.3.1/thumb/v7e-m+fp/hard\libgcc.a(_arm_addsubdf3.o)
 .ARM.attributes
                0x00000977       0x22 C:/ST/STM32CubeIDE_1.19.0/STM32CubeIDE/plugins/com.st.stm32cube.ide.mcu.externaltools.gnu-tools-for-stm32.13.3.rel1.win32_1.0.0.202411081344/tools/bin/../lib/gcc/arm-none-eabi/13.3.1/thumb/v7e-m+fp/hard\libgcc.a(_arm_cmpdf2.o)
 .ARM.attributes
                0x00000999       0x22 C:/ST/STM32CubeIDE_1.19.0/STM32CubeIDE/plugins/com.st.stm32cube.ide.mcu.externaltools.gnu-tools-for-stm32.13.3.rel1.win32_1.0.0.202411081344/tools/bin/../lib/gcc/arm-none-eabi/13.3.1/thumb/v7e-m+fp/hard\libgcc.a(_arm_truncdfsf2.o)
 .ARM.attributes
                0x000009bb       0x22 C:/ST/STM32CubeIDE_1.19.0/STM32CubeIDE/plugins/com.st.stm32cube.ide.mcu.externaltools.gnu-tools-for-stm32.13.3.rel1.win32_1.0.0.202411081344/tools/bin/../lib/gcc/arm-none-eabi/13.3.1/thumb/v7e-m+fp/hard\libgcc.a(_aeabi_uldivmod.o)
 .ARM.attributes
                0x000009dd       0x34 C:/ST/STM32CubeIDE_1.19.0/STM32CubeIDE/plugins/com.st.stm32cube.ide.mcu.externaltools.gnu-tools-for-stm32.13.3.rel1.win32_1.0.0.202411081344/tools/bin/../lib/gcc/arm-none-eabi/13.3.1/thumb/v7e-m+fp/hard\libgcc.a(_udivmoddi4.o)
 .ARM.attributes
                0x00000a11       0x22 C:/ST/STM32CubeIDE_1.19.0/STM32CubeIDE/plugins/com.st.stm32cube.ide.mcu.externaltools.gnu-tools-for-stm32.13.3.rel1.win32_1.0.0.202411081344/tools/bin/../lib/gcc/arm-none-eabi/13.3.1/thumb/v7e-m+fp/hard\libgcc.a(_dvmd_tls.o)
 .ARM.attributes
                0x00000a33       0x22 C:/ST/STM32CubeIDE_1.19.0/STM32CubeIDE/plugins/com.st.stm32cube.ide.mcu.externaltools.gnu-tools-for-stm32.13.3.rel1.win32_1.0.0.202411081344/tools/bin/../lib/gcc/arm-none-eabi/13.3.1/thumb/v7e-m+fp/hard/crtn.o
OUTPUT(Base_System.elf elf32-littlearm)
LOAD linker stubs
LOAD C:/ST/STM32CubeIDE_1.19.0/STM32CubeIDE/plugins/com.st.stm32cube.ide.mcu.externaltools.gnu-tools-for-stm32.13.3.rel1.win32_1.0.0.202411081344/tools/bin/../lib/gcc/arm-none-eabi/13.3.1/../../../../arm-none-eabi/lib/thumb/v7e-m+fp/hard\libc.a
LOAD C:/ST/STM32CubeIDE_1.19.0/STM32CubeIDE/plugins/com.st.stm32cube.ide.mcu.externaltools.gnu-tools-for-stm32.13.3.rel1.win32_1.0.0.202411081344/tools/bin/../lib/gcc/arm-none-eabi/13.3.1/../../../../arm-none-eabi/lib/thumb/v7e-m+fp/hard\libm.a
LOAD C:/ST/STM32CubeIDE_1.19.0/STM32CubeIDE/plugins/com.st.stm32cube.ide.mcu.externaltools.gnu-tools-for-stm32.13.3.rel1.win32_1.0.0.202411081344/tools/bin/../lib/gcc/arm-none-eabi/13.3.1/thumb/v7e-m+fp/hard\libgcc.a

.debug_info     0x00000000    0x2341d
 .debug_info    0x00000000     0x179f ./Core/Src/BaseSystem.o
 .debug_info    0x0000179f      0xbca ./Core/Src/cascade.o
 .debug_info    0x00002369      0x5ac ./Core/Src/dma.o
 .debug_info    0x00002915      0x512 ./Core/Src/elec_cabient.o
 .debug_info    0x00002e27      0xb6a ./Core/Src/fdcan.o
 .debug_info    0x00003991      0x763 ./Core/Src/gpio.o
 .debug_info    0x000040f4      0x83d ./Core/Src/kalman.o
 .debug_info    0x00004931     0x2fcd ./Core/Src/main.o
 .debug_info    0x000078fe      0x2da ./Core/Src/stm32g4xx_hal_msp.o
 .debug_info    0x00007bd8      0xf9d ./Core/Src/stm32g4xx_it.o
 .debug_info    0x00008b75      0xdf7 ./Core/Src/system_state.o
 .debug_info    0x0000996c      0x58e ./Core/Src/system_stm32g4xx.o
 .debug_info    0x00009efa     0x1714 ./Core/Src/tim.o
 .debug_info    0x0000b60e     0x155f ./Core/Src/trajectory.o
 .debug_info    0x0000cb6d     0x11c8 ./Core/Src/usart.o
 .debug_info    0x0000dd35       0x30 ./Core/Startup/startup_stm32g474retx.o
 .debug_info    0x0000dd65      0xb95 ./Drivers/STM32G4xx_HAL_Driver/Src/stm32g4xx_hal.o
 .debug_info    0x0000e8fa      0xdf9 ./Drivers/STM32G4xx_HAL_Driver/Src/stm32g4xx_hal_cortex.o
 .debug_info    0x0000f6f3      0x85f ./Drivers/STM32G4xx_HAL_Driver/Src/stm32g4xx_hal_dma.o
 .debug_info    0x0000ff52     0x18ba ./Drivers/STM32G4xx_HAL_Driver/Src/stm32g4xx_hal_fdcan.o
 .debug_info    0x0001180c      0x772 ./Drivers/STM32G4xx_HAL_Driver/Src/stm32g4xx_hal_gpio.o
 .debug_info    0x00011f7e      0x944 ./Drivers/STM32G4xx_HAL_Driver/Src/stm32g4xx_hal_pwr_ex.o
 .debug_info    0x000128c2      0xbf9 ./Drivers/STM32G4xx_HAL_Driver/Src/stm32g4xx_hal_rcc.o
 .debug_info    0x000134bb      0xc5d ./Drivers/STM32G4xx_HAL_Driver/Src/stm32g4xx_hal_rcc_ex.o
 .debug_info    0x00014118     0x301a ./Drivers/STM32G4xx_HAL_Driver/Src/stm32g4xx_hal_tim.o
 .debug_info    0x00017132     0x1f5e ./Drivers/STM32G4xx_HAL_Driver/Src/stm32g4xx_hal_tim_ex.o
 .debug_info    0x00019090     0x4b08 ./Drivers/STM32G4xx_HAL_Driver/Src/stm32g4xx_hal_uart.o
 .debug_info    0x0001db98     0x10c7 ./Drivers/STM32G4xx_HAL_Driver/Src/stm32g4xx_hal_uart_ex.o
 .debug_info    0x0001ec5f      0xc1e ../Middlewares/Third_Party/ARM_CMSIS/CMSIS/DSP/Lib/GCC\libarm_cortexM4lf_math.a(arm_mat_trans_f32.o)
 .debug_info    0x0001f87d      0xbf9 ../Middlewares/Third_Party/ARM_CMSIS/CMSIS/DSP/Lib/GCC\libarm_cortexM4lf_math.a(arm_mat_sub_f32.o)
 .debug_info    0x00020476      0xbe5 ../Middlewares/Third_Party/ARM_CMSIS/CMSIS/DSP/Lib/GCC\libarm_cortexM4lf_math.a(arm_mat_scale_f32.o)
 .debug_info    0x0002105b      0xcbd ../Middlewares/Third_Party/ARM_CMSIS/CMSIS/DSP/Lib/GCC\libarm_cortexM4lf_math.a(arm_mat_mult_f32.o)
 .debug_info    0x00021d18      0xb0c ../Middlewares/Third_Party/ARM_CMSIS/CMSIS/DSP/Lib/GCC\libarm_cortexM4lf_math.a(arm_mat_init_f32.o)
 .debug_info    0x00022824      0xbf9 ../Middlewares/Third_Party/ARM_CMSIS/CMSIS/DSP/Lib/GCC\libarm_cortexM4lf_math.a(arm_mat_add_f32.o)

.debug_abbrev   0x00000000     0x491c
 .debug_abbrev  0x00000000      0x35f ./Core/Src/BaseSystem.o
 .debug_abbrev  0x0000035f      0x1b1 ./Core/Src/cascade.o
 .debug_abbrev  0x00000510      0x109 ./Core/Src/dma.o
 .debug_abbrev  0x00000619      0x1a3 ./Core/Src/elec_cabient.o
 .debug_abbrev  0x000007bc      0x1d3 ./Core/Src/fdcan.o
 .debug_abbrev  0x0000098f      0x162 ./Core/Src/gpio.o
 .debug_abbrev  0x00000af1      0x1eb ./Core/Src/kalman.o
 .debug_abbrev  0x00000cdc      0x3bb ./Core/Src/main.o
 .debug_abbrev  0x00001097       0xd9 ./Core/Src/stm32g4xx_hal_msp.o
 .debug_abbrev  0x00001170      0x1f7 ./Core/Src/stm32g4xx_it.o
 .debug_abbrev  0x00001367      0x271 ./Core/Src/system_state.o
 .debug_abbrev  0x000015d8      0x11a ./Core/Src/system_stm32g4xx.o
 .debug_abbrev  0x000016f2      0x284 ./Core/Src/tim.o
 .debug_abbrev  0x00001976      0x338 ./Core/Src/trajectory.o
 .debug_abbrev  0x00001cae      0x228 ./Core/Src/usart.o
 .debug_abbrev  0x00001ed6       0x24 ./Core/Startup/startup_stm32g474retx.o
 .debug_abbrev  0x00001efa      0x271 ./Drivers/STM32G4xx_HAL_Driver/Src/stm32g4xx_hal.o
 .debug_abbrev  0x0000216b      0x31c ./Drivers/STM32G4xx_HAL_Driver/Src/stm32g4xx_hal_cortex.o
 .debug_abbrev  0x00002487      0x1e2 ./Drivers/STM32G4xx_HAL_Driver/Src/stm32g4xx_hal_dma.o
 .debug_abbrev  0x00002669      0x1e7 ./Drivers/STM32G4xx_HAL_Driver/Src/stm32g4xx_hal_fdcan.o
 .debug_abbrev  0x00002850      0x1d2 ./Drivers/STM32G4xx_HAL_Driver/Src/stm32g4xx_hal_gpio.o
 .debug_abbrev  0x00002a22      0x22c ./Drivers/STM32G4xx_HAL_Driver/Src/stm32g4xx_hal_pwr_ex.o
 .debug_abbrev  0x00002c4e      0x2c9 ./Drivers/STM32G4xx_HAL_Driver/Src/stm32g4xx_hal_rcc.o
 .debug_abbrev  0x00002f17      0x261 ./Drivers/STM32G4xx_HAL_Driver/Src/stm32g4xx_hal_rcc_ex.o
 .debug_abbrev  0x00003178      0x2b8 ./Drivers/STM32G4xx_HAL_Driver/Src/stm32g4xx_hal_tim.o
 .debug_abbrev  0x00003430      0x2d6 ./Drivers/STM32G4xx_HAL_Driver/Src/stm32g4xx_hal_tim_ex.o
 .debug_abbrev  0x00003706      0x317 ./Drivers/STM32G4xx_HAL_Driver/Src/stm32g4xx_hal_uart.o
 .debug_abbrev  0x00003a1d      0x2d2 ./Drivers/STM32G4xx_HAL_Driver/Src/stm32g4xx_hal_uart_ex.o
 .debug_abbrev  0x00003cef      0x216 ../Middlewares/Third_Party/ARM_CMSIS/CMSIS/DSP/Lib/GCC\libarm_cortexM4lf_math.a(arm_mat_trans_f32.o)
 .debug_abbrev  0x00003f05      0x202 ../Middlewares/Third_Party/ARM_CMSIS/CMSIS/DSP/Lib/GCC\libarm_cortexM4lf_math.a(arm_mat_sub_f32.o)
 .debug_abbrev  0x00004107      0x216 ../Middlewares/Third_Party/ARM_CMSIS/CMSIS/DSP/Lib/GCC\libarm_cortexM4lf_math.a(arm_mat_scale_f32.o)
 .debug_abbrev  0x0000431d      0x216 ../Middlewares/Third_Party/ARM_CMSIS/CMSIS/DSP/Lib/GCC\libarm_cortexM4lf_math.a(arm_mat_mult_f32.o)
 .debug_abbrev  0x00004533      0x1e7 ../Middlewares/Third_Party/ARM_CMSIS/CMSIS/DSP/Lib/GCC\libarm_cortexM4lf_math.a(arm_mat_init_f32.o)
 .debug_abbrev  0x0000471a      0x202 ../Middlewares/Third_Party/ARM_CMSIS/CMSIS/DSP/Lib/GCC\libarm_cortexM4lf_math.a(arm_mat_add_f32.o)

.debug_aranges  0x00000000     0x16d0
 .debug_aranges
                0x00000000       0xa8 ./Core/Src/BaseSystem.o
 .debug_aranges
                0x000000a8       0x60 ./Core/Src/cascade.o
 .debug_aranges
                0x00000108       0x20 ./Core/Src/dma.o
 .debug_aranges
                0x00000128       0x60 ./Core/Src/elec_cabient.o
 .debug_aranges
                0x00000188       0x30 ./Core/Src/fdcan.o
 .debug_aranges
                0x000001b8       0x20 ./Core/Src/gpio.o
 .debug_aranges
                0x000001d8       0x30 ./Core/Src/kalman.o
 .debug_aranges
                0x00000208       0x50 ./Core/Src/main.o
 .debug_aranges
                0x00000258       0x20 ./Core/Src/stm32g4xx_hal_msp.o
 .debug_aranges
                0x00000278       0x90 ./Core/Src/stm32g4xx_it.o
 .debug_aranges
                0x00000308       0x48 ./Core/Src/system_state.o
 .debug_aranges
                0x00000350       0x28 ./Core/Src/system_stm32g4xx.o
 .debug_aranges
                0x00000378       0x68 ./Core/Src/tim.o
 .debug_aranges
                0x000003e0       0xa0 ./Core/Src/trajectory.o
 .debug_aranges
                0x00000480       0x30 ./Core/Src/usart.o
 .debug_aranges
                0x000004b0       0x28 ./Core/Startup/startup_stm32g474retx.o
 .debug_aranges
                0x000004d8      0x148 ./Drivers/STM32G4xx_HAL_Driver/Src/stm32g4xx_hal.o
 .debug_aranges
                0x00000620      0x128 ./Drivers/STM32G4xx_HAL_Driver/Src/stm32g4xx_hal_cortex.o
 .debug_aranges
                0x00000748       0x90 ./Drivers/STM32G4xx_HAL_Driver/Src/stm32g4xx_hal_dma.o
 .debug_aranges
                0x000007d8      0x208 ./Drivers/STM32G4xx_HAL_Driver/Src/stm32g4xx_hal_fdcan.o
 .debug_aranges
                0x000009e0       0x58 ./Drivers/STM32G4xx_HAL_Driver/Src/stm32g4xx_hal_gpio.o
 .debug_aranges
                0x00000a38      0x140 ./Drivers/STM32G4xx_HAL_Driver/Src/stm32g4xx_hal_pwr_ex.o
 .debug_aranges
                0x00000b78       0x98 ./Drivers/STM32G4xx_HAL_Driver/Src/stm32g4xx_hal_rcc.o
 .debug_aranges
                0x00000c10       0xb0 ./Drivers/STM32G4xx_HAL_Driver/Src/stm32g4xx_hal_rcc_ex.o
 .debug_aranges
                0x00000cc0      0x3f8 ./Drivers/STM32G4xx_HAL_Driver/Src/stm32g4xx_hal_tim.o
 .debug_aranges
                0x000010b8      0x240 ./Drivers/STM32G4xx_HAL_Driver/Src/stm32g4xx_hal_tim_ex.o
 .debug_aranges
                0x000012f8      0x270 ./Drivers/STM32G4xx_HAL_Driver/Src/stm32g4xx_hal_uart.o
 .debug_aranges
                0x00001568       0xa8 ./Drivers/STM32G4xx_HAL_Driver/Src/stm32g4xx_hal_uart_ex.o
 .debug_aranges
                0x00001610       0x20 ../Middlewares/Third_Party/ARM_CMSIS/CMSIS/DSP/Lib/GCC\libarm_cortexM4lf_math.a(arm_mat_trans_f32.o)
 .debug_aranges
                0x00001630       0x20 ../Middlewares/Third_Party/ARM_CMSIS/CMSIS/DSP/Lib/GCC\libarm_cortexM4lf_math.a(arm_mat_sub_f32.o)
 .debug_aranges
                0x00001650       0x20 ../Middlewares/Third_Party/ARM_CMSIS/CMSIS/DSP/Lib/GCC\libarm_cortexM4lf_math.a(arm_mat_scale_f32.o)
 .debug_aranges
                0x00001670       0x20 ../Middlewares/Third_Party/ARM_CMSIS/CMSIS/DSP/Lib/GCC\libarm_cortexM4lf_math.a(arm_mat_mult_f32.o)
 .debug_aranges
                0x00001690       0x20 ../Middlewares/Third_Party/ARM_CMSIS/CMSIS/DSP/Lib/GCC\libarm_cortexM4lf_math.a(arm_mat_init_f32.o)
 .debug_aranges
                0x000016b0       0x20 ../Middlewares/Third_Party/ARM_CMSIS/CMSIS/DSP/Lib/GCC\libarm_cortexM4lf_math.a(arm_mat_add_f32.o)

.debug_rnglists
                0x00000000     0x115b
 .debug_rnglists
                0x00000000       0x7f ./Core/Src/BaseSystem.o
 .debug_rnglists
                0x0000007f       0x49 ./Core/Src/cascade.o
 .debug_rnglists
                0x000000c8       0x13 ./Core/Src/dma.o
 .debug_rnglists
                0x000000db       0x46 ./Core/Src/elec_cabient.o
 .debug_rnglists
                0x00000121       0x21 ./Core/Src/fdcan.o
 .debug_rnglists
                0x00000142       0x14 ./Core/Src/gpio.o
 .debug_rnglists
                0x00000156       0x22 ./Core/Src/kalman.o
 .debug_rnglists
                0x00000178       0x77 ./Core/Src/main.o
 .debug_rnglists
                0x000001ef       0x13 ./Core/Src/stm32g4xx_hal_msp.o
 .debug_rnglists
                0x00000202       0x67 ./Core/Src/stm32g4xx_it.o
 .debug_rnglists
                0x00000269       0x34 ./Core/Src/system_state.o
 .debug_rnglists
                0x0000029d       0x1a ./Core/Src/system_stm32g4xx.o
 .debug_rnglists
                0x000002b7       0x51 ./Core/Src/tim.o
 .debug_rnglists
                0x00000308       0x7d ./Core/Src/trajectory.o
 .debug_rnglists
                0x00000385       0x21 ./Core/Src/usart.o
 .debug_rnglists
                0x000003a6       0x19 ./Core/Startup/startup_stm32g474retx.o
 .debug_rnglists
                0x000003bf       0xf1 ./Drivers/STM32G4xx_HAL_Driver/Src/stm32g4xx_hal.o
 .debug_rnglists
                0x000004b0       0xda ./Drivers/STM32G4xx_HAL_Driver/Src/stm32g4xx_hal_cortex.o
 .debug_rnglists
                0x0000058a       0x72 ./Drivers/STM32G4xx_HAL_Driver/Src/stm32g4xx_hal_dma.o
 .debug_rnglists
                0x000005fc      0x18d ./Drivers/STM32G4xx_HAL_Driver/Src/stm32g4xx_hal_fdcan.o
 .debug_rnglists
                0x00000789       0x3f ./Drivers/STM32G4xx_HAL_Driver/Src/stm32g4xx_hal_gpio.o
 .debug_rnglists
                0x000007c8       0xf1 ./Drivers/STM32G4xx_HAL_Driver/Src/stm32g4xx_hal_pwr_ex.o
 .debug_rnglists
                0x000008b9       0x74 ./Drivers/STM32G4xx_HAL_Driver/Src/stm32g4xx_hal_rcc.o
 .debug_rnglists
                0x0000092d       0x87 ./Drivers/STM32G4xx_HAL_Driver/Src/stm32g4xx_hal_rcc_ex.o
 .debug_rnglists