Archive member included to satisfy reference by file (symbol)

../Middlewares/Third_Party/ARM_CMSIS/CMSIS/DSP/Lib/GCC\libarm_cortexM4lf_math.a(arm_mat_trans_f32.o)
                              ./Core/Src/kalman.o (arm_mat_trans_f32)
../Middlewares/Third_Party/ARM_CMSIS/CMSIS/DSP/Lib/GCC\libarm_cortexM4lf_math.a(arm_mat_sub_f32.o)
                              ./Core/Src/kalman.o (arm_mat_sub_f32)
../Middlewares/Third_Party/ARM_CMSIS/CMSIS/DSP/Lib/GCC\libarm_cortexM4lf_math.a(arm_mat_scale_f32.o)
                              ./Core/Src/kalman.o (arm_mat_scale_f32)
../Middlewares/Third_Party/ARM_CMSIS/CMSIS/DSP/Lib/GCC\libarm_cortexM4lf_math.a(arm_mat_mult_f32.o)
                              ./Core/Src/kalman.o (arm_mat_mult_f32)
../Middlewares/Third_Party/ARM_CMSIS/CMSIS/DSP/Lib/GCC\libarm_cortexM4lf_math.a(arm_mat_init_f32.o)
                              ./Core/Src/kalman.o (arm_mat_init_f32)
../Middlewares/Third_Party/ARM_CMSIS/CMSIS/DSP/Lib/GCC\libarm_cortexM4lf_math.a(arm_mat_add_f32.o)
                              ./Core/Src/kalman.o (arm_mat_add_f32)
C:/ST/STM32CubeIDE_1.19.0/STM32CubeIDE/plugins/com.st.stm32cube.ide.mcu.externaltools.gnu-tools-for-stm32.13.3.rel1.win32_1.0.0.202411081344/tools/bin/../lib/gcc/arm-none-eabi/13.3.1/../../../../arm-none-eabi/lib/thumb/v7e-m+fp/hard\libc_nano.a(libc_a-exit.o)
                              C:/ST/STM32CubeIDE_1.19.0/STM32CubeIDE/plugins/com.st.stm32cube.ide.mcu.externaltools.gnu-tools-for-stm32.13.3.rel1.win32_1.0.0.202411081344/tools/bin/../lib/gcc/arm-none-eabi/13.3.1/../../../../arm-none-eabi/lib/thumb/v7e-m+fp/hard/crt0.o (exit)
C:/ST/STM32CubeIDE_1.19.0/STM32CubeIDE/plugins/com.st.stm32cube.ide.mcu.externaltools.gnu-tools-for-stm32.13.3.rel1.win32_1.0.0.202411081344/tools/bin/../lib/gcc/arm-none-eabi/13.3.1/../../../../arm-none-eabi/lib/thumb/v7e-m+fp/hard\libc_nano.a(libc_a-findfp.o)
                              C:/ST/STM32CubeIDE_1.19.0/STM32CubeIDE/plugins/com.st.stm32cube.ide.mcu.externaltools.gnu-tools-for-stm32.13.3.rel1.win32_1.0.0.202411081344/tools/bin/../lib/gcc/arm-none-eabi/13.3.1/../../../../arm-none-eabi/lib/thumb/v7e-m+fp/hard\libc_nano.a(libc_a-exit.o) (__stdio_exit_handler)
C:/ST/STM32CubeIDE_1.19.0/STM32CubeIDE/plugins/com.st.stm32cube.ide.mcu.externaltools.gnu-tools-for-stm32.13.3.rel1.win32_1.0.0.202411081344/tools/bin/../lib/gcc/arm-none-eabi/13.3.1/../../../../arm-none-eabi/lib/thumb/v7e-m+fp/hard\libc_nano.a(libc_a-fwalk.o)
                              C:/ST/STM32CubeIDE_1.19.0/STM32CubeIDE/plugins/com.st.stm32cube.ide.mcu.externaltools.gnu-tools-for-stm32.13.3.rel1.win32_1.0.0.202411081344/tools/bin/../lib/gcc/arm-none-eabi/13.3.1/../../../../arm-none-eabi/lib/thumb/v7e-m+fp/hard\libc_nano.a(libc_a-findfp.o) (_fwalk_sglue)
C:/ST/STM32CubeIDE_1.19.0/STM32CubeIDE/plugins/com.st.stm32cube.ide.mcu.externaltools.gnu-tools-for-stm32.13.3.rel1.win32_1.0.0.202411081344/tools/bin/../lib/gcc/arm-none-eabi/13.3.1/../../../../arm-none-eabi/lib/thumb/v7e-m+fp/hard\libc_nano.a(libc_a-stdio.o)
                              C:/ST/STM32CubeIDE_1.19.0/STM32CubeIDE/plugins/com.st.stm32cube.ide.mcu.externaltools.gnu-tools-for-stm32.13.3.rel1.win32_1.0.0.202411081344/tools/bin/../lib/gcc/arm-none-eabi/13.3.1/../../../../arm-none-eabi/lib/thumb/v7e-m+fp/hard\libc_nano.a(libc_a-findfp.o) (__sread)
C:/ST/STM32CubeIDE_1.19.0/STM32CubeIDE/plugins/com.st.stm32cube.ide.mcu.externaltools.gnu-tools-for-stm32.13.3.rel1.win32_1.0.0.202411081344/tools/bin/../lib/gcc/arm-none-eabi/13.3.1/../../../../arm-none-eabi/lib/thumb/v7e-m+fp/hard\libc_nano.a(libc_a-memset.o)
                              C:/ST/STM32CubeIDE_1.19.0/STM32CubeIDE/plugins/com.st.stm32cube.ide.mcu.externaltools.gnu-tools-for-stm32.13.3.rel1.win32_1.0.0.202411081344/tools/bin/../lib/gcc/arm-none-eabi/13.3.1/../../../../arm-none-eabi/lib/thumb/v7e-m+fp/hard/crt0.o (memset)
C:/ST/STM32CubeIDE_1.19.0/STM32CubeIDE/plugins/com.st.stm32cube.ide.mcu.externaltools.gnu-tools-for-stm32.13.3.rel1.win32_1.0.0.202411081344/tools/bin/../lib/gcc/arm-none-eabi/13.3.1/../../../../arm-none-eabi/lib/thumb/v7e-m+fp/hard\libc_nano.a(libc_a-closer.o)
                              C:/ST/STM32CubeIDE_1.19.0/STM32CubeIDE/plugins/com.st.stm32cube.ide.mcu.externaltools.gnu-tools-for-stm32.13.3.rel1.win32_1.0.0.202411081344/tools/bin/../lib/gcc/arm-none-eabi/13.3.1/../../../../arm-none-eabi/lib/thumb/v7e-m+fp/hard\libc_nano.a(libc_a-stdio.o) (_close_r)
C:/ST/STM32CubeIDE_1.19.0/STM32CubeIDE/plugins/com.st.stm32cube.ide.mcu.externaltools.gnu-tools-for-stm32.13.3.rel1.win32_1.0.0.202411081344/tools/bin/../lib/gcc/arm-none-eabi/13.3.1/../../../../arm-none-eabi/lib/thumb/v7e-m+fp/hard\libc_nano.a(libc_a-reent.o)
                              C:/ST/STM32CubeIDE_1.19.0/STM32CubeIDE/plugins/com.st.stm32cube.ide.mcu.externaltools.gnu-tools-for-stm32.13.3.rel1.win32_1.0.0.202411081344/tools/bin/../lib/gcc/arm-none-eabi/13.3.1/../../../../arm-none-eabi/lib/thumb/v7e-m+fp/hard\libc_nano.a(libc_a-closer.o) (errno)
[...]
Memory Configuration

Name             Origin             Length             Attributes
RAM              0x20000000         0x00020000         xrw
FLASH            0x08000000         0x00080000         xr
*default*        0x00000000         0xffffffff

Linker script and memory map

LOAD C:/ST/STM32CubeIDE_1.19.0/STM32CubeIDE/plugins/com.st.stm32cube.ide.mcu.externaltools.gnu-tools-for-stm32.13.3.rel1.win32_1.0.0.202411081344/tools/bin/../lib/gcc/arm-none-eabi/13.3.1/thumb/v7e-m+fp/hard/crti.o
LOAD C:/ST/STM32CubeIDE_1.19.0/STM32CubeIDE/plugins/com.st.stm32cube.ide.mcu.externaltools.gnu-tools-for-stm32.13.3.rel1.win32_1.0.0.202411081344/tools/bin/../lib/gcc/arm-none-eabi/13.3.1/thumb/v7e-m+fp/hard/crtbegin.o
LOAD C:/ST/STM32CubeIDE_1.19.0/STM32CubeIDE/plugins/com.st.stm32cube.ide.mcu.externaltools.gnu-tools-for-stm32.13.3.rel1.win32_1.0.0.202411081344/tools/bin/../lib/gcc/arm-none-eabi/13.3.1/../../../../arm-none-eabi/lib/thumb/v7e-m+fp/hard/crt0.o
LOAD ./Core/Src/BaseSystem.o
LOAD ./Core/Src/cascade.o
LOAD ./Core/Src/dma.o
LOAD ./Core/Src/elec_cabient.o
LOAD ./Core/Src/fdcan.o
LOAD ./Core/Src/gpio.o
LOAD ./Core/Src/gripper_can.o
LOAD ./Core/Src/kalman.o
LOAD ./Core/Src/main.o
LOAD ./Core/Src/robot_process.o
LOAD ./Core/Src/stm32g4xx_hal_msp.o
LOAD ./Core/Src/stm32g4xx_it.o
LOAD ./Core/Src/syscalls.o
LOAD ./Core/Src/sysmem.o
LOAD ./Core/Src/system_state.o
LOAD ./Core/Src/system_stm32g4xx.o
LOAD ./Core/Src/tim.o
LOAD ./Core/Src/trajectory.o
LOAD ./Core/Src/usart.o
LOAD ./Core/Startup/startup_stm32g474retx.o
LOAD ./Drivers/STM32G4xx_HAL_Driver/Src/stm32g4xx_hal.o
LOAD ./Drivers/STM32G4xx_HAL_Driver/Src/stm32g4xx_hal_cortex.o
LOAD ./Drivers/STM32G4xx_HAL_Driver/Src/stm32g4xx_hal_dma.o
LOAD ./Drivers/STM32G4xx_HAL_Driver/Src/stm32g4xx_hal_dma_ex.o
LOAD ./Drivers/STM32G4xx_HAL_Driver/Src/stm32g4xx_hal_exti.o
LOAD ./Drivers/STM32G4xx_HAL_Driver/Src/stm32g4xx_hal_fdcan.o
LOAD ./Drivers/STM32G4xx_HAL_Driver/Src/stm32g4xx_hal_flash.o
LOAD ./Drivers/STM32G4xx_HAL_Driver/Src/stm32g4xx_hal_flash_ex.o
LOAD ./Drivers/STM32G4xx_HAL_Driver/Src/stm32g4xx_hal_flash_ramfunc.o
LOAD ./Drivers/STM32G4xx_HAL_Driver/Src/stm32g4xx_hal_gpio.o
LOAD ./Drivers/STM32G4xx_HAL_Driver/Src/stm32g4xx_hal_pwr.o
LOAD ./Drivers/STM32G4xx_HAL_Driver/Src/stm32g4xx_hal_pwr_ex.o
LOAD ./Drivers/STM32G4xx_HAL_Driver/Src/stm32g4xx_hal_rcc.o
LOAD ./Drivers/STM32G4xx_HAL_Driver/Src/stm32g4xx_hal_rcc_ex.o
LOAD ./Drivers/STM32G4xx_HAL_Driver/Src/stm32g4xx_hal_tim.o
LOAD ./Drivers/STM32G4xx_HAL_Driver/Src/stm32g4xx_hal_tim_ex.o
LOAD ./Drivers/STM32G4xx_HAL_Driver/Src/stm32g4xx_hal_uart.o
LOAD ./Drivers/STM32G4xx_HAL_Driver/Src/stm32g4xx_hal_uart_ex.o
LOAD ../Middlewares/Third_Party/ARM_CMSIS/CMSIS/DSP/Lib/GCC\libarm_cortexM4lf_math.a
START GROUP
LOAD C:/ST/STM32CubeIDE_1.19.0/STM32CubeIDE/plugins/com.st.stm32cube.ide.mcu.externaltools.gnu-tools-for-stm32.13.3.rel1.win32_1.0.0.202411081344/tools/bin/../lib/gcc/arm-none-eabi/13.3.1/../../../../arm-none-eabi/lib/thumb/v7e-m+fp/hard\libc_nano.a
LOAD C:/ST/STM32CubeIDE_1.19.0/STM32CubeIDE/plugins/com.st.stm32cube.ide.mcu.externaltools.gnu-tools-for-stm32.13.3.rel1.win32_1.0.0.202411081344/tools/bin/../lib/gcc/arm-none-eabi/13.3.1/../../../../arm-none-eabi/lib/thumb/v7e-m+fp/hard\libm.a
END GROUP
START GROUP
LOAD C:/ST/STM32CubeIDE_1.19.0/STM32CubeIDE/plugins/com.st.stm32cube.ide.mcu.externaltools.gnu-tools-for-stm32.13.3.rel1.win32_1.0.0.202411081344/tools/bin/../lib/gcc/arm-none-eabi/13.3.1/thumb/v7e-m+fp/hard\libgcc.a
LOAD C:/ST/STM32CubeIDE_1.19.0/STM32CubeIDE/plugins/com.st.stm32cube.ide.mcu.externaltools.gnu-tools-for-stm32.13.3.rel1.win32_1.0.0.202411081344/tools/bin/../lib/gcc/arm-none-eabi/13.3.1/../../../../arm-none-eabi/lib/thumb/v7e-m+fp/hard\libc_nano.a
END GROUP
START GROUP
LOAD C:/ST/STM32CubeIDE_1.19.0/STM32CubeIDE/plugins/com.st.stm32cube.ide.mcu.externaltools.gnu-tools-for-stm32.13.3.rel1.win32_1.0.0.202411081344/tools/bin/../lib/gcc/arm-none-eabi/13.3.1/thumb/v7e-m+fp/hard\libgcc.a
LOAD C:/ST/STM32CubeIDE_1.19.0/STM32CubeIDE/plugins/com.st.stm32cube.ide.mcu.externaltools.gnu-tools-for-stm32.13.3.rel1.win32_1.0.0.202411081344/tools/bin/../lib/gcc/arm-none-eabi/13.3.1/../../../../arm-none-eabi/lib/thumb/v7e-m+fp/hard\libc_nano.a
LOAD C:/ST/STM32CubeIDE_1.19.0/STM32CubeIDE/plugins/com.st.stm32cube.ide.mcu.externaltools.gnu-tools-for-stm32.13.3.rel1.win32_1.0.0.202411081344/tools/bin/../lib/gcc/arm-none-eabi/13.3.1/../../../../arm-none-eabi/lib/thumb/v7e-m+fp/hard\libnosys.a
END GROUP
START GROUP
LOAD C:/ST/STM32CubeIDE_1.19.0/STM32CubeIDE/plugins/com.st.stm32cube.ide.mcu.externaltools.gnu-tools-for-stm32.13.3.rel1.win32_1.0.0.202411081344/tools/bin/../lib/gcc/arm-none-eabi/13.3.1/thumb/v7e-m+fp/hard\libgcc.a
LOAD C:/ST/STM32CubeIDE_1.19.0/STM32CubeIDE/plugins/com.st.stm32cube.ide.mcu.externaltools.gnu-tools-for-stm32.13.3.rel1.win32_1.0.0.202411081344/tools/bin/../lib/gcc/arm-none-eabi/13.3.1/../../../../arm-none-eabi/lib/thumb/v7e-m+fp/hard\libc_nano.a
LOAD C:/ST/STM32CubeIDE_1.19.0/STM32CubeIDE/plugins/com.st.stm32cube.ide.mcu.externaltools.gnu-tools-for-stm32.13.3.rel1.win32_1.0.0.202411081344/tools/bin/../lib/gcc/arm-none-eabi/13.3.1/../../../../arm-none-eabi/lib/thumb/v7e-m+fp/hard\libnosys.a
END GROUP
LOAD C:/ST/STM32CubeIDE_1.19.0/STM32CubeIDE/plugins/com.st.stm32cube.ide.mcu.externaltools.gnu-tools-for-stm32.13.3.rel1.win32_1.0.0.202411081344/tools/bin/../lib/gcc/arm-none-eabi/13.3.1/thumb/v7e-m+fp/hard/crtend.o
LOAD C:/ST/STM32CubeIDE_1.19.0/STM32CubeIDE/plugins/com.st.stm32cube.ide.mcu.externaltools.gnu-tools-for-stm32.13.3.rel1.win32_1.0.0.202411081344/tools/bin/../lib/gcc/arm-none-eabi/13.3.1/thumb/v7e-m+fp/hard/crtn.o
                0x20020000                        _estack = (ORIGIN (RAM) + LENGTH (RAM))
                0x00000200                        _Min_Heap_Size = 0x200
                0x00000400                        _Min_Stack_Size = 0x400

.isr_vector     0x08000000      0x1d8
                0x08000000                        . = ALIGN (0x4)
 *(.isr_vector)
 .isr_vector    0x08000000      0x1d8 ./Core/Startup/startup_stm32g474retx.o
                0x08000000                g_pfnVectors
                0x080001d8                        . = ALIGN (0x4)

.text           0x080001d8     0xe9f0
                0x080001d8                        . = ALIGN (0x4)
 *(.text)
 .text          0x080001d8       0x40 C:/ST/STM32CubeIDE_1.19.0/STM32CubeIDE/plugins/com.st.stm32cube.ide.mcu.externaltools.gnu-tools-for-stm32.13.3.rel1.win32_1.0.0.202411081344/tools/bin/../lib/gcc/arm-none-eabi/13.3.1/thumb/v7e-m+fp/hard/crtbegin.o
 .text          0x08000218      0x254 C:/ST/STM32CubeIDE_1.19.0/STM32CubeIDE/plugins/com.st.stm32cube.ide.mcu.externaltools.gnu-tools-for-stm32.13.3.rel1.win32_1.0.0.202411081344/tools/bin/../lib/gcc/arm-none-eabi/13.3.1/thumb/v7e-m+fp/hard\libgcc.a(_arm_muldf3.o)
                0x08000218                __muldf3
                0x08000218                __aeabi_dmul
 .text          0x0800046c      0x378 C:/ST/STM32CubeIDE_1.19.0/STM32CubeIDE/plugins/com.st.stm32cube.ide.mcu.externaltools.gnu-tools-for-stm32.13.3.rel1.win32_1.0.0.202411081344/tools/bin/../lib/gcc/arm-none-eabi/13.3.1/thumb/v7e-m+fp/hard\libgcc.a(_arm_addsubdf3.o)
                0x0800046c                __aeabi_drsub
                0x08000474                __aeabi_dsub
                0x08000474                __subdf3
                0x08000478                __aeabi_dadd
                0x08000478                __adddf3
                0x080006f0                __floatunsidf
                0x080006f0                __aeabi_ui2d
                0x08000710                __floatsidf
                0x08000710                __aeabi_i2d
                0x08000734                __aeabi_f2d
                0x08000734                __extendsfdf2
                0x08000778                __floatundidf
                0x08000778                __aeabi_ul2d
                0x08000788                __floatdidf
                0x08000788                __aeabi_l2d
 .text          0x080007e4      0x110 C:/ST/STM32CubeIDE_1.19.0/STM32CubeIDE/plugins/com.st.stm32cube.ide.mcu.externaltools.gnu-tools-for-stm32.13.3.rel1.win32_1.0.0.202411081344/tools/bin/../lib/gcc/arm-none-eabi/13.3.1/thumb/v7e-m+fp/hard\libgcc.a(_arm_cmpdf2.o)
                0x080007e4                __gtdf2
                0x080007e4                __gedf2
                0x080007ec                __ltdf2
                0x080007ec                __ledf2
                0x080007f4                __nedf2
                0x080007f4                __eqdf2
                0x080007f4                __cmpdf2
                0x08000870                __aeabi_cdrcmple
                0x08000880                __aeabi_cdcmpeq
                0x08000880                __aeabi_cdcmple
                0x08000890                __aeabi_dcmpeq
                0x080008a4                __aeabi_dcmplt
                0x080008b8                __aeabi_dcmple
                0x080008cc                __aeabi_dcmpge
                0x080008e0                __aeabi_dcmpgt
 .text          0x080008f4       0xa0 C:/ST/STM32CubeIDE_1.19.0/STM32CubeIDE/plugins/com.st.stm32cube.ide.mcu.externaltools.gnu-tools-for-stm32.13.3.rel1.win32_1.0.0.202411081344/tools/bin/../lib/gcc/arm-none-eabi/13.3.1/thumb/v7e-m+fp/hard\libgcc.a(_arm_truncdfsf2.o)
                0x080008f4                __truncdfsf2
                0x080008f4                __aeabi_d2f
 .text          0x08000994       0x30 C:/ST/STM32CubeIDE_1.19.0/STM32CubeIDE/plugins/com.st.stm32cube.ide.mcu.externaltools.gnu-tools-for-stm32.13.3.rel1.win32_1.0.0.202411081344/tools/bin/../lib/gcc/arm-none-eabi/13.3.1/thumb/v7e-m+fp/hard\libgcc.a(_aeabi_uldivmod.o)
                0x08000994                __aeabi_uldivmod
 .text          0x080009c4      0x2f8 C:/ST/STM32CubeIDE_1.19.0/STM32CubeIDE/plugins/com.st.stm32cube.ide.mcu.externaltools.gnu-tools-for-stm32.13.3.rel1.win32_1.0.0.202411081344/tools/bin/../lib/gcc/arm-none-eabi/13.3.1/thumb/v7e-m+fp/hard\libgcc.a(_udivmoddi4.o)
                0x080009c4                __udivmoddi4
 .text          0x08000cbc        0x4 C:/ST/STM32CubeIDE_1.19.0/STM32CubeIDE/plugins/com.st.stm32cube.ide.mcu.externaltools.gnu-tools-for-stm32.13.3.rel1.win32_1.0.0.202411081344/tools/bin/../lib/gcc/arm-none-eabi/13.3.1/thumb/v7e-m+fp/hard\libgcc.a(_dvmd_tls.o)
                0x08000cbc                __aeabi_idiv0
                0x08000cbc                __aeabi_ldiv0
 *(.text*)
 .text.CRC16    0x08000cc0       0x70 ./Core/Src/BaseSystem.o
                0x08000cc0                CRC16
 .text.modbus_1t5_Timeout
                0x08000d30       0x38 ./Core/Src/BaseSystem.o
                0x08000d30                modbus_1t5_Timeout
 .text.modbus_3t5_Timeout
                0x08000d68       0x2c ./Core/Src/BaseSystem.o
                0x08000d68                modbus_3t5_Timeout
 .text.Modbus_init
                0x08000d94       0xb6 ./Core/Src/BaseSystem.o
                0x08000d94                Modbus_init
 *fill*         0x08000e4a        0x2 
 .text.ModbusErrorReply
                0x08000e4c       0x3c ./Core/Src/BaseSystem.o
                0x08000e4c                ModbusErrorReply
 .text.modbusRead1Register
                0x08000e88       0xec ./Core/Src/BaseSystem.o
                0x08000e88                modbusRead1Register
 .text.Decode_Incoming_Commands
                0x08000f74      0x154 ./Core/Src/BaseSystem.o
                0x08000f74                Decode_Incoming_Commands
 .text.BaseSystem_CheckHeartbeat
                0x080010c8       0x30 ./Core/Src/BaseSystem.o
                0x080010c8                BaseSystem_CheckHeartbeat
 .text.modbusWritelRegister
                0x080010f8      0x1a4 ./Core/Src/BaseSystem.o
                0x080010f8                modbusWritelRegister
 .text.Modbus_frame_response
                0x0800129c       0x2c ./Core/Src/BaseSystem.o
                0x0800129c                Modbus_frame_response
 .text.Modbus_Emission
                0x080012c8       0xc0 ./Core/Src/BaseSystem.o
                0x080012c8                Modbus_Emission
 .text.Modbus_Protocal_Worker
                0x08001388      0x24c ./Core/Src/BaseSystem.o
                0x08001388                Modbus_Protocal_Worker
 .text.BaseSystem_SendMotionStatus
                0x080015d4       0x7c ./Core/Src/BaseSystem.o
                0x080015d4                BaseSystem_SendMotionStatus
 .text.BaseSystem_SendRobotTask
                0x08001650       0x40 ./Core/Src/BaseSystem.o
                0x08001650                BaseSystem_SendRobotTask
 .text.BaseSystem_SendSensorStatus
                0x08001690       0x58 ./Core/Src/BaseSystem.o
                0x08001690                BaseSystem_SendSensorStatus
 .text.HAL_UART_ErrorCallback
                0x080016e8       0x34 ./Core/Src/BaseSystem.o
                0x080016e8                HAL_UART_ErrorCallback
 .text.HAL_TIM_PeriodElapsedCallback
                0x0800171c       0x28 ./Core/Src/BaseSystem.o
                0x0800171c                HAL_TIM_PeriodElapsedCallback
 .text.clampf   0x08001744       0x52 ./Core/Src/cascade.o
 *fill*         0x08001796        0x2 
 .text.CASCADE_Feedforward_Init
                0x08001798      0x234 ./Core/Src/cascade.o
                0x08001798                CASCADE_Feedforward_Init
 .text.CASCADE_Ref_Compute
                0x080019cc       0xa4 ./Core/Src/cascade.o
                0x080019cc                CASCADE_Ref_Compute
 .text.CASCADE_Disturbance_Compute
                0x08001a70       0x6c ./Core/Src/cascade.o
                0x08001a70                CASCADE_Disturbance_Compute
 *fill*         0x08001adc        0x4 
 .text.CASCADE_Controller_Compute_Position
                0x08001ae0      0x17c ./Core/Src/cascade.o
                0x08001ae0                CASCADE_Controller_Compute_Position
 .text.CASCADE_Controller_Compute_Velocity
                0x08001c5c      0x14c ./Core/Src/cascade.o
                0x08001c5c                CASCADE_Controller_Compute_Velocity
 .text.CASCADE_Controller_Init
                0x08001da8       0x68 ./Core/Src/cascade.o
                0x08001da8                CASCADE_Controller_Init
 .text.CASCADE_Cascade_Start
                0x08001e10       0x84 ./Core/Src/cascade.o
                0x08001e10                CASCADE_Cascade_Start
 .text.CASCADE_Update
                0x08001e94       0x46 ./Core/Src/cascade.o
                0x08001e94                CASCADE_Update
 .text.CASCADE_Friction_Init
                0x08001eda       0x4a ./Core/Src/cascade.o
                0x08001eda                CASCADE_Friction_Init
 .text.CASCADE_Friction_Compute
                0x08001f24       0xe0 ./Core/Src/cascade.o
                0x08001f24                CASCADE_Friction_Compute
 *fill*         0x08002004        0x4 
 .text.CASCADE_Compute
                0x08002008      0x180 ./Core/Src/cascade.o
                0x08002008                CASCADE_Compute
 .text.MX_DMA_Init
                0x08002188       0x64 ./Core/Src/dma.o
                0x08002188                MX_DMA_Init
 .text.SYSTEM_STATE_Joystick_Update
                0x080021ec      0x150 ./Core/Src/elec_cabient.o
                0x080021ec                SYSTEM_STATE_Joystick_Update
 .text.PilotRamp_SetPower
                0x0800233c       0x2c ./Core/Src/elec_cabient.o
                0x0800233c                PilotRamp_SetPower
 .text.PilotRamp_SetAuto
                0x08002368       0x2c ./Core/Src/elec_cabient.o
                0x08002368                PilotRamp_SetAuto
 .text.Gripper_SetOpen
                0x08002394       0x20 ./Core/Src/elec_cabient.o
                0x08002394                Gripper_SetOpen
 .text.Gripper_SetUp
                0x080023b4       0x20 ./Core/Src/elec_cabient.o
                0x080023b4                Gripper_SetUp
 .text.Gripper_ReadState
                0x080023d4       0x14 ./Core/Src/elec_cabient.o
                0x080023d4                Gripper_ReadState
 .text.PilotLamp_SetWhite
                0x080023e8       0x2a ./Core/Src/elec_cabient.o
                0x080023e8                PilotLamp_SetWhite
 *fill*         0x08002412        0x2 
 .text.Gripper_Pick
                0x08002414       0xe0 ./Core/Src/elec_cabient.o
                0x08002414                Gripper_Pick
 .text.Gripper_Place
                0x080024f4       0xe0 ./Core/Src/elec_cabient.o
                0x080024f4                Gripper_Place
 .text.MX_FDCAN1_Init
                0x080025d4       0x8c ./Core/Src/fdcan.o
                0x080025d4                MX_FDCAN1_Init
 .text.HAL_FDCAN_MspInit
                0x08002660       0xb4 ./Core/Src/fdcan.o
                0x08002660                HAL_FDCAN_MspInit
 .text.MX_GPIO_Init
                0x08002714      0x1d8 ./Core/Src/gpio.o
                0x08002714                MX_GPIO_Init
 .text.CAN_Transmit
                0x080028ec       0x90 ./Core/Src/gripper_can.o
 .text.Gripper_CAN_Init
                0x0800297c       0x78 ./Core/Src/gripper_can.o
                0x0800297c                Gripper_CAN_Init
 .text.Gripper_CAN_SendHeartbeat
                0x080029f4       0x30 ./Core/Src/gripper_can.o
                0x080029f4                Gripper_CAN_SendHeartbeat
 .text.Gripper_CAN_SendRelays
                0x08002a24       0x84 ./Core/Src/gripper_can.o
                0x08002a24                Gripper_CAN_SendRelays
 .text.Gripper_CAN_RequestOptoRead
                0x08002aa8       0x34 ./Core/Src/gripper_can.o
                0x08002aa8                Gripper_CAN_RequestOptoRead
 .text.Gripper_CAN_Tick
                0x08002adc       0x44 ./Core/Src/gripper_can.o
                0x08002adc                Gripper_CAN_Tick
 .text.KALMAN_Multi_Model_Init
                0x08002b20      0x968 ./Core/Src/kalman.o
                0x08002b20                KALMAN_Multi_Model_Init
 .text.KALMAN_Multi_Model_Compute
                0x08003488      0x308 ./Core/Src/kalman.o
                0x08003488                KALMAN_Multi_Model_Compute
 .text.main     0x08003790      0x31c ./Core/Src/main.o
                0x08003790                main
 .text.SystemClock_Config
                0x08003aac       0x96 ./Core/Src/main.o
                0x08003aac                SystemClock_Config
 *fill*         0x08003b42        0x2 
 .text.HAL_GPIO_EXTI_Callback
                0x08003b44       0x44 ./Core/Src/main.o
                0x08003b44                HAL_GPIO_EXTI_Callback
 .text.Robot_HoldPosition
                0x08003b88      0x2a0 ./Core/Src/main.o
 .text.Robot_Period_Control_Loop
                0x08003e28      0x154 ./Core/Src/main.o
                0x08003e28                Robot_Period_Control_Loop
 .text.Error_Handler
                0x08003f7c        0xc ./Core/Src/main.o
                0x08003f7c                Error_Handler
 .text.TRAJ_Plan
                0x08003f88       0x58 ./Core/Src/robot_process.o
 .text.Seq_SlotToTarget
                0x08003fe0       0xf0 ./Core/Src/robot_process.o
 .text.Robot_State_Homing
                0x080040d0       0xa4 ./Core/Src/robot_process.o
 .text.Robot_State_Waiting
                0x08004174      0x29c ./Core/Src/robot_process.o
 .text.Robot_Running_Sequence
                0x08004410      0x3bc ./Core/Src/robot_process.o
 .text.Robot_Running_BaseSystem
                0x080047cc      0x5dc ./Core/Src/robot_process.o
 .text.Robot_HandleEmergency
                0x08004da8      0x128 ./Core/Src/robot_process.o
 .text.Robot_HandleSoftStop
                0x08004ed0       0x88 ./Core/Src/robot_process.o
 .text.Robot_UpdateTrustMode
                0x08004f58       0x48 ./Core/Src/robot_process.o
 .text.Robot_HandleHomeIntercept
                0x08004fa0       0x98 ./Core/Src/robot_process.o
 .text.Robot_HandleGripper
                0x08005038      0x10c ./Core/Src/robot_process.o
 .text.Robot_HandleColorHold
                0x08005144       0xc4 ./Core/Src/robot_process.o
 .text.Robot_HandleBlackReset
                0x08005208       0x68 ./Core/Src/robot_process.o
 .text.Robot_State_Process
                0x08005270       0xfc ./Core/Src/robot_process.o
                0x08005270                Robot_State_Process
 .text.HAL_MspInit
                0x0800536c       0x48 ./Core/Src/stm32g4xx_hal_msp.o
                0x0800536c                HAL_MspInit
 .text.NMI_Handler
                0x080053b4        0x8 ./Core/Src/stm32g4xx_it.o
                0x080053b4                NMI_Handler
 .text.HardFault_Handler
                0x080053bc        0x8 ./Core/Src/stm32g4xx_it.o
                0x080053bc                HardFault_Handler
 .text.MemManage_Handler
                0x080053c4        0x8 ./Core/Src/stm32g4xx_it.o
                0x080053c4                MemManage_Handler
 .text.BusFault_Handler
                0x080053cc        0x8 ./Core/Src/stm32g4xx_it.o
                0x080053cc                BusFault_Handler
 .text.UsageFault_Handler
                0x080053d4        0x8 ./Core/Src/stm32g4xx_it.o
                0x080053d4                UsageFault_Handler
 .text.SVC_Handler
                0x080053dc        0xe ./Core/Src/stm32g4xx_it.o
                0x080053dc                SVC_Handler
 .text.DebugMon_Handler
                0x080053ea        0xe ./Core/Src/stm32g4xx_it.o
                0x080053ea                DebugMon_Handler
 .text.PendSV_Handler
                0x080053f8        0xe ./Core/Src/stm32g4xx_it.o
                0x080053f8                PendSV_Handler
 .text.SysTick_Handler
                0x08005406        0xc ./Core/Src/stm32g4xx_it.o
                0x08005406                SysTick_Handler
 .text.EXTI0_IRQHandler
                0x08005412        0xe ./Core/Src/stm32g4xx_it.o
                0x08005412                EXTI0_IRQHandler
 .text.DMA1_Channel1_IRQHandler
                0x08005420       0x14 ./Core/Src/stm32g4xx_it.o
                0x08005420                DMA1_Channel1_IRQHandler
 .text.DMA1_Channel2_IRQHandler
                0x08005434       0x14 ./Core/Src/stm32g4xx_it.o
                0x08005434                DMA1_Channel2_IRQHandler
 .text.TIM1_UP_TIM16_IRQHandler
                0x08005448       0x1c ./Core/Src/stm32g4xx_it.o
                0x08005448                TIM1_UP_TIM16_IRQHandler
 .text.USART2_IRQHandler
                0x08005464       0x14 ./Core/Src/stm32g4xx_it.o
                0x08005464                USART2_IRQHandler
 .text.EXTI15_10_IRQHandler
                0x08005478       0x18 ./Core/Src/stm32g4xx_it.o
                0x08005478                EXTI15_10_IRQHandler
 .text.TIM20_UP_IRQHandler
                0x08005490       0x14 ./Core/Src/stm32g4xx_it.o
                0x08005490                TIM20_UP_IRQHandler
 .text.SYSTEM_STATE_Encoder_Init
                0x080054a4       0x24 ./Core/Src/system_state.o
                0x080054a4                SYSTEM_STATE_Encoder_Init
 .text.SYSTEM_STATE_Encoder_Compute
                0x080054c8      0x1dc ./Core/Src/system_state.o
                0x080054c8                SYSTEM_STATE_Encoder_Compute
 .text.PWM      0x080056a4      0x108 ./Core/Src/system_state.o
                0x080056a4                PWM
 .text.SYSTEM_STATE_Homing
                0x080057ac      0x114 ./Core/Src/system_state.o
                0x080057ac                SYSTEM_STATE_Homing
 .text.SYSTEM_STATE_convert_rad2degree
                0x080058c0       0x28 ./Core/Src/system_state.o
                0x080058c0                SYSTEM_STATE_convert_rad2degree
 .text.SystemInit
                0x080058e8       0x24 ./Core/Src/system_stm32g4xx.o
                0x080058e8                SystemInit
 .text.MX_TIM1_Init
                0x0800590c      0x160 ./Core/Src/tim.o
                0x0800590c                MX_TIM1_Init
 .text.MX_TIM2_Init
                0x08005a6c       0x9c ./Core/Src/tim.o
                0x08005a6c                MX_TIM2_Init
 .text.MX_TIM3_Init
                0x08005b08       0xac ./Core/Src/tim.o
                0x08005b08                MX_TIM3_Init
 .text.MX_TIM16_Init
                0x08005bb4      0x100 ./Core/Src/tim.o
                0x08005bb4                MX_TIM16_Init
 .text.MX_TIM20_Init
                0x08005cb4       0xa8 ./Core/Src/tim.o
                0x08005cb4                MX_TIM20_Init
 .text.HAL_TIM_Base_MspInit
                0x08005d5c       0xe0 ./Core/Src/tim.o
                0x08005d5c                HAL_TIM_Base_MspInit
 .text.HAL_TIM_Encoder_MspInit
                0x08005e3c       0x84 ./Core/Src/tim.o
                0x08005e3c                HAL_TIM_Encoder_MspInit
 .text.HAL_TIM_MspPostInit
                0x08005ec0       0x70 ./Core/Src/tim.o
                0x08005ec0                HAL_TIM_MspPostInit
 .text.safe_time
                0x08005f30       0x3c ./Core/Src/trajectory.o
 *fill*         0x08005f6c        0x4 
 .text.deg2rad  0x08005f70       0x40 ./Core/Src/trajectory.o
 .text.TRAJ_State_Init
                0x08005fb0       0x1c ./Core/Src/trajectory.o
                0x08005fb0                TRAJ_State_Init
 .text.TRAJ_Trapezoidal_Plan
                0x08005fcc       0xe8 ./Core/Src/trajectory.o
                0x08005fcc                TRAJ_Trapezoidal_Plan
 .text.TRAJ_Trapezoidal_Compute
                0x080060b4      0x278 ./Core/Src/trajectory.o
                0x080060b4                TRAJ_Trapezoidal_Compute
 .text.TRAJ_SCurveLimits_Plan
                0x0800632c      0x2cc ./Core/Src/trajectory.o
                0x0800632c                TRAJ_SCurveLimits_Plan
 .text.TRAJ_SCurveLimits_Compute
                0x080065f8      0x7a0 ./Core/Src/trajectory.o
                0x080065f8                TRAJ_SCurveLimits_Compute
 .text.TRAJ_MinJerk_Plan
                0x08006d98       0x4c ./Core/Src/trajectory.o
                0x08006d98                TRAJ_MinJerk_Plan
 .text.TRAJ_MinJerk_Compute
                0x08006de4      0x1ec ./Core/Src/trajectory.o
                0x08006de4                TRAJ_MinJerk_Compute
 .text.TRAJ_MinJerk_Vlim_Plan
                0x08006fd0       0xa0 ./Core/Src/trajectory.o
                0x08006fd0                TRAJ_MinJerk_Vlim_Plan
 .text.TRAJ_MinJerk_Vlim_Compute
                0x08007070      0x1ec ./Core/Src/trajectory.o
                0x08007070                TRAJ_MinJerk_Vlim_Compute
 .text.TrajManager_Init
                0x0800725c       0xb4 ./Core/Src/trajectory.o
                0x0800725c                TrajManager_Init
 .text.TrajManager_Plan
                0x08007310      0x130 ./Core/Src/trajectory.o
                0x08007310                TrajManager_Plan
 .text.TrajManager_Step
                0x08007440      0x124 ./Core/Src/trajectory.o
                0x08007440                TrajManager_Step
 .text.MX_USART2_UART_Init
                0x08007564       0x9c ./Core/Src/usart.o
                0x08007564                MX_USART2_UART_Init
 .text.HAL_UART_MspInit
                0x08007600      0x178 ./Core/Src/usart.o
                0x08007600                HAL_UART_MspInit
 .text.Reset_Handler
                0x08007778       0x50 ./Core/Startup/startup_stm32g474retx.o
                0x08007778                Reset_Handler
 .text.Default_Handler
                0x080077c8        0x2 ./Core/Startup/startup_stm32g474retx.o
                0x080077c8                RTC_Alarm_IRQHandler
                0x080077c8                EXTI2_IRQHandler
                0x080077c8                TIM8_TRG_COM_IRQHandler
                0x080077c8                TIM8_CC_IRQHandler
                0x080077c8                HRTIM1_Master_IRQHandler
                0x080077c8                SPI4_IRQHandler
                0x080077c8                FDCAN3_IT0_IRQHandler
                0x080077c8                TIM1_CC_IRQHandler
                0x080077c8                HRTIM1_FLT_IRQHandler
                0x080077c8                HRTIM1_TIMF_IRQHandler
                0x080077c8                USB_HP_IRQHandler
                0x080077c8                CORDIC_IRQHandler
                0x080077c8                HRTIM1_TIMD_IRQHandler
                0x080077c8                DMA2_Channel8_IRQHandler
                0x080077c8                EXTI3_IRQHandler
                0x080077c8                I2C3_ER_IRQHandler
                0x080077c8                I2C2_EV_IRQHandler
                0x080077c8                FPU_IRQHandler
                0x080077c8                FDCAN1_IT1_IRQHandler
                0x080077c8                ADC1_2_IRQHandler
                0x080077c8                HRTIM1_TIME_IRQHandler
                0x080077c8                SPI1_IRQHandler
                0x080077c8                TIM6_DAC_IRQHandler
                0x080077c8                HRTIM1_TIMC_IRQHandler
                0x080077c8                TIM8_UP_IRQHandler
                0x080077c8                DMA2_Channel2_IRQHandler
                0x080077c8                DMA1_Channel4_IRQHandler
                0x080077c8                TIM20_TRG_COM_IRQHandler
                0x080077c8                USART3_IRQHandler
                0x080077c8                DMA1_Channel7_IRQHandler
                0x080077c8                UART5_IRQHandler
                0x080077c8                ADC3_IRQHandler
                0x080077c8                TIM4_IRQHandler
                0x080077c8                DMA2_Channel1_IRQHandler
                0x080077c8                QUADSPI_IRQHandler
                0x080077c8                I2C1_EV_IRQHandler
                0x080077c8                DMA1_Channel6_IRQHandler
                0x080077c8                UART4_IRQHandler
                0x080077c8                DMA2_Channel4_IRQHandler
                0x080077c8                TIM3_IRQHandler
                0x080077c8                RCC_IRQHandler
                0x080077c8                Default_Handler
                0x080077c8                DMA2_Channel7_IRQHandler
                0x080077c8                RTC_TAMP_LSECSS_IRQHandler
                0x080077c8                FMAC_IRQHandler
                0x080077c8                DMA1_Channel8_IRQHandler
                0x080077c8                HRTIM1_TIMA_IRQHandler
                0x080077c8                TIM7_DAC_IRQHandler
                0x080077c8                FDCAN3_IT1_IRQHandler
                0x080077c8                TIM5_IRQHandler
                0x080077c8                UCPD1_IRQHandler
                0x080077c8                I2C3_EV_IRQHandler
                0x080077c8                EXTI9_5_IRQHandler
                0x080077c8                RTC_WKUP_IRQHandler
                0x080077c8                PVD_PVM_IRQHandler
                0x080077c8                SPI2_IRQHandler
                0x080077c8                ADC5_IRQHandler
                0x080077c8                DMA2_Channel5_IRQHandler
                0x080077c8                CRS_IRQHandler
                0x080077c8                DMA1_Channel5_IRQHandler
                0x080077c8                USB_LP_IRQHandler
                0x080077c8                EXTI4_IRQHandler
                0x080077c8                RNG_IRQHandler
                0x080077c8                HRTIM1_TIMB_IRQHandler
                0x080077c8                TIM1_TRG_COM_TIM17_IRQHandler
                0x080077c8                FDCAN2_IT1_IRQHandler
                0x080077c8                DMA1_Channel3_IRQHandler
                0x080077c8                ADC4_IRQHandler
                0x080077c8                WWDG_IRQHandler
                0x080077c8                I2C4_EV_IRQHandler
                0x080077c8                FDCAN2_IT0_IRQHandler
                0x080077c8                LPUART1_IRQHandler
                0x080077c8                DMA2_Channel6_IRQHandler
                0x080077c8                FDCAN1_IT0_IRQHandler
                0x080077c8                TIM2_IRQHandler
                0x080077c8                COMP7_IRQHandler
                0x080077c8                COMP1_2_3_IRQHandler
                0x080077c8                EXTI1_IRQHandler
                0x080077c8                COMP4_5_6_IRQHandler
                0x080077c8                TIM20_BRK_IRQHandler
                0x080077c8                I2C2_ER_IRQHandler
                0x080077c8                TIM8_BRK_IRQHandler
                0x080077c8                FLASH_IRQHandler
                0x080077c8                TIM20_CC_IRQHandler
                0x080077c8                USART1_IRQHandler
                0x080077c8                SPI3_IRQHandler
                0x080077c8                I2C1_ER_IRQHandler
                0x080077c8                FMC_IRQHandler
                0x080077c8                LPTIM1_IRQHandler
                0x080077c8                DMAMUX_OVR_IRQHandler
                0x080077c8                I2C4_ER_IRQHandler
                0x080077c8                USBWakeUp_IRQHandler
                0x080077c8                SAI1_IRQHandler
                0x080077c8                DMA2_Channel3_IRQHandler
                0x080077c8                TIM1_BRK_TIM15_IRQHandler
 .text.HAL_Init
                0x080077ca       0x30 ./Drivers/STM32G4xx_HAL_Driver/Src/stm32g4xx_hal.o
                0x080077ca                HAL_Init
 *fill*         0x080077fa        0x2 
 .text.HAL_InitTick
                0x080077fc       0x74 ./Drivers/STM32G4xx_HAL_Driver/Src/stm32g4xx_hal.o
                0x080077fc                HAL_InitTick
 .text.HAL_IncTick
                0x08007870       0x24 ./Drivers/STM32G4xx_HAL_Driver/Src/stm32g4xx_hal.o
                0x08007870                HAL_IncTick
 .text.HAL_GetTick
                0x08007894       0x18 ./Drivers/STM32G4xx_HAL_Driver/Src/stm32g4xx_hal.o
                0x08007894                HAL_GetTick
 .text.__NVIC_SetPriorityGrouping
                0x080078ac       0x48 ./Drivers/STM32G4xx_HAL_Driver/Src/stm32g4xx_hal_cortex.o
 .text.__NVIC_GetPriorityGrouping
                0x080078f4       0x1c ./Drivers/STM32G4xx_HAL_Driver/Src/stm32g4xx_hal_cortex.o
 .text.__NVIC_EnableIRQ
                0x08007910       0x3c ./Drivers/STM32G4xx_HAL_Driver/Src/stm32g4xx_hal_cortex.o
 .text.__NVIC_SetPriority
                0x0800794c       0x54 ./Drivers/STM32G4xx_HAL_Driver/Src/stm32g4xx_hal_cortex.o
 .text.NVIC_EncodePriority
                0x080079a0       0x66 ./Drivers/STM32G4xx_HAL_Driver/Src/stm32g4xx_hal_cortex.o
 *fill*         0x08007a06        0x2 
 .text.SysTick_Config
                0x08007a08       0x44 ./Drivers/STM32G4xx_HAL_Driver/Src/stm32g4xx_hal_cortex.o
 .text.HAL_NVIC_SetPriorityGrouping
                0x08007a4c       0x16 ./Drivers/STM32G4xx_HAL_Driver/Src/stm32g4xx_hal_cortex.o
                0x08007a4c                HAL_NVIC_SetPriorityGrouping
 .text.HAL_NVIC_SetPriority
                0x08007a62       0x34 ./Drivers/STM32G4xx_HAL_Driver/Src/stm32g4xx_hal_cortex.o
                0x08007a62                HAL_NVIC_SetPriority
 .text.HAL_NVIC_EnableIRQ
                0x08007a96       0x1c ./Drivers/STM32G4xx_HAL_Driver/Src/stm32g4xx_hal_cortex.o
                0x08007a96                HAL_NVIC_EnableIRQ
 .text.HAL_SYSTICK_Config
                0x08007ab2       0x18 ./Drivers/STM32G4xx_HAL_Driver/Src/stm32g4xx_hal_cortex.o
                0x08007ab2                HAL_SYSTICK_Config
 *fill*         0x08007aca        0x2 
 .text.HAL_DMA_Init
                0x08007acc      0x150 ./Drivers/STM32G4xx_HAL_Driver/Src/stm32g4xx_hal_dma.o
                0x08007acc                HAL_DMA_Init
 .text.HAL_DMA_Start_IT
                0x08007c1c       0xf6 ./Drivers/STM32G4xx_HAL_Driver/Src/stm32g4xx_hal_dma.o
                0x08007c1c                HAL_DMA_Start_IT
 .text.HAL_DMA_Abort
                0x08007d12       0xbc ./Drivers/STM32G4xx_HAL_Driver/Src/stm32g4xx_hal_dma.o
                0x08007d12                HAL_DMA_Abort
 .text.HAL_DMA_Abort_IT
                0x08007dce       0xce ./Drivers/STM32G4xx_HAL_Driver/Src/stm32g4xx_hal_dma.o
                0x08007dce                HAL_DMA_Abort_IT
 .text.HAL_DMA_IRQHandler
                0x08007e9c      0x15e ./Drivers/STM32G4xx_HAL_Driver/Src/stm32g4xx_hal_dma.o
                0x08007e9c                HAL_DMA_IRQHandler
 .text.HAL_DMA_GetError
                0x08007ffa       0x18 ./Drivers/STM32G4xx_HAL_Driver/Src/stm32g4xx_hal_dma.o
                0x08007ffa                HAL_DMA_GetError
 .text.DMA_SetConfig
                0x08008012       0x7c ./Drivers/STM32G4xx_HAL_Driver/Src/stm32g4xx_hal_dma.o
 *fill*         0x0800808e        0x2 
 .text.DMA_CalcDMAMUXChannelBaseAndMask
                0x08008090       0x90 ./Drivers/STM32G4xx_HAL_Driver/Src/stm32g4xx_hal_dma.o
 .text.DMA_CalcDMAMUXRequestGenBaseAndMask
                0x08008120       0x4c ./Drivers/STM32G4xx_HAL_Driver/Src/stm32g4xx_hal_dma.o
 .text.HAL_FDCAN_Init
                0x0800816c      0x2b4 ./Drivers/STM32G4xx_HAL_Driver/Src/stm32g4xx_hal_fdcan.o
                0x0800816c                HAL_FDCAN_Init
 .text.HAL_FDCAN_ConfigFilter
                0x08008420       0xb4 ./Drivers/STM32G4xx_HAL_Driver/Src/stm32g4xx_hal_fdcan.o
                0x08008420                HAL_FDCAN_ConfigFilter
 .text.HAL_FDCAN_ConfigGlobalFilter
                0x080084d4       0x62 ./Drivers/STM32G4xx_HAL_Driver/Src/stm32g4xx_hal_fdcan.o
                0x080084d4                HAL_FDCAN_ConfigGlobalFilter
 .text.HAL_FDCAN_Start
                0x08008536       0x50 ./Drivers/STM32G4xx_HAL_Driver/Src/stm32g4xx_hal_fdcan.o
                0x08008536                HAL_FDCAN_Start
 .text.HAL_FDCAN_AddMessageToTxFifoQ
                0x08008586       0x88 ./Drivers/STM32G4xx_HAL_Driver/Src/stm32g4xx_hal_fdcan.o
                0x08008586                HAL_FDCAN_AddMessageToTxFifoQ
 .text.HAL_FDCAN_ActivateNotification
                0x0800860e      0x1cc ./Drivers/STM32G4xx_HAL_Driver/Src/stm32g4xx_hal_fdcan.o
                0x0800860e                HAL_FDCAN_ActivateNotification
 *fill*         0x080087da        0x2 
 .text.FDCAN_CalcultateRamBlockAddresses
                0x080087dc       0xd8 ./Drivers/STM32G4xx_HAL_Driver/Src/stm32g4xx_hal_fdcan.o
 .text.FDCAN_CopyMessageToRAM
                0x080088b4       0xf8 ./Drivers/STM32G4xx_HAL_Driver/Src/stm32g4xx_hal_fdcan.o
 .text.HAL_GPIO_Init
                0x080089ac      0x318 ./Drivers/STM32G4xx_HAL_Driver/Src/stm32g4xx_hal_gpio.o
                0x080089ac                HAL_GPIO_Init
 .text.HAL_GPIO_ReadPin
                0x08008cc4       0x30 ./Drivers/STM32G4xx_HAL_Driver/Src/stm32g4xx_hal_gpio.o
                0x08008cc4                HAL_GPIO_ReadPin
 .text.HAL_GPIO_WritePin
                0x08008cf4       0x30 ./Drivers/STM32G4xx_HAL_Driver/Src/stm32g4xx_hal_gpio.o
                0x08008cf4                HAL_GPIO_WritePin
 .text.HAL_GPIO_EXTI_IRQHandler
                0x08008d24       0x30 ./Drivers/STM32G4xx_HAL_Driver/Src/stm32g4xx_hal_gpio.o
                0x08008d24                HAL_GPIO_EXTI_IRQHandler
 .text.HAL_PWREx_ControlVoltageScaling
                0x08008d54      0x148 ./Drivers/STM32G4xx_HAL_Driver/Src/stm32g4xx_hal_pwr_ex.o
                0x08008d54                HAL_PWREx_ControlVoltageScaling
 .text.HAL_PWREx_DisableUCPDDeadBattery
                0x08008e9c       0x20 ./Drivers/STM32G4xx_HAL_Driver/Src/stm32g4xx_hal_pwr_ex.o
                0x08008e9c                HAL_PWREx_DisableUCPDDeadBattery
 .text.HAL_RCC_OscConfig
                0x08008ebc      0x624 ./Drivers/STM32G4xx_HAL_Driver/Src/stm32g4xx_hal_rcc.o
                0x08008ebc                HAL_RCC_OscConfig
 .text.HAL_RCC_ClockConfig
                0x080094e0      0x278 ./Drivers/STM32G4xx_HAL_Driver/Src/stm32g4xx_hal_rcc.o
                0x080094e0                HAL_RCC_ClockConfig
 .text.HAL_RCC_GetSysClockFreq
                0x08009758       0xc4 ./Drivers/STM32G4xx_HAL_Driver/Src/stm32g4xx_hal_rcc.o
                0x08009758                HAL_RCC_GetSysClockFreq
 .text.HAL_RCC_GetHCLKFreq
                0x0800981c       0x18 ./Drivers/STM32G4xx_HAL_Driver/Src/stm32g4xx_hal_rcc.o
                0x0800981c                HAL_RCC_GetHCLKFreq
 .text.HAL_RCC_GetPCLK1Freq
                0x08009834       0x2c ./Drivers/STM32G4xx_HAL_Driver/Src/stm32g4xx_hal_rcc.o
                0x08009834                HAL_RCC_GetPCLK1Freq
 .text.HAL_RCC_GetPCLK2Freq
                0x08009860       0x2c ./Drivers/STM32G4xx_HAL_Driver/Src/stm32g4xx_hal_rcc.o
                0x08009860                HAL_RCC_GetPCLK2Freq
 .text.RCC_GetSysClockFreqFromPLLSource
                0x0800988c       0x8c ./Drivers/STM32G4xx_HAL_Driver/Src/stm32g4xx_hal_rcc.o
 .text.HAL_RCCEx_PeriphCLKConfig
                0x08009918      0x49c ./Drivers/STM32G4xx_HAL_Driver/Src/stm32g4xx_hal_rcc_ex.o
                0x08009918                HAL_RCCEx_PeriphCLKConfig
 .text.HAL_TIM_Base_Init
                0x08009db4       0xc8 ./Drivers/STM32G4xx_HAL_Driver/Src/stm32g4xx_hal_tim.o
                0x08009db4                HAL_TIM_Base_Init
 .text.HAL_TIM_Base_Start
                0x08009e7c       0xe0 ./Drivers/STM32G4xx_HAL_Driver/Src/stm32g4xx_hal_tim.o
                0x08009e7c                HAL_TIM_Base_Start
 .text.HAL_TIM_Base_Start_IT
                0x08009f5c       0xf0 ./Drivers/STM32G4xx_HAL_Driver/Src/stm32g4xx_hal_tim.o
                0x08009f5c                HAL_TIM_Base_Start_IT
 .text.HAL_TIM_Base_Stop_IT
                0x0800a04c       0x60 ./Drivers/STM32G4xx_HAL_Driver/Src/stm32g4xx_hal_tim.o
                0x0800a04c                HAL_TIM_Base_Stop_IT
 .text.HAL_TIM_OC_Init
                0x0800a0ac       0xc8 ./Drivers/STM32G4xx_HAL_Driver/Src/stm32g4xx_hal_tim.o
                0x0800a0ac                HAL_TIM_OC_Init
 .text.HAL_TIM_OC_MspInit
                0x0800a174       0x14 ./Drivers/STM32G4xx_HAL_Driver/Src/stm32g4xx_hal_tim.o
                0x0800a174                HAL_TIM_OC_MspInit
 .text.HAL_TIM_PWM_Init
                0x0800a188       0xc8 ./Drivers/STM32G4xx_HAL_Driver/Src/stm32g4xx_hal_tim.o
                0x0800a188                HAL_TIM_PWM_Init
 .text.HAL_TIM_PWM_MspInit
                0x0800a250       0x14 ./Drivers/STM32G4xx_HAL_Driver/Src/stm32g4xx_hal_tim.o
                0x0800a250                HAL_TIM_PWM_MspInit
 .text.HAL_TIM_PWM_Start
                0x0800a264      0x224 ./Drivers/STM32G4xx_HAL_Driver/Src/stm32g4xx_hal_tim.o
                0x0800a264                HAL_TIM_PWM_Start
 .text.HAL_TIM_OnePulse_Init
                0x0800a488       0xbc ./Drivers/STM32G4xx_HAL_Driver/Src/stm32g4xx_hal_tim.o
                0x0800a488                HAL_TIM_OnePulse_Init
 .text.HAL_TIM_OnePulse_MspInit
                0x0800a544       0x14 ./Drivers/STM32G4xx_HAL_Driver/Src/stm32g4xx_hal_tim.o
                0x0800a544                HAL_TIM_OnePulse_MspInit
 .text.HAL_TIM_OnePulse_Start_IT
                0x0800a558      0x11c ./Drivers/STM32G4xx_HAL_Driver/Src/stm32g4xx_hal_tim.o
                0x0800a558                HAL_TIM_OnePulse_Start_IT
 .text.HAL_TIM_Encoder_Init
                0x0800a674      0x168 ./Drivers/STM32G4xx_HAL_Driver/Src/stm32g4xx_hal_tim.o
                0x0800a674                HAL_TIM_Encoder_Init
 .text.HAL_TIM_Encoder_Start
                0x0800a7dc      0x11c ./Drivers/STM32G4xx_HAL_Driver/Src/stm32g4xx_hal_tim.o
                0x0800a7dc                HAL_TIM_Encoder_Start
 .text.HAL_TIM_IRQHandler
                0x0800a8f8      0x2f2 ./Drivers/STM32G4xx_HAL_Driver/Src/stm32g4xx_hal_tim.o
                0x0800a8f8                HAL_TIM_IRQHandler
 *fill*         0x0800abea        0x2 
 .text.HAL_TIM_OC_ConfigChannel
                0x0800abec       0xf4 ./Drivers/STM32G4xx_HAL_Driver/Src/stm32g4xx_hal_tim.o
                0x0800abec                HAL_TIM_OC_ConfigChannel
 .text.HAL_TIM_PWM_ConfigChannel
                0x0800ace0      0x228 ./Drivers/STM32G4xx_HAL_Driver/Src/stm32g4xx_hal_tim.o
                0x0800ace0                HAL_TIM_PWM_ConfigChannel
 .text.HAL_TIM_ConfigClockSource
                0x0800af08      0x22c ./Drivers/STM32G4xx_HAL_Driver/Src/stm32g4xx_hal_tim.o
                0x0800af08                HAL_TIM_ConfigClockSource
 .text.HAL_TIM_PeriodElapsedHalfCpltCallback
                0x0800b134       0x14 ./Drivers/STM32G4xx_HAL_Driver/Src/stm32g4xx_hal_tim.o
                0x0800b134                HAL_TIM_PeriodElapsedHalfCpltCallback
 .text.HAL_TIM_OC_DelayElapsedCallback
                0x0800b148       0x14 ./Drivers/STM32G4xx_HAL_Driver/Src/stm32g4xx_hal_tim.o
                0x0800b148                HAL_TIM_OC_DelayElapsedCallback
 .text.HAL_TIM_IC_CaptureCallback
                0x0800b15c       0x14 ./Drivers/STM32G4xx_HAL_Driver/Src/stm32g4xx_hal_tim.o
                0x0800b15c                HAL_TIM_IC_CaptureCallback
 .text.HAL_TIM_IC_CaptureHalfCpltCallback
                0x0800b170       0x14 ./Drivers/STM32G4xx_HAL_Driver/Src/stm32g4xx_hal_tim.o
                0x0800b170                HAL_TIM_IC_CaptureHalfCpltCallback
 .text.HAL_TIM_PWM_PulseFinishedCallback
                0x0800b184       0x14 ./Drivers/STM32G4xx_HAL_Driver/Src/stm32g4xx_hal_tim.o
                0x0800b184                HAL_TIM_PWM_PulseFinishedCallback
 .text.HAL_TIM_PWM_PulseFinishedHalfCpltCallback
                0x0800b198       0x14 ./Drivers/STM32G4xx_HAL_Driver/Src/stm32g4xx_hal_tim.o
                0x0800b198                HAL_TIM_PWM_PulseFinishedHalfCpltCallback
 .text.HAL_TIM_TriggerCallback
                0x0800b1ac       0x14 ./Drivers/STM32G4xx_HAL_Driver/Src/stm32g4xx_hal_tim.o
                0x0800b1ac                HAL_TIM_TriggerCallback
 .text.HAL_TIM_TriggerHalfCpltCallback
                0x0800b1c0       0x14 ./Drivers/STM32G4xx_HAL_Driver/Src/stm32g4xx_hal_tim.o
                0x0800b1c0                HAL_TIM_TriggerHalfCpltCallback
 .text.HAL_TIM_ErrorCallback
                0x0800b1d4       0x14 ./Drivers/STM32G4xx_HAL_Driver/Src/stm32g4xx_hal_tim.o
                0x0800b1d4                HAL_TIM_ErrorCallback
 .text.HAL_TIM_RegisterCallback
                0x0800b1e8      0x2c0 ./Drivers/STM32G4xx_HAL_Driver/Src/stm32g4xx_hal_tim.o
                0x0800b1e8                HAL_TIM_RegisterCallback
 .text.TIM_Base_SetConfig
                0x0800b4a8      0x15c ./Drivers/STM32G4xx_HAL_Driver/Src/stm32g4xx_hal_tim.o
                0x0800b4a8                TIM_Base_SetConfig
 .text.TIM_OC1_SetConfig
                0x0800b604      0x138 ./Drivers/STM32G4xx_HAL_Driver/Src/stm32g4xx_hal_tim.o
 .text.TIM_OC2_SetConfig
                0x0800b73c      0x12c ./Drivers/STM32G4xx_HAL_Driver/Src/stm32g4xx_hal_tim.o
                0x0800b73c                TIM_OC2_SetConfig
 .text.TIM_OC3_SetConfig
                0x0800b868      0x128 ./Drivers/STM32G4xx_HAL_Driver/Src/stm32g4xx_hal_tim.o
 .text.TIM_OC4_SetConfig
                0x0800b990      0x12c ./Drivers/STM32G4xx_HAL_Driver/Src/stm32g4xx_hal_tim.o
 .text.TIM_OC5_SetConfig
                0x0800babc       0xd4 ./Drivers/STM32G4xx_HAL_Driver/Src/stm32g4xx_hal_tim.o
 .text.TIM_OC6_SetConfig
                0x0800bb90       0xd8 ./Drivers/STM32G4xx_HAL_Driver/Src/stm32g4xx_hal_tim.o
 .text.TIM_TI1_ConfigInputStage
                0x0800bc68       0xb4 ./Drivers/STM32G4xx_HAL_Driver/Src/stm32g4xx_hal_tim.o
 .text.TIM_TI2_ConfigInputStage
                0x0800bd1c       0x90 ./Drivers/STM32G4xx_HAL_Driver/Src/stm32g4xx_hal_tim.o
 .text.TIM_ITRx_SetConfig
                0x0800bdac       0x3a ./Drivers/STM32G4xx_HAL_Driver/Src/stm32g4xx_hal_tim.o
 .text.TIM_ETR_SetConfig
                0x0800bde6       0x40 ./Drivers/STM32G4xx_HAL_Driver/Src/stm32g4xx_hal_tim.o
                0x0800bde6                TIM_ETR_SetConfig
 .text.TIM_CCxChannelCmd
                0x0800be26       0x4a ./Drivers/STM32G4xx_HAL_Driver/Src/stm32g4xx_hal_tim.o
                0x0800be26                TIM_CCxChannelCmd
 .text.TIM_ResetCallback
                0x0800be70       0xec ./Drivers/STM32G4xx_HAL_Driver/Src/stm32g4xx_hal_tim.o
                0x0800be70                TIM_ResetCallback
 .text.HAL_TIMEx_MasterConfigSynchronization
                0x0800bf5c      0x12c ./Drivers/STM32G4xx_HAL_Driver/Src/stm32g4xx_hal_tim_ex.o
                0x0800bf5c                HAL_TIMEx_MasterConfigSynchronization
 .text.HAL_TIMEx_ConfigBreakDeadTime
                0x0800c088      0x128 ./Drivers/STM32G4xx_HAL_Driver/Src/stm32g4xx_hal_tim_ex.o
                0x0800c088                HAL_TIMEx_ConfigBreakDeadTime
 .text.HAL_TIMEx_CommutCallback
                0x0800c1b0       0x14 ./Drivers/STM32G4xx_HAL_Driver/Src/stm32g4xx_hal_tim_ex.o
                0x0800c1b0                HAL_TIMEx_CommutCallback
 .text.HAL_TIMEx_CommutHalfCpltCallback
                0x0800c1c4       0x14 ./Drivers/STM32G4xx_HAL_Driver/Src/stm32g4xx_hal_tim_ex.o
                0x0800c1c4                HAL_TIMEx_CommutHalfCpltCallback
 .text.HAL_TIMEx_BreakCallback
                0x0800c1d8       0x14 ./Drivers/STM32G4xx_HAL_Driver/Src/stm32g4xx_hal_tim_ex.o
                0x0800c1d8                HAL_TIMEx_BreakCallback
 .text.HAL_TIMEx_Break2Callback
                0x0800c1ec       0x14 ./Drivers/STM32G4xx_HAL_Driver/Src/stm32g4xx_hal_tim_ex.o
                0x0800c1ec                HAL_TIMEx_Break2Callback
 .text.HAL_TIMEx_EncoderIndexCallback
                0x0800c200       0x14 ./Drivers/STM32G4xx_HAL_Driver/Src/stm32g4xx_hal_tim_ex.o
                0x0800c200                HAL_TIMEx_EncoderIndexCallback
 .text.HAL_TIMEx_DirectionChangeCallback
                0x0800c214       0x14 ./Drivers/STM32G4xx_HAL_Driver/Src/stm32g4xx_hal_tim_ex.o
                0x0800c214                HAL_TIMEx_DirectionChangeCallback
 .text.HAL_TIMEx_IndexErrorCallback
                0x0800c228       0x14 ./Drivers/STM32G4xx_HAL_Driver/Src/stm32g4xx_hal_tim_ex.o
                0x0800c228                HAL_TIMEx_IndexErrorCallback
 .text.HAL_TIMEx_TransitionErrorCallback
                0x0800c23c       0x14 ./Drivers/STM32G4xx_HAL_Driver/Src/stm32g4xx_hal_tim_ex.o
                0x0800c23c                HAL_TIMEx_TransitionErrorCallback
 .text.HAL_UART_Init
                0x0800c250       0xc0 ./Drivers/STM32G4xx_HAL_Driver/Src/stm32g4xx_hal_uart.o
                0x0800c250                HAL_UART_Init
 .text.HAL_UART_Transmit_DMA
                0x0800c310      0x100 ./Drivers/STM32G4xx_HAL_Driver/Src/stm32g4xx_hal_uart.o
                0x0800c310                HAL_UART_Transmit_DMA
 .text.HAL_UART_Receive_DMA
                0x0800c410       0x98 ./Drivers/STM32G4xx_HAL_Driver/Src/stm32g4xx_hal_uart.o
                0x0800c410                HAL_UART_Receive_DMA
 .text.HAL_UART_AbortReceive
                0x0800c4a8      0x162 ./Drivers/STM32G4xx_HAL_Driver/Src/stm32g4xx_hal_uart.o
                0x0800c4a8                HAL_UART_AbortReceive
 *fill*         0x0800c60a        0x2 
 .text.HAL_UART_IRQHandler
                0x0800c60c      0x6a8 ./Drivers/STM32G4xx_HAL_Driver/Src/stm32g4xx_hal_uart.o
                0x0800c60c                HAL_UART_IRQHandler
 .text.HAL_UART_TxCpltCallback
                0x0800ccb4       0x14 ./Drivers/STM32G4xx_HAL_Driver/Src/stm32g4xx_hal_uart.o
                0x0800ccb4                HAL_UART_TxCpltCallback
 .text.HAL_UART_TxHalfCpltCallback
                0x0800ccc8       0x14 ./Drivers/STM32G4xx_HAL_Driver/Src/stm32g4xx_hal_uart.o
                0x0800ccc8                HAL_UART_TxHalfCpltCallback
 .text.HAL_UART_RxCpltCallback
                0x0800ccdc       0x14 ./Drivers/STM32G4xx_HAL_Driver/Src/stm32g4xx_hal_uart.o
                0x0800ccdc                HAL_UART_RxCpltCallback
 .text.HAL_UART_RxHalfCpltCallback
                0x0800ccf0       0x14 ./Drivers/STM32G4xx_HAL_Driver/Src/stm32g4xx_hal_uart.o
                0x0800ccf0                HAL_UART_RxHalfCpltCallback
 .text.HAL_UART_AbortCpltCallback
                0x0800cd04       0x14 ./Drivers/STM32G4xx_HAL_Driver/Src/stm32g4xx_hal_uart.o
                0x0800cd04                HAL_UART_AbortCpltCallback
 .text.HAL_UART_AbortTransmitCpltCallback
                0x0800cd18       0x14 ./Drivers/STM32G4xx_HAL_Driver/Src/stm32g4xx_hal_uart.o
                0x0800cd18                HAL_UART_AbortTransmitCpltCallback
 .text.HAL_UART_AbortReceiveCpltCallback
                0x0800cd2c       0x14 ./Drivers/STM32G4xx_HAL_Driver/Src/stm32g4xx_hal_uart.o
                0x0800cd2c                HAL_UART_AbortReceiveCpltCallback
 .text.HAL_UARTEx_RxEventCallback
                0x0800cd40       0x18 ./Drivers/STM32G4xx_HAL_Driver/Src/stm32g4xx_hal_uart.o
                0x0800cd40                HAL_UARTEx_RxEventCallback
 .text.HAL_UART_ReceiverTimeout_Config
                0x0800cd58       0x38 ./Drivers/STM32G4xx_HAL_Driver/Src/stm32g4xx_hal_uart.o
                0x0800cd58                HAL_UART_ReceiverTimeout_Config
 .text.HAL_UART_EnableReceiverTimeout
                0x0800cd90       0x74 ./Drivers/STM32G4xx_HAL_Driver/Src/stm32g4xx_hal_uart.o
                0x0800cd90                HAL_UART_EnableReceiverTimeout
 .text.HAL_UART_GetError
                0x0800ce04       0x1a ./Drivers/STM32G4xx_HAL_Driver/Src/stm32g4xx_hal_uart.o
                0x0800ce04                HAL_UART_GetError
 *fill*         0x0800ce1e        0x2 
 .text.UART_InitCallbacksToDefault
                0x0800ce20       0xa4 ./Drivers/STM32G4xx_HAL_Driver/Src/stm32g4xx_hal_uart.o
                0x0800ce20                UART_InitCallbacksToDefault
 .text.UART_SetConfig
                0x0800cec4      0x5f8 ./Drivers/STM32G4xx_HAL_Driver/Src/stm32g4xx_hal_uart.o
                0x0800cec4                UART_SetConfig
 .text.UART_AdvFeatureConfig
                0x0800d4bc      0x144 ./Drivers/STM32G4xx_HAL_Driver/Src/stm32g4xx_hal_uart.o
                0x0800d4bc                UART_AdvFeatureConfig
 .text.UART_CheckIdleState
                0x0800d600      0x154 ./Drivers/STM32G4xx_HAL_Driver/Src/stm32g4xx_hal_uart.o
                0x0800d600                UART_CheckIdleState
 .text.UART_WaitOnFlagUntilTimeout
                0x0800d754       0xda ./Drivers/STM32G4xx_HAL_Driver/Src/stm32g4xx_hal_uart.o
                0x0800d754                UART_WaitOnFlagUntilTimeout
 *fill*         0x0800d82e        0x2 
 .text.UART_Start_Receive_DMA
                0x0800d830      0x14c ./Drivers/STM32G4xx_HAL_Driver/Src/stm32g4xx_hal_uart.o
                0x0800d830                UART_Start_Receive_DMA
 .text.UART_EndTxTransfer
                0x0800d97c       0x82 ./Drivers/STM32G4xx_HAL_Driver/Src/stm32g4xx_hal_uart.o
 .text.UART_EndRxTransfer
                0x0800d9fe       0xcc ./Drivers/STM32G4xx_HAL_Driver/Src/stm32g4xx_hal_uart.o
 .text.UART_DMATransmitCplt
                0x0800daca       0x9e ./Drivers/STM32G4xx_HAL_Driver/Src/stm32g4xx_hal_uart.o
 .text.UART_DMATxHalfCplt
                0x0800db68       0x20 ./Drivers/STM32G4xx_HAL_Driver/Src/stm32g4xx_hal_uart.o
 .text.UART_DMAReceiveCplt
                0x0800db88      0x16a ./Drivers/STM32G4xx_HAL_Driver/Src/stm32g4xx_hal_uart.o
 .text.UART_DMARxHalfCplt
                0x0800dcf2       0x7a ./Drivers/STM32G4xx_HAL_Driver/Src/stm32g4xx_hal_uart.o
 .text.UART_DMAError
                0x0800dd6c       0x74 ./Drivers/STM32G4xx_HAL_Driver/Src/stm32g4xx_hal_uart.o
 .text.UART_DMAAbortOnError
                0x0800dde0       0x20 ./Drivers/STM32G4xx_HAL_Driver/Src/stm32g4xx_hal_uart.o
 .text.UART_EndTransmit_IT
                0x0800de00       0x5a ./Drivers/STM32G4xx_HAL_Driver/Src/stm32g4xx_hal_uart.o
 .text.HAL_UARTEx_WakeupCallback
                0x0800de5a       0x14 ./Drivers/STM32G4xx_HAL_Driver/Src/stm32g4xx_hal_uart_ex.o
                0x0800de5a                HAL_UARTEx_WakeupCallback
 .text.HAL_UARTEx_RxFifoFullCallback
                0x0800de6e       0x14 ./Drivers/STM32G4xx_HAL_Driver/Src/stm32g4xx_hal_uart_ex.o
                0x0800de6e                HAL_UARTEx_RxFifoFullCallback
 .text.HAL_UARTEx_TxFifoEmptyCallback
                0x0800de82       0x14 ./Drivers/STM32G4xx_HAL_Driver/Src/stm32g4xx_hal_uart_ex.o
                0x0800de82                HAL_UARTEx_TxFifoEmptyCallback
 .text.HAL_UARTEx_DisableFifoMode
                0x0800de96       0x72 ./Drivers/STM32G4xx_HAL_Driver/Src/stm32g4xx_hal_uart_ex.o
                0x0800de96                HAL_UARTEx_DisableFifoMode
 .text.HAL_UARTEx_SetTxFifoThreshold
                0x0800df08       0x7c ./Drivers/STM32G4xx_HAL_Driver/Src/stm32g4xx_hal_uart_ex.o
                0x0800df08                HAL_UARTEx_SetTxFifoThreshold
 .text.HAL_UARTEx_SetRxFifoThreshold
                0x0800df84       0x7c ./Drivers/STM32G4xx_HAL_Driver/Src/stm32g4xx_hal_uart_ex.o
                0x0800df84                HAL_UARTEx_SetRxFifoThreshold
 .text.UARTEx_SetNbDataToProcess
                0x0800e000       0x9c ./Drivers/STM32G4xx_HAL_Driver/Src/stm32g4xx_hal_uart_ex.o
 .text.arm_mat_trans_f32
                0x0800e09c      0x154 ../Middlewares/Third_Party/ARM_CMSIS/CMSIS/DSP/Lib/GCC\libarm_cortexM4lf_math.a(arm_mat_trans_f32.o)
                0x0800e09c                arm_mat_trans_f32
 .text.arm_mat_sub_f32
                0x0800e1f0       0xd8 ../Middlewares/Third_Party/ARM_CMSIS/CMSIS/DSP/Lib/GCC\libarm_cortexM4lf_math.a(arm_mat_sub_f32.o)
                0x0800e1f0                arm_mat_sub_f32
 .text.arm_mat_scale_f32
                0x0800e2c8       0xa8 ../Middlewares/Third_Party/ARM_CMSIS/CMSIS/DSP/Lib/GCC\libarm_cortexM4lf_math.a(arm_mat_scale_f32.o)
                0x0800e2c8                arm_mat_scale_f32
 .text.arm_mat_mult_f32
                0x0800e370      0x220 ../Middlewares/Third_Party/ARM_CMSIS/CMSIS/DSP/Lib/GCC\libarm_cortexM4lf_math.a(arm_mat_mult_f32.o)
                0x0800e370                arm_mat_mult_f32
 .text.arm_mat_init_f32
                0x0800e590        0x8 ../Middlewares/Third_Party/ARM_CMSIS/CMSIS/DSP/Lib/GCC\libarm_cortexM4lf_math.a(arm_mat_init_f32.o)
                0x0800e590                arm_mat_init_f32
 .text.arm_mat_add_f32
                0x0800e598       0xd8 ../Middlewares/Third_Party/ARM_CMSIS/CMSIS/DSP/Lib/GCC\libarm_cortexM4lf_math.a(arm_mat_add_f32.o)
                0x0800e598                arm_mat_add_f32
 .text.memset   0x0800e670       0x10 C:/ST/STM32CubeIDE_1.19.0/STM32CubeIDE/plugins/com.st.stm32cube.ide.mcu.externaltools.gnu-tools-for-stm32.13.3.rel1.win32_1.0.0.202411081344/tools/bin/../lib/gcc/arm-none-eabi/13.3.1/../../../../arm-none-eabi/lib/thumb/v7e-m+fp/hard\libc_nano.a(libc_a-memset.o)
                0x0800e670                memset
 .text.__errno  0x0800e680        0xc C:/ST/STM32CubeIDE_1.19.0/STM32CubeIDE/plugins/com.st.stm32cube.ide.mcu.externaltools.gnu-tools-for-stm32.13.3.rel1.win32_1.0.0.202411081344/tools/bin/../lib/gcc/arm-none-eabi/13.3.1/../../../../arm-none-eabi/lib/thumb/v7e-m+fp/hard\libc_nano.a(libc_a-errno.o)
                0x0800e680                __errno
 .text.__libc_init_array
                0x0800e68c       0x48 C:/ST/STM32CubeIDE_1.19.0/STM32CubeIDE/plugins/com.st.stm32cube.ide.mcu.externaltools.gnu-tools-for-stm32.13.3.rel1.win32_1.0.0.202411081344/tools/bin/../lib/gcc/arm-none-eabi/13.3.1/../../../../arm-none-eabi/lib/thumb/v7e-m+fp/hard\libc_nano.a(libc_a-init.o)
                0x0800e68c                __libc_init_array
 .text.memcpy   0x0800e6d4       0x1c C:/ST/STM32CubeIDE_1.19.0/STM32CubeIDE/plugins/com.st.stm32cube.ide.mcu.externaltools.gnu-tools-for-stm32.13.3.rel1.win32_1.0.0.202411081344/tools/bin/../lib/gcc/arm-none-eabi/13.3.1/../../../../arm-none-eabi/lib/thumb/v7e-m+fp/hard\libc_nano.a(libc_a-memcpy-stub.o)
                0x0800e6d4                memcpy
 .text.sqrtf    0x0800e6f0       0x3c C:/ST/STM32CubeIDE_1.19.0/STM32CubeIDE/plugins/com.st.stm32cube.ide.mcu.externaltools.gnu-tools-for-stm32.13.3.rel1.win32_1.0.0.202411081344/tools/bin/../lib/gcc/arm-none-eabi/13.3.1/../../../../arm-none-eabi/lib/thumb/v7e-m+fp/hard\libm.a(libm_a-wf_sqrt.o)
                0x0800e6f0                sqrtf
 .text.tanhf    0x0800e72c       0xd4 C:/ST/STM32CubeIDE_1.19.0/STM32CubeIDE/plugins/com.st.stm32cube.ide.mcu.externaltools.gnu-tools-for-stm32.13.3.rel1.win32_1.0.0.202411081344/tools/bin/../lib/gcc/arm-none-eabi/13.3.1/../../../../arm-none-eabi/lib/thumb/v7e-m+fp/hard\libm.a(libm_a-sf_tanh.o)
                0x0800e72c                tanhf
 .text.cbrtf    0x0800e800       0xc0 C:/ST/STM32CubeIDE_1.19.0/STM32CubeIDE/plugins/com.st.stm32cube.ide.mcu.externaltools.gnu-tools-for-stm32.13.3.rel1.win32_1.0.0.202411081344/tools/bin/../lib/gcc/arm-none-eabi/13.3.1/../../../../arm-none-eabi/lib/thumb/v7e-m+fp/hard\libm.a(libm_a-sf_cbrt.o)
                0x0800e800                cbrtf
 .text.expm1f   0x0800e8c0      0x250 C:/ST/STM32CubeIDE_1.19.0/STM32CubeIDE/plugins/com.st.stm32cube.ide.mcu.externaltools.gnu-tools-for-stm32.13.3.rel1.win32_1.0.0.202411081344/tools/bin/../lib/gcc/arm-none-eabi/13.3.1/../../../../arm-none-eabi/lib/thumb/v7e-m+fp/hard\libm.a(libm_a-sf_expm1.o)
                0x0800e8c0                expm1f
 .text.with_errnof
                0x0800eb10       0x1c C:/ST/STM32CubeIDE_1.19.0/STM32CubeIDE/plugins/com.st.stm32cube.ide.mcu.externaltools.gnu-tools-for-stm32.13.3.rel1.win32_1.0.0.202411081344/tools/bin/../lib/gcc/arm-none-eabi/13.3.1/../../../../arm-none-eabi/lib/thumb/v7e-m+fp/hard\libm.a(libm_a-math_errf.o)
 .text.xflowf   0x0800eb2c       0x16 C:/ST/STM32CubeIDE_1.19.0/STM32CubeIDE/plugins/com.st.stm32cube.ide.mcu.externaltools.gnu-tools-for-stm32.13.3.rel1.win32_1.0.0.202411081344/tools/bin/../lib/gcc/arm-none-eabi/13.3.1/../../../../arm-none-eabi/lib/thumb/v7e-m+fp/hard\libm.a(libm_a-math_errf.o)
 *fill*         0x0800eb42        0x2 
 .text.__math_oflowf
                0x0800eb44        0xc C:/ST/STM32CubeIDE_1.19.0/STM32CubeIDE/plugins/com.st.stm32cube.ide.mcu.externaltools.gnu-tools-for-stm32.13.3.rel1.win32_1.0.0.202411081344/tools/bin/../lib/gcc/arm-none-eabi/13.3.1/../../../../arm-none-eabi/lib/thumb/v7e-m+fp/hard\libm.a(libm_a-math_errf.o)
                0x0800eb44                __math_oflowf
 .text.__ieee754_sqrtf
                0x0800eb50        0x6 C:/ST/STM32CubeIDE_1.19.0/STM32CubeIDE/plugins/com.st.stm32cube.ide.mcu.externaltools.gnu-tools-for-stm32.13.3.rel1.win32_1.0.0.202411081344/tools/bin/../lib/gcc/arm-none-eabi/13.3.1/../../../../arm-none-eabi/lib/thumb/v7e-m+fp/hard\libm.a(libm_a-ef_sqrt.o)
                0x0800eb50                __ieee754_sqrtf
 *fill*         0x0800eb56        0x2 
 .text.roundf   0x0800eb58       0x48 C:/ST/STM32CubeIDE_1.19.0/STM32CubeIDE/plugins/com.st.stm32cube.ide.mcu.externaltools.gnu-tools-for-stm32.13.3.rel1.win32_1.0.0.202411081344/tools/bin/../lib/gcc/arm-none-eabi/13.3.1/../../../../arm-none-eabi/lib/thumb/v7e-m+fp/hard\libm.a(libm_a-sf_round.o)
                0x0800eb58                roundf
 .text.fabsf    0x0800eba0        0xe C:/ST/STM32CubeIDE_1.19.0/STM32CubeIDE/plugins/com.st.stm32cube.ide.mcu.externaltools.gnu-tools-for-stm32.13.3.rel1.win32_1.0.0.202411081344/tools/bin/../lib/gcc/arm-none-eabi/13.3.1/../../../../arm-none-eabi/lib/thumb/v7e-m+fp/hard\libm.a(libm_a-sf_fabs.o)
                0x0800eba0                fabsf
 *(.glue_7)
 .glue_7        0x0800ebae        0x0 linker stubs
 *(.glue_7t)
 .glue_7t       0x0800ebae        0x0 linker stubs
 *(.eh_frame)
 *fill*         0x0800ebae        0x2 
 .eh_frame      0x0800ebb0        0x0 C:/ST/STM32CubeIDE_1.19.0/STM32CubeIDE/plugins/com.st.stm32cube.ide.mcu.externaltools.gnu-tools-for-stm32.13.3.rel1.win32_1.0.0.202411081344/tools/bin/../lib/gcc/arm-none-eabi/13.3.1/thumb/v7e-m+fp/hard/crtbegin.o
 *(.init)
 .init          0x0800ebb0        0x4 C:/ST/STM32CubeIDE_1.19.0/STM32CubeIDE/plugins/com.st.stm32cube.ide.mcu.externaltools.gnu-tools-for-stm32.13.3.rel1.win32_1.0.0.202411081344/tools/bin/../lib/gcc/arm-none-eabi/13.3.1/thumb/v7e-m+fp/hard/crti.o
                0x0800ebb0                _init
 .init          0x0800ebb4        0x8 C:/ST/STM32CubeIDE_1.19.0/STM32CubeIDE/plugins/com.st.stm32cube.ide.mcu.externaltools.gnu-tools-for-stm32.13.3.rel1.win32_1.0.0.202411081344/tools/bin/../lib/gcc/arm-none-eabi/13.3.1/thumb/v7e-m+fp/hard/crtn.o
 *(.fini)
 .fini          0x0800ebbc        0x4 C:/ST/STM32CubeIDE_1.19.0/STM32CubeIDE/plugins/com.st.stm32cube.ide.mcu.externaltools.gnu-tools-for-stm32.13.3.rel1.win32_1.0.0.202411081344/tools/bin/../lib/gcc/arm-none-eabi/13.3.1/thumb/v7e-m+fp/hard/crti.o
                0x0800ebbc                _fini
 .fini          0x0800ebc0        0x8 C:/ST/STM32CubeIDE_1.19.0/STM32CubeIDE/plugins/com.st.stm32cube.ide.mcu.externaltools.gnu-tools-for-stm32.13.3.rel1.win32_1.0.0.202411081344/tools/bin/../lib/gcc/arm-none-eabi/13.3.1/thumb/v7e-m+fp/hard/crtn.o
                0x0800ebc8                        . = ALIGN (0x4)
                0x0800ebc8                        _etext = .

.vfp11_veneer   0x0800ebc8        0x0
 .vfp11_veneer  0x0800ebc8        0x0 linker stubs

.v4_bx          0x0800ebc8        0x0
 .v4_bx         0x0800ebc8        0x0 linker stubs

.iplt           0x0800ebc8        0x0
 .iplt          0x0800ebc8        0x0 C:/ST/STM32CubeIDE_1.19.0/STM32CubeIDE/plugins/com.st.stm32cube.ide.mcu.externaltools.gnu-tools-for-stm32.13.3.rel1.win32_1.0.0.202411081344/tools/bin/../lib/gcc/arm-none-eabi/13.3.1/thumb/v7e-m+fp/hard/crtbegin.o

.rodata         0x0800ebc8       0xc0
                0x0800ebc8                        . = ALIGN (0x4)
 *(.rodata)
 .rodata        0x0800ebc8       0x24 ./Core/Src/gripper_can.o
 .rodata        0x0800ebec       0x40 ./Core/Src/kalman.o
 *(.rodata*)
 .rodata.AHBPrescTable
                0x0800ec2c       0x10 ./Core/Src/system_stm32g4xx.o
                0x0800ec2c                AHBPrescTable
 .rodata.APBPrescTable
                0x0800ec3c        0x8 ./Core/Src/system_stm32g4xx.o
                0x0800ec3c                APBPrescTable
 .rodata.DLCtoBytes
                0x0800ec44       0x10 ./Drivers/STM32G4xx_HAL_Driver/Src/stm32g4xx_hal_fdcan.o
 .rodata.UARTPrescTable
                0x0800ec54       0x18 ./Drivers/STM32G4xx_HAL_Driver/Src/stm32g4xx_hal_uart.o
                0x0800ec54                UARTPrescTable
 .rodata.numerator.1
                0x0800ec6c        0x8 ./Drivers/STM32G4xx_HAL_Driver/Src/stm32g4xx_hal_uart_ex.o
 .rodata.denominator.0
                0x0800ec74        0x8 ./Drivers/STM32G4xx_HAL_Driver/Src/stm32g4xx_hal_uart_ex.o
 .rodata.tiny   0x0800ec7c        0x4 C:/ST/STM32CubeIDE_1.19.0/STM32CubeIDE/plugins/com.st.stm32cube.ide.mcu.externaltools.gnu-tools-for-stm32.13.3.rel1.win32_1.0.0.202411081344/tools/bin/../lib/gcc/arm-none-eabi/13.3.1/../../../../arm-none-eabi/lib/thumb/v7e-m+fp/hard\libm.a(libm_a-sf_tanh.o)
 .rodata.two    0x0800ec80        0x4 C:/ST/STM32CubeIDE_1.19.0/STM32CubeIDE/plugins/com.st.stm32cube.ide.mcu.externaltools.gnu-tools-for-stm32.13.3.rel1.win32_1.0.0.202411081344/tools/bin/../lib/gcc/arm-none-eabi/13.3.1/../../../../arm-none-eabi/lib/thumb/v7e-m+fp/hard\libm.a(libm_a-sf_tanh.o)
 .rodata.one    0x0800ec84        0x4 C:/ST/STM32CubeIDE_1.19.0/STM32CubeIDE/plugins/com.st.stm32cube.ide.mcu.externaltools.gnu-tools-for-stm32.13.3.rel1.win32_1.0.0.202411081344/tools/bin/../lib/gcc/arm-none-eabi/13.3.1/../../../../arm-none-eabi/lib/thumb/v7e-m+fp/hard\libm.a(libm_a-sf_tanh.o)
                0x0800ec88                        . = ALIGN (0x4)

.ARM.extab      0x0800ec88        0x0
                0x0800ec88                        . = ALIGN (0x4)
 *(.ARM.extab* .gnu.linkonce.armextab.*)
                0x0800ec88                        . = ALIGN (0x4)

.ARM            0x0800ec88        0x8
                0x0800ec88                        . = ALIGN (0x4)
                0x0800ec88                        __exidx_start = .
 *(.ARM.exidx*)
 .ARM.exidx     0x0800ec88        0x8 C:/ST/STM32CubeIDE_1.19.0/STM32CubeIDE/plugins/com.st.stm32cube.ide.mcu.externaltools.gnu-tools-for-stm32.13.3.rel1.win32_1.0.0.202411081344/tools/bin/../lib/gcc/arm-none-eabi/13.3.1/thumb/v7e-m+fp/hard\libgcc.a(_udivmoddi4.o)
                0x0800ec90                        __exidx_end = .
                0x0800ec90                        . = ALIGN (0x4)

.preinit_array  0x0800ec90        0x0
                0x0800ec90                        . = ALIGN (0x4)
                0x0800ec90                        PROVIDE (__preinit_array_start = .)
 *(.preinit_array*)
                0x0800ec90                        PROVIDE (__preinit_array_end = .)
                0x0800ec90                        . = ALIGN (0x4)

.init_array     0x0800ec90        0x4
                0x0800ec90                        . = ALIGN (0x4)
                0x0800ec90                        PROVIDE (__init_array_start = .)
 *(SORT_BY_NAME(.init_array.*))
 *(.init_array*)
 .init_array    0x0800ec90        0x4 C:/ST/STM32CubeIDE_1.19.0/STM32CubeIDE/plugins/com.st.stm32cube.ide.mcu.externaltools.gnu-tools-for-stm32.13.3.rel1.win32_1.0.0.202411081344/tools/bin/../lib/gcc/arm-none-eabi/13.3.1/thumb/v7e-m+fp/hard/crtbegin.o
                0x0800ec94                        PROVIDE (__init_array_end = .)
                0x0800ec94                        . = ALIGN (0x4)

.fini_array     0x0800ec94        0x4
                0x0800ec94                        . = ALIGN (0x4)
                [!provide]                        PROVIDE (__fini_array_start = .)
 *(SORT_BY_NAME(.fini_array.*))
 *(.fini_array*)
 .fini_array    0x0800ec94        0x4 C:/ST/STM32CubeIDE_1.19.0/STM32CubeIDE/plugins/com.st.stm32cube.ide.mcu.externaltools.gnu-tools-for-stm32.13.3.rel1.win32_1.0.0.202411081344/tools/bin/../lib/gcc/arm-none-eabi/13.3.1/thumb/v7e-m+fp/hard/crtbegin.o
                [!provide]                        PROVIDE (__fini_array_end = .)
                0x0800ec98                        . = ALIGN (0x4)
                0x0800ec98                        _sidata = LOADADDR (.data)

.rel.dyn        0x0800ec98        0x0
 .rel.iplt      0x0800ec98        0x0 C:/ST/STM32CubeIDE_1.19.0/STM32CubeIDE/plugins/com.st.stm32cube.ide.mcu.externaltools.gnu-tools-for-stm32.13.3.rel1.win32_1.0.0.202411081344/tools/bin/../lib/gcc/arm-none-eabi/13.3.1/thumb/v7e-m+fp/hard/crtbegin.o

.data           0x20000000      0x284 load address 0x0800ec98
                0x20000000                        . = ALIGN (0x4)
                0x20000000                        _sdata = .
 *(.data)
 *(.data*)
 .data.auchCRCLo
                0x20000000      0x100 ./Core/Src/BaseSystem.o
 .data.auchCRCHi
                0x20000100      0x100 ./Core/Src/BaseSystem.o
 .data.my_motor
                0x20000200       0x24 ./Core/Src/main.o
                0x20000200                my_motor
 .data.hold_ki_outer
                0x20000224        0x4 ./Core/Src/main.o
                0x20000224                hold_ki_outer
 .data.SystemCoreClock
                0x20000228        0x4 ./Core/Src/system_stm32g4xx.o
                0x20000228                SystemCoreClock
 .data.uwTickPrio
                0x2000022c        0x4 ./Drivers/STM32G4xx_HAL_Driver/Src/stm32g4xx_hal.o
                0x2000022c                uwTickPrio
 .data.uwTickFreq
                0x20000230        0x4 ./Drivers/STM32G4xx_HAL_Driver/Src/stm32g4xx_hal.o
                0x20000230                uwTickFreq
 .data._impure_ptr
                0x20000234        0x4 C:/ST/STM32CubeIDE_1.19.0/STM32CubeIDE/plugins/com.st.stm32cube.ide.mcu.externaltools.gnu-tools-for-stm32.13.3.rel1.win32_1.0.0.202411081344/tools/bin/../lib/gcc/arm-none-eabi/13.3.1/../../../../arm-none-eabi/lib/thumb/v7e-m+fp/hard\libc_nano.a(libc_a-impure.o)
                0x20000234                _impure_ptr
 .data._impure_data
                0x20000238       0x4c C:/ST/STM32CubeIDE_1.19.0/STM32CubeIDE/plugins/com.st.stm32cube.ide.mcu.externaltools.gnu-tools-for-stm32.13.3.rel1.win32_1.0.0.202411081344/tools/bin/../lib/gcc/arm-none-eabi/13.3.1/../../../../arm-none-eabi/lib/thumb/v7e-m+fp/hard\libc_nano.a(libc_a-impure.o)
                0x20000238                _impure_data
 *(.RamFunc)
 *(.RamFunc*)
                0x20000284                        . = ALIGN (0x4)
                0x20000284                        _edata = .

.igot.plt       0x20000284        0x0 load address 0x0800ef1c
 .igot.plt      0x20000284        0x0 C:/ST/STM32CubeIDE_1.19.0/STM32CubeIDE/plugins/com.st.stm32cube.ide.mcu.externaltools.gnu-tools-for-stm32.13.3.rel1.win32_1.0.0.202411081344/tools/bin/../lib/gcc/arm-none-eabi/13.3.1/thumb/v7e-m+fp/hard/crtbegin.o
                0x20000284                        . = ALIGN (0x4)

.bss            0x20000284     0x1684 load address 0x0800ef1c
                0x20000284                        _sbss = .
                0x20000284                        __bss_start__ = _sbss
 *(.bss)
 .bss           0x20000284       0x1c C:/ST/STM32CubeIDE_1.19.0/STM32CubeIDE/plugins/com.st.stm32cube.ide.mcu.externaltools.gnu-tools-for-stm32.13.3.rel1.win32_1.0.0.202411081344/tools/bin/../lib/gcc/arm-none-eabi/13.3.1/thumb/v7e-m+fp/hard/crtbegin.o
 *(.bss*)
 .bss.hmodbus   0x200002a0      0x614 ./Core/Src/BaseSystem.o
                0x200002a0                hmodbus
 .bss.registerFrame
                0x200008b4       0x64 ./Core/Src/BaseSystem.o
                0x200008b4                registerFrame
 .bss.BaseCmd   0x20000918       0x44 ./Core/Src/BaseSystem.o
                0x20000918                BaseCmd
 .bss.BaseSystem_IsConnected
                0x2000095c        0x1 ./Core/Src/BaseSystem.o
                0x2000095c                BaseSystem_IsConnected
 *fill*         0x2000095d        0x3 
 .bss.hfdcan1   0x20000960       0x64 ./Core/Src/fdcan.o
                0x20000960                hfdcan1
 .bss.s_relay_mask
                0x200009c4        0x1 ./Core/Src/gripper_can.o
 *fill*         0x200009c5        0x3 
 .bss.s_last_hb_tick
                0x200009c8        0x4 ./Core/Src/gripper_can.o
 .bss.s_last_opto_tick
                0x200009cc        0x4 ./Core/Src/gripper_can.o
 .bss.sys_state
                0x200009d0       0x18 ./Core/Src/main.o
                0x200009d0                sys_state
 .bss.Controller
                0x200009e8       0x40 ./Core/Src/main.o
                0x200009e8                Controller
 .bss.Inner     0x20000a28       0x30 ./Core/Src/main.o
                0x20000a28                Inner
 .bss.Outer     0x20000a58       0x30 ./Core/Src/main.o
                0x20000a58                Outer
 .bss.Kalman    0x20000a88      0x61c ./Core/Src/main.o
                0x20000a88                Kalman
 .bss.ff        0x200010a4       0x40 ./Core/Src/main.o
                0x200010a4                ff
 .bss.friction  0x200010e4       0x18 ./Core/Src/main.o
                0x200010e4                friction
 .bss.encoder   0x200010fc       0x2c ./Core/Src/main.o
                0x200010fc                encoder
 .bss.ref_pos   0x20001128       0x14 ./Core/Src/main.o
                0x20001128                ref_pos
 .bss.robot_joy
                0x2000113c       0x10 ./Core/Src/main.o
                0x2000113c                robot_joy
 .bss.robot_ramp
                0x2000114c        0x2 ./Core/Src/main.o
                0x2000114c                robot_ramp
 *fill*         0x2000114e        0x2 
 .bss.traj_mgr  0x20001150       0x90 ./Core/Src/main.o
                0x20001150                traj_mgr
 .bss.emergency_latch
                0x200011e0        0x1 ./Core/Src/main.o
                0x200011e0                emergency_latch
 *fill*         0x200011e1        0x3 
 .bss.seq       0x200011e4       0x14 ./Core/Src/main.o
                0x200011e4                seq
 .bss.test      0x200011f8       0x10 ./Core/Src/main.o
                0x200011f8                test
 .bss.joy_prev  0x20001208        0x6 ./Core/Src/main.o
                0x20001208                joy_prev
 .bss.joy_picking
                0x2000120e        0x1 ./Core/Src/main.o
                0x2000120e                joy_picking
 .bss.joy_placing
                0x2000120f        0x1 ./Core/Src/main.o
                0x2000120f                joy_placing
 .bss.color_hold_start
                0x20001210        0x4 ./Core/Src/main.o
                0x20001210                color_hold_start
 .bss.robot_gripper
                0x20001214       0x14 ./Core/Src/main.o
                0x20001214                robot_gripper
 .bss.vout      0x20001228        0x4 ./Core/Src/main.o
                0x20001228                vout
 .bss.vin_kalman
                0x2000122c        0x4 ./Core/Src/main.o
                0x2000122c                vin_kalman
 .bss.moving    0x20001230        0x4 ./Core/Src/main.o
                0x20001230                moving
 .bss.actual_vin
                0x20001234        0x4 ./Core/Src/main.o
                0x20001234                actual_vin
 .bss.friction_feedforward
                0x20001238        0x4 ./Core/Src/main.o
                0x20001238                friction_feedforward
 .bss.vout_applied
                0x2000123c        0x4 ./Core/Src/system_state.o
                0x2000123c                vout_applied
 .bss.backoff_start_time.0
                0x20001240        0x4 ./Core/Src/system_state.o
 .bss.htim1     0x20001244       0xcc ./Core/Src/tim.o
                0x20001244                htim1
 .bss.htim2     0x20001310       0xcc ./Core/Src/tim.o
                0x20001310                htim2
 .bss.htim3     0x200013dc       0xcc ./Core/Src/tim.o
                0x200013dc                htim3
 .bss.htim16    0x200014a8       0xcc ./Core/Src/tim.o
                0x200014a8                htim16
 .bss.htim20    0x20001574       0xcc ./Core/Src/tim.o
                0x20001574                htim20
 .bss.huart2    0x20001640       0xcc ./Core/Src/usart.o
                0x20001640                huart2
 .bss.hdma_usart2_tx
                0x2000170c       0x60 ./Core/Src/usart.o
                0x2000170c                hdma_usart2_tx
 .bss.hdma_usart2_rx
                0x2000176c       0x60 ./Core/Src/usart.o
                0x2000176c                hdma_usart2_rx
 .bss.uwTick    0x200017cc        0x4 ./Drivers/STM32G4xx_HAL_Driver/Src/stm32g4xx_hal.o
                0x200017cc                uwTick
 .bss.__sf      0x200017d0      0x138 C:/ST/STM32CubeIDE_1.19.0/STM32CubeIDE/plugins/com.st.stm32cube.ide.mcu.externaltools.gnu-tools-for-stm32.13.3.rel1.win32_1.0.0.202411081344/tools/bin/../lib/gcc/arm-none-eabi/13.3.1/../../../../arm-none-eabi/lib/thumb/v7e-m+fp/hard\libc_nano.a(libc_a-findfp.o)
                0x200017d0                __sf
 *(COMMON)
                0x20001908                        . = ALIGN (0x4)
                0x20001908                        _ebss = .
                0x20001908                        __bss_end__ = _ebss

._user_heap_stack
                0x20001908      0x600 load address 0x0800ef1c
                0x20001908                        . = ALIGN (0x8)
                [!provide]                        PROVIDE (end = .)
                0x20001908                        PROVIDE (_end = .)
                0x20001b08                        . = (. + _Min_Heap_Size)
 *fill*         0x20001908      0x200 
                0x20001f08                        . = (. + _Min_Stack_Size)
 *fill*         0x20001b08      0x400 
                0x20001f08                        . = ALIGN (0x8)

/DISCARD/
 libc.a(*)
 libm.a(*)
 libgcc.a(*)

.ARM.attributes
                0x00000000       0x30
 *(.ARM.attributes)
 .ARM.attributes
                0x00000000       0x22 C:/ST/STM32CubeIDE_1.19.0/STM32CubeIDE/plugins/com.st.stm32cube.ide.mcu.externaltools.gnu-tools-for-stm32.13.3.rel1.win32_1.0.0.202411081344/tools/bin/../lib/gcc/arm-none-eabi/13.3.1/thumb/v7e-m+fp/hard/crti.o
 .ARM.attributes
                0x00000022       0x34 C:/ST/STM32CubeIDE_1.19.0/STM32CubeIDE/plugins/com.st.stm32cube.ide.mcu.externaltools.gnu-tools-for-stm32.13.3.rel1.win32_1.0.0.202411081344/tools/bin/../lib/gcc/arm-none-eabi/13.3.1/thumb/v7e-m+fp/hard/crtbegin.o
 .ARM.attributes
                0x00000056       0x34 ./Core/Src/BaseSystem.o
 .ARM.attributes
                0x0000008a       0x34 ./Core/Src/cascade.o
 .ARM.attributes
                0x000000be       0x34 ./Core/Src/dma.o
 .ARM.attributes
                0x000000f2       0x34 ./Core/Src/elec_cabient.o
 .ARM.attributes
                0x00000126       0x34 ./Core/Src/fdcan.o
 .ARM.attributes
                0x0000015a       0x34 ./Core/Src/gpio.o
 .ARM.attributes
                0x0000018e       0x34 ./Core/Src/gripper_can.o
 .ARM.attributes
                0x000001c2       0x34 ./Core/Src/kalman.o
 .ARM.attributes
                0x000001f6       0x34 ./Core/Src/main.o
 .ARM.attributes
                0x0000022a       0x34 ./Core/Src/robot_process.o
 .ARM.attributes
                0x0000025e       0x34 ./Core/Src/stm32g4xx_hal_msp.o
 .ARM.attributes
                0x00000292       0x34 ./Core/Src/stm32g4xx_it.o
 .ARM.attributes
                0x000002c6       0x34 ./Core/Src/system_state.o
 .ARM.attributes
                0x000002fa       0x34 ./Core/Src/system_stm32g4xx.o
 .ARM.attributes
                0x0000032e       0x34 ./Core/Src/tim.o
 .ARM.attributes
                0x00000362       0x34 ./Core/Src/trajectory.o
 .ARM.attributes
                0x00000396       0x34 ./Core/Src/usart.o
 .ARM.attributes
                0x000003ca       0x21 ./Core/Startup/startup_stm32g474retx.o
 .ARM.attributes
                0x000003eb       0x34 ./Drivers/STM32G4xx_HAL_Driver/Src/stm32g4xx_hal.o
 .ARM.attributes
                0x0000041f       0x34 ./Drivers/STM32G4xx_HAL_Driver/Src/stm32g4xx_hal_cortex.o
 .ARM.attributes
                0x00000453       0x34 ./Drivers/STM32G4xx_HAL_Driver/Src/stm32g4xx_hal_dma.o
 .ARM.attributes
                0x00000487       0x34 ./Drivers/STM32G4xx_HAL_Driver/Src/stm32g4xx_hal_fdcan.o
 .ARM.attributes
                0x000004bb       0x34 ./Drivers/STM32G4xx_HAL_Driver/Src/stm32g4xx_hal_gpio.o
 .ARM.attributes
                0x000004ef       0x34 ./Drivers/STM32G4xx_HAL_Driver/Src/stm32g4xx_hal_pwr_ex.o
 .ARM.attributes
                0x00000523       0x34 ./Drivers/STM32G4xx_HAL_Driver/Src/stm32g4xx_hal_rcc.o
 .ARM.attributes
                0x00000557       0x34 ./Drivers/STM32G4xx_HAL_Driver/Src/stm32g4xx_hal_rcc_ex.o
 .ARM.attributes
                0x0000058b       0x34 ./Drivers/STM32G4xx_HAL_Driver/Src/stm32g4xx_hal_tim.o
 .ARM.attributes
                0x000005bf       0x34 ./Drivers/STM32G4xx_HAL_Driver/Src/stm32g4xx_hal_tim_ex.o
 .ARM.attributes
                0x000005f3       0x34 ./Drivers/STM32G4xx_HAL_Driver/Src/stm32g4xx_hal_uart.o
 .ARM.attributes
                0x00000627       0x34 ./Drivers/STM32G4xx_HAL_Driver/Src/stm32g4xx_hal_uart_ex.o
 .ARM.attributes
                0x0000065b       0x34 ../Middlewares/Third_Party/ARM_CMSIS/CMSIS/DSP/Lib/GCC\libarm_cortexM4lf_math.a(arm_mat_trans_f32.o)
 .ARM.attributes
                0x0000068f       0x34 ../Middlewares/Third_Party/ARM_CMSIS/CMSIS/DSP/Lib/GCC\libarm_cortexM4lf_math.a(arm_mat_sub_f32.o)
 .ARM.attributes
                0x000006c3       0x34 ../Middlewares/Third_Party/ARM_CMSIS/CMSIS/DSP/Lib/GCC\libarm_cortexM4lf_math.a(arm_mat_scale_f32.o)
 .ARM.attributes
                0x000006f7       0x34 ../Middlewares/Third_Party/ARM_CMSIS/CMSIS/DSP/Lib/GCC\libarm_cortexM4lf_math.a(arm_mat_mult_f32.o)
 .ARM.attributes
                0x0000072b       0x34 ../Middlewares/Third_Party/ARM_CMSIS/CMSIS/DSP/Lib/GCC\libarm_cortexM4lf_math.a(arm_mat_init_f32.o)
 .ARM.attributes
                0x0000075f       0x34 ../Middlewares/Third_Party/ARM_CMSIS/CMSIS/DSP/Lib/GCC\libarm_cortexM4lf_math.a(arm_mat_add_f32.o)
 .ARM.attributes
                0x00000793       0x34 C:/ST/STM32CubeIDE_1.19.0/STM32CubeIDE/plugins/com.st.stm32cube.ide.mcu.externaltools.gnu-tools-for-stm32.13.3.rel1.win32_1.0.0.202411081344/tools/bin/../lib/gcc/arm-none-eabi/13.3.1/../../../../arm-none-eabi/lib/thumb/v7e-m+fp/hard\libc_nano.a(libc_a-findfp.o)
 .ARM.attributes
                0x000007c7       0x34 C:/ST/STM32CubeIDE_1.19.0/STM32CubeIDE/plugins/com.st.stm32cube.ide.mcu.externaltools.gnu-tools-for-stm32.13.3.rel1.win32_1.0.0.202411081344/tools/bin/../lib/gcc/arm-none-eabi/13.3.1/../../../../arm-none-eabi/lib/thumb/v7e-m+fp/hard\libc_nano.a(libc_a-memset.o)
 .ARM.attributes
                0x000007fb       0x34 C:/ST/STM32CubeIDE_1.19.0/STM32CubeIDE/plugins/com.st.stm32cube.ide.mcu.externaltools.gnu-tools-for-stm32.13.3.rel1.win32_1.0.0.202411081344/tools/bin/../lib/gcc/arm-none-eabi/13.3.1/../../../../arm-none-eabi/lib/thumb/v7e-m+fp/hard\libc_nano.a(libc_a-impure.o)
 .ARM.attributes
                0x0000082f       0x34 C:/ST/STM32CubeIDE_1.19.0/STM32CubeIDE/plugins/com.st.stm32cube.ide.mcu.externaltools.gnu-tools-for-stm32.13.3.rel1.win32_1.0.0.202411081344/tools/bin/../lib/gcc/arm-none-eabi/13.3.1/../../../../arm-none-eabi/lib/thumb/v7e-m+fp/hard\libc_nano.a(libc_a-errno.o)
 .ARM.attributes
                0x00000863       0x34 C:/ST/STM32CubeIDE_1.19.0/STM32CubeIDE/plugins/com.st.stm32cube.ide.mcu.externaltools.gnu-tools-for-stm32.13.3.rel1.win32_1.0.0.202411081344/tools/bin/../lib/gcc/arm-none-eabi/13.3.1/../../../../arm-none-eabi/lib/thumb/v7e-m+fp/hard\libc_nano.a(libc_a-init.o)
 .ARM.attributes
                0x00000897       0x34 C:/ST/STM32CubeIDE_1.19.0/STM32CubeIDE/plugins/com.st.stm32cube.ide.mcu.externaltools.gnu-tools-for-stm32.13.3.rel1.win32_1.0.0.202411081344/tools/bin/../lib/gcc/arm-none-eabi/13.3.1/../../../../arm-none-eabi/lib/thumb/v7e-m+fp/hard\libc_nano.a(libc_a-memcpy-stub.o)
 .ARM.attributes
                0x000008cb       0x34 C:/ST/STM32CubeIDE_1.19.0/STM32CubeIDE/plugins/com.st.stm32cube.ide.mcu.externaltools.gnu-tools-for-stm32.13.3.rel1.win32_1.0.0.202411081344/tools/bin/../lib/gcc/arm-none-eabi/13.3.1/../../../../arm-none-eabi/lib/thumb/v7e-m+fp/hard\libm.a(libm_a-wf_sqrt.o)
 .ARM.attributes
                0x000008ff       0x34 C:/ST/STM32CubeIDE_1.19.0/STM32CubeIDE/plugins/com.st.stm32cube.ide.mcu.externaltools.gnu-tools-for-stm32.13.3.rel1.win32_1.0.0.202411081344/tools/bin/../lib/gcc/arm-none-eabi/13.3.1/../../../../arm-none-eabi/lib/thumb/v7e-m+fp/hard\libm.a(libm_a-sf_tanh.o)
 .ARM.attributes
                0x00000933       0x34 C:/ST/STM32CubeIDE_1.19.0/STM32CubeIDE/plugins/com.st.stm32cube.ide.mcu.externaltools.gnu-tools-for-stm32.13.3.rel1.win32_1.0.0.202411081344/tools/bin/../lib/gcc/arm-none-eabi/13.3.1/../../../../arm-none-eabi/lib/thumb/v7e-m+fp/hard\libm.a(libm_a-sf_cbrt.o)
 .ARM.attributes
                0x00000967       0x34 C:/ST/STM32CubeIDE_1.19.0/STM32CubeIDE/plugins/com.st.stm32cube.ide.mcu.externaltools.gnu-tools-for-stm32.13.3.rel1.win32_1.0.0.202411081344/tools/bin/../lib/gcc/arm-none-eabi/13.3.1/../../../../arm-none-eabi/lib/thumb/v7e-m+fp/hard\libm.a(libm_a-sf_expm1.o)
 .ARM.attributes
                0x0000099b       0x34 C:/ST/STM32CubeIDE_1.19.0/STM32CubeIDE/plugins/com.st.stm32cube.ide.mcu.externaltools.gnu-tools-for-stm32.13.3.rel1.win32_1.0.0.202411081344/tools/bin/../lib/gcc/arm-none-eabi/13.3.1/../../../../arm-none-eabi/lib/thumb/v7e-m+fp/hard\libm.a(libm_a-math_errf.o)
 .ARM.attributes
                0x000009cf       0x34 C:/ST/STM32CubeIDE_1.19.0/STM32CubeIDE/plugins/com.st.stm32cube.ide.mcu.externaltools.gnu-tools-for-stm32.13.3.rel1.win32_1.0.0.202411081344/tools/bin/../lib/gcc/arm-none-eabi/13.3.1/../../../../arm-none-eabi/lib/thumb/v7e-m+fp/hard\libm.a(libm_a-ef_sqrt.o)
 .ARM.attributes
                0x00000a03       0x34 C:/ST/STM32CubeIDE_1.19.0/STM32CubeIDE/plugins/com.st.stm32cube.ide.mcu.externaltools.gnu-tools-for-stm32.13.3.rel1.win32_1.0.0.202411081344/tools/bin/../lib/gcc/arm-none-eabi/13.3.1/../../../../arm-none-eabi/lib/thumb/v7e-m+fp/hard\libm.a(libm_a-sf_round.o)
 .ARM.attributes
                0x00000a37       0x34 C:/ST/STM32CubeIDE_1.19.0/STM32CubeIDE/plugins/com.st.stm32cube.ide.mcu.externaltools.gnu-tools-for-stm32.13.3.rel1.win32_1.0.0.202411081344/tools/bin/../lib/gcc/arm-none-eabi/13.3.1/../../../../arm-none-eabi/lib/thumb/v7e-m+fp/hard\libm.a(libm_a-sf_fabs.o)
 .ARM.attributes
                0x00000a6b       0x22 C:/ST/STM32CubeIDE_1.19.0/STM32CubeIDE/plugins/com.st.stm32cube.ide.mcu.externaltools.gnu-tools-for-stm32.13.3.rel1.win32_1.0.0.202411081344/tools/bin/../lib/gcc/arm-none-eabi/13.3.1/thumb/v7e-m+fp/hard\libgcc.a(_arm_muldf3.o)
 .ARM.attributes
                0x00000a8d       0x22 C:/ST/STM32CubeIDE_1.19.0/STM32CubeIDE/plugins/com.st.stm32cube.ide.mcu.externaltools.gnu-tools-for-stm32.13.3.rel1.win32_1.0.0.202411081344/tools/bin/../lib/gcc/arm-none-eabi/13.3.1/thumb/v7e-m+fp/hard\libgcc.a(_arm_addsubdf3.o)
 .ARM.attributes
                0x00000aaf       0x22 C:/ST/STM32CubeIDE_1.19.0/STM32CubeIDE/plugins/com.st.stm32cube.ide.mcu.externaltools.gnu-tools-for-stm32.13.3.rel1.win32_1.0.0.202411081344/tools/bin/../lib/gcc/arm-none-eabi/13.3.1/thumb/v7e-m+fp/hard\libgcc.a(_arm_cmpdf2.o)
 .ARM.attributes
                0x00000ad1       0x22 C:/ST/STM32CubeIDE_1.19.0/STM32CubeIDE/plugins/com.st.stm32cube.ide.mcu.externaltools.gnu-tools-for-stm32.13.3.rel1.win32_1.0.0.202411081344/tools/bin/../lib/gcc/arm-none-eabi/13.3.1/thumb/v7e-m+fp/hard\libgcc.a(_arm_truncdfsf2.o)
 .ARM.attributes
                0x00000af3       0x22 C:/ST/STM32CubeIDE_1.19.0/STM32CubeIDE/plugins/com.st.stm32cube.ide.mcu.externaltools.gnu-tools-for-stm32.13.3.rel1.win32_1.0.0.202411081344/tools/bin/../lib/gcc/arm-none-eabi/13.3.1/thumb/v7e-m+fp/hard\libgcc.a(_aeabi_uldivmod.o)
 .ARM.attributes
                0x00000b15       0x34 C:/ST/STM32CubeIDE_1.19.0/STM32CubeIDE/plugins/com.st.stm32cube.ide.mcu.externaltools.gnu-tools-for-stm32.13.3.rel1.win32_1.0.0.202411081344/tools/bin/../lib/gcc/arm-none-eabi/13.3.1/thumb/v7e-m+fp/hard\libgcc.a(_udivmoddi4.o)
 .ARM.attributes
                0x00000b49       0x22 C:/ST/STM32CubeIDE_1.19.0/STM32CubeIDE/plugins/com.st.stm32cube.ide.mcu.externaltools.gnu-tools-for-stm32.13.3.rel1.win32_1.0.0.202411081344/tools/bin/../lib/gcc/arm-none-eabi/13.3.1/thumb/v7e-m+fp/hard\libgcc.a(_dvmd_tls.o)
 .ARM.attributes
                0x00000b6b       0x22 C:/ST/STM32CubeIDE_1.19.0/STM32CubeIDE/plugins/com.st.stm32cube.ide.mcu.externaltools.gnu-tools-for-stm32.13.3.rel1.win32_1.0.0.202411081344/tools/bin/../lib/gcc/arm-none-eabi/13.3.1/thumb/v7e-m+fp/hard/crtn.o
OUTPUT(Base_System.elf elf32-littlearm)
LOAD linker stubs
LOAD C:/ST/STM32CubeIDE_1.19.0/STM32CubeIDE/plugins/com.st.stm32cube.ide.mcu.externaltools.gnu-tools-for-stm32.13.3.rel1.win32_1.0.0.202411081344/tools/bin/../lib/gcc/arm-none-eabi/13.3.1/../../../../arm-none-eabi/lib/thumb/v7e-m+fp/hard\libc.a
LOAD C:/ST/STM32CubeIDE_1.19.0/STM32CubeIDE/plugins/com.st.stm32cube.ide.mcu.externaltools.gnu-tools-for-stm32.13.3.rel1.win32_1.0.0.202411081344/tools/bin/../lib/gcc/arm-none-eabi/13.3.1/../../../../arm-none-eabi/lib/thumb/v7e-m+fp/hard\libm.a
LOAD C:/ST/STM32CubeIDE_1.19.0/STM32CubeIDE/plugins/com.st.stm32cube.ide.mcu.externaltools.gnu-tools-for-stm32.13.3.rel1.win32_1.0.0.202411081344/tools/bin/../lib/gcc/arm-none-eabi/13.3.1/thumb/v7e-m+fp/hard\libgcc.a

.debug_info     0x00000000    0x265d5
 .debug_info    0x00000000     0x179f ./Core/Src/BaseSystem.o
 .debug_info    0x0000179f      0xe0d ./Core/Src/cascade.o
 .debug_info    0x000025ac      0x5ac ./Core/Src/dma.o
 .debug_info    0x00002b58      0x530 ./Core/Src/elec_cabient.o
 .debug_info    0x00003088      0xb6a ./Core/Src/fdcan.o
 .debug_info    0x00003bf2      0x763 ./Core/Src/gpio.o
 .debug_info    0x00004355      0xb12 ./Core/Src/gripper_can.o
 .debug_info    0x00004e67      0x85f ./Core/Src/kalman.o
 .debug_info    0x000056c6     0x3280 ./Core/Src/main.o
 .debug_info    0x00008946     0x2141 ./Core/Src/robot_process.o
 .debug_info    0x0000aa87      0x2da ./Core/Src/stm32g4xx_hal_msp.o
 .debug_info    0x0000ad61      0xfae ./Core/Src/stm32g4xx_it.o
 .debug_info    0x0000bd0f      0xe15 ./Core/Src/system_state.o
 .debug_info    0x0000cb24      0x58e ./Core/Src/system_stm32g4xx.o
 .debug_info    0x0000d0b2     0x1714 ./Core/Src/tim.o
 .debug_info    0x0000e7c6     0x155f ./Core/Src/trajectory.o
 .debug_info    0x0000fd25     0x11c8 ./Core/Src/usart.o
 .debug_info    0x00010eed       0x30 ./Core/Startup/startup_stm32g474retx.o
 .debug_info    0x00010f1d      0xb95 ./Drivers/STM32G4xx_HAL_Driver/Src/stm32g4xx_hal.o
 .debug_info    0x00011ab2      0xdf9 ./Drivers/STM32G4xx_HAL_Driver/Src/stm32g4xx_hal_cortex.o
 .debug_info    0x000128ab      0x85f ./Drivers/STM32G4xx_HAL_Driver/Src/stm32g4xx_hal_dma.o
 .debug_info    0x0001310a     0x18ba ./Drivers/STM32G4xx_HAL_Driver/Src/stm32g4xx_hal_fdcan.o
 .debug_info    0x000149c4      0x772 ./Drivers/STM32G4xx_HAL_Driver/Src/stm32g4xx_hal_gpio.o
 .debug_info    0x00015136      0x944 ./Drivers/STM32G4xx_HAL_Driver/Src/stm32g4xx_hal_pwr_ex.o
 .debug_info    0x00015a7a      0xbf9 ./Drivers/STM32G4xx_HAL_Driver/Src/stm32g4xx_hal_rcc.o
 .debug_info    0x00016673      0xc5d ./Drivers/STM32G4xx_HAL_Driver/Src/stm32g4xx_hal_rcc_ex.o
 .debug_info    0x000172d0     0x301a ./Drivers/STM32G4xx_HAL_Driver/Src/stm32g4xx_hal_tim.o
 .debug_info    0x0001a2ea     0x1f5e ./Drivers/STM32G4xx_HAL_Driver/Src/stm32g4xx_hal_tim_ex.o
 .debug_info    0x0001c248     0x4b08 ./Drivers/STM32G4xx_HAL_Driver/Src/stm32g4xx_hal_uart.o
 .debug_info    0x00020d50     0x10c7 ./Drivers/STM32G4xx_HAL_Driver/Src/stm32g4xx_hal_uart_ex.o
 .debug_info    0x00021e17      0xc1e ../Middlewares/Third_Party/ARM_CMSIS/CMSIS/DSP/Lib/GCC\libarm_cortexM4lf_math.a(arm_mat_trans_f32.o)
 .debug_info    0x00022a35      0xbf9 ../Middlewares/Third_Party/ARM_CMSIS/CMSIS/DSP/Lib/GCC\libarm_cortexM4lf_math.a(arm_mat_sub_f32.o)
 .debug_info    0x0002362e      0xbe5 ../Middlewares/Third_Party/ARM_CMSIS/CMSIS/DSP/Lib/GCC\libarm_cortexM4lf_math.a(arm_mat_scale_f32.o)
 .debug_info    0x00024213      0xcbd ../Middlewares/Third_Party/ARM_CMSIS/CMSIS/DSP/Lib/GCC\libarm_cortexM4lf_math.a(arm_mat_mult_f32.o)
 .debug_info    0x00024ed0      0xb0c ../Middlewares/Third_Party/ARM_CMSIS/CMSIS/DSP/Lib/GCC\libarm_cortexM4lf_math.a(arm_mat_init_f32.o)
 .debug_info    0x000259dc      0xbf9 ../Middlewares/Third_Party/ARM_CMSIS/CMSIS/DSP/Lib/GCC\libarm_cortexM4lf_math.a(arm_mat_add_f32.o)

.debug_abbrev   0x00000000     0x4fb5
 .debug_abbrev  0x00000000      0x35f ./Core/Src/BaseSystem.o
 .debug_abbrev  0x0000035f      0x248 ./Core/Src/cascade.o
 .debug_abbrev  0x000005a7      0x109 ./Core/Src/dma.o
 .debug_abbrev  0x000006b0      0x1d3 ./Core/Src/elec_cabient.o
 .debug_abbrev  0x00000883      0x1d3 ./Core/Src/fdcan.o
 .debug_abbrev  0x00000a56      0x162 ./Core/Src/gpio.o
 .debug_abbrev  0x00000bb8      0x207 ./Core/Src/gripper_can.o
 .debug_abbrev  0x00000dbf      0x1ea ./Core/Src/kalman.o